******************************************************************************
                  TI ARM Linker PC v5.2.7                      
******************************************************************************
>> Linked Mon Mar 06 10:48:24 2017

OUTPUT FILE NAME:   <AD7294.out>
ENTRY POINT SYMBOL: "_c_int00"  address: 000031e9


MEMORY CONFIGURATION

         name            origin    length      used     unused   attr    fill
----------------------  --------  ---------  --------  --------  ----  --------
  FLASH                 00000000   00040000  000042c4  0003bd3c  R  X
  SRAM                  20000000   00008000  00001560  00006aa0  RW X


SEGMENT ALLOCATION MAP

run origin  load origin   length   init length attrs members
----------  ----------- ---------- ----------- ----- -------
00000000    00000000    000042c8   000042c8    r-x
  00000000    00000000    0000026c   0000026c    r-- .intvecs
  0000026c    0000026c    00003530   00003530    r-x .text
  0000379c    0000379c    00000ac0   00000ac0    r-- .const
  00004260    00004260    00000068   00000068    r-- .cinit
20000000    20000000    00001560   00000000    rw-
  20000000    20000000    00001000   00000000    rw- .stack
  20001000    20001000    00000488   00000000    rw- .bss
  20001488    20001488    000000d8   00000000    rw- .data


SECTION ALLOCATION MAP

 output                                  attributes/
section   page    origin      length       input sections
--------  ----  ----------  ----------   ----------------
.intvecs   0    00000000    0000026c     
                  00000000    0000026c     tm4c123gh6pm_startup_ccs.obj (.intvecs)

.text      0    0000026c    00003530     
                  0000026c    00000970     AD7294_main.obj (.text:main)
                  00000bdc    00000438     ustdlib.obj (.text:uvsnprintf)
                  00001014    0000030c     uartstdio.obj (.text:UARTvprintf)
                  00001320    000002f4     Kentec320x240x16_ssd2119_8bit.obj (.text:Kentec320x240x16_SSD2119Init)
                  00001614    00000266     grlib.lib : string.obj (.text:GrFontGlyphRender)
                  0000187a    00000002     tm4c123gh6pm_startup_ccs.obj (.text:FaultISR)
                  0000187c    00000208     Kentec320x240x16_ssd2119_8bit.obj (.text:Kentec320x240x16_SSD2119PixelDrawMultiple)
                  00001a84    000001e4     AD7294_main.obj (.text:Init_AD7294)
                  00001c68    000001b6     rtsv7M4_T_le_v4SPD16_eabi.lib : fd_add_t2.obj (.text)
                  00001e1e    00000002     tm4c123gh6pm_startup_ccs.obj (.text:IntDefaultHandler)
                  00001e20    00000160     Kentec320x240x16_ssd2119_8bit.obj (.text:Kentec320x240x16_SSD2119RectFill)
                  00001f80    00000140     rgb.obj (.text:RGBInit)
                  000020c0    00000120     AD7294_main.obj (.text:I2CSend)
                  000021e0    000000dc     AD7294_main.obj (.text:I2CReceive2)
                  000022bc    000000d8     rgb.obj (.text:RGBEnable)
                  00002394    000000ca     grlib.lib : string.obj (.text:GrDefaultStringRenderer)
                  0000245e    00000002     tm4c123gh6pm_startup_ccs.obj (.text:NmiSR)
                  00002460    000000c4     rgb.obj (.text:RGBColorSet)
                  00002524    000000b8     driverlib.lib : gpio.obj (.text:GPIOPadConfigSet)
                  000025dc    0000009c     AD7294_main.obj (.text:InitI2C3)
                  00002678    0000009c     rtsv7M4_T_le_v4SPD16_eabi.lib : memcpy_t2.obj (.text)
                  00002714    00000098     Kentec320x240x16_ssd2119_8bit.obj (.text:InitGPIOLCDInterface)
                  000027ac    00000090     Kentec320x240x16_ssd2119_8bit.obj (.text:Kentec320x240x16_SSD2119LineDrawH)
                  0000283c    00000090     Kentec320x240x16_ssd2119_8bit.obj (.text:Kentec320x240x16_SSD2119LineDrawV)
                  000028cc    00000086     grlib.lib : rectangle.obj (.text:GrRectFill)
                  00002952    00000086     rtsv7M4_T_le_v4SPD16_eabi.lib : fd_cmp_t2.obj (.text:__aeabi_cdcmple)
                  000029d8    00000086                                   : fd_cmp_t2.obj (.text:__aeabi_cdrcmple)
                  00002a5e    00000002                                   : i_div0.obj (.text)
                  00002a60    0000007c     Kentec320x240x16_ssd2119_8bit.obj (.text:WriteCommandGPIO)
                  00002adc    0000007a     rtsv7M4_T_le_v4SPD16_eabi.lib : memset_t2.obj (.text)
                  00002b56    00000002     --HOLE-- [fill = 0]
                  00002b58    00000074     AD7294_main.obj (.text:ConfigureUART)
                  00002bcc    00000074     AD7294_main.obj (.text:I2CReceive)
                  00002c40    00000074     uartstdio.obj (.text:UARTStdioConfig)
                  00002cb4    00000074     Kentec320x240x16_ssd2119_8bit.obj (.text:WriteDataGPIO)
                  00002d28    0000006e     rtsv7M4_T_le_v4SPD16_eabi.lib : fd_tos_t2.obj (.text)
                  00002d96    00000002     --HOLE-- [fill = 0]
                  00002d98    0000006c     AD7294_main.obj (.text:I2CAvailable)
                  00002e04    0000006c     rtsv7M4_T_le_v4SPD16_eabi.lib : autoinit.obj (.text)
                  00002e70    0000006a     grlib.lib : string.obj (.text:GrStringWidthGet)
                  00002eda    0000006a     rtsv7M4_T_le_v4SPD16_eabi.lib : copy_decompress_rle.obj (.text)
                  00002f44    00000066     grlib.lib : rectangle.obj (.text:GrRectDraw)
                  00002faa    00000002     --HOLE-- [fill = 0]
                  00002fac    00000064               : context.obj (.text:GrContextInit)
                  00003010    00000064     Kentec320x240x16_ssd2119_8bit.obj (.text:Kentec320x240x16_SSD2119PixelDraw)
                  00003074    00000064     AD7294_main.obj (.text:float_to_int_and_fract)
                  000030d8    0000005c     grlib.lib : string.obj (.text:FontWideGlyphDataGet)
                  00003134    0000005c     uartstdio.obj (.text:UARTwrite)
                  00003190    00000058     ustdlib.obj (.text:ustrncpy)
                  000031e8    00000050     rtsv7M4_T_le_v4SPD16_eabi.lib : boot.obj (.text)
                  00003238    0000004c                                   : cpy_tbl.obj (.text)
                  00003284    0000004a     grlib.lib : string.obj (.text:UpdateContextCharMapping)
                  000032ce    00000002     --HOLE-- [fill = 0]
                  000032d0    00000048     driverlib.lib : i2c.obj (.text:I2CMasterInitExpClk)
                  00003318    00000046     grlib.lib : line.obj (.text:GrLineDrawH)
                  0000335e    00000046               : line.obj (.text:GrLineDrawV)
                  000033a4    00000044     rtsv7M4_T_le_v4SPD16_eabi.lib : exit.obj (.text)
                  000033e8    00000040                                   : u_divt2.obj (.text)
                  00003428    0000003a     grlib.lib : string.obj (.text:FontGlyphDataGet)
                  00003462    00000038     rtsv7M4_T_le_v4SPD16_eabi.lib : fs_tod_t2.obj (.text)
                  0000349a    00000002     --HOLE-- [fill = 0]
                  0000349c    00000034     driverlib.lib : sysctl.obj (.text:SysCtlPeripheralEnable)
                  000034d0    00000032     ustdlib.obj (.text:usprintf)
                  00003502    0000002a     driverlib.lib : gpio.obj (.text:GPIODirModeSet)
                  0000352c    0000002a     grlib.lib : string.obj (.text:GrFontBaselineGet)
                  00003556    0000002a               : string.obj (.text:GrStringNextCharGet)
                  00003580    00000028     Kentec320x240x16_ssd2119_8bit.obj (.text:Kentec320x240x16_SSD2119ColorTranslate)
                  000035a8    00000026     grlib.lib : string.obj (.text:GrFontInfoGet)
                  000035ce    00000024     uartstdio.obj (.text:UARTprintf)
                  000035f2    00000002     --HOLE-- [fill = 0]
                  000035f4    00000024     ustdlib.obj (.text:urand)
                  00003618    00000022     grlib.lib : string.obj (.text:GrFontGlyphDataGet)
                  0000363a    00000020     rtsv7M4_T_le_v4SPD16_eabi.lib : u_tofd_t2.obj (.text)
                  0000365a    0000001e     grlib.lib : string.obj (.text:GrFontCodepageGet)
                  00003678    0000001c     rgb.obj (.text:RGBIntensitySet)
                  00003694    00000018     rtsv7M4_T_le_v4SPD16_eabi.lib : args_main.obj (.text)
                  000036ac    00000014                                   : _lock.obj (.text)
                  000036c0    00000012     driverlib.lib : gpio.obj (.text:GPIOPinTypeGPIOOutput)
                  000036d2    00000012     grlib.lib : string.obj (.text:GrStringDraw)
                  000036e4    00000010     driverlib.lib : fpu.obj (.text:FPUEnable)
                  000036f4    00000010                   : fpu.obj (.text:FPULazyStackingEnable)
                  00003704    00000010                   : udma.obj (.text:uDMAEnable)
                  00003714    0000000e     rtsv7M4_T_le_v4SPD16_eabi.lib : copy_decompress_none.obj (.text:decompress:none)
                  00003722    0000000c                                   : copy_zero_init.obj (.text:decompress:ZI)
                  0000372e    00000002     --HOLE-- [fill = 0]
                  00003730    0000000c     driverlib.lib : udma.obj (.text:uDMAControlBaseSet)
                  0000373c    0000000a                   : i2c.obj (.text:I2CMasterEnable)
                  00003746    0000000a     Kentec320x240x16_ssd2119_8bit.obj (.text:Kentec320x240x16_SSD2119Flush)
                  00003750    00000008     grlib.lib : charmap.obj (.text:GrMapISO8859_1_Unicode)
                  00003758    00000008     driverlib.lib : i2c.obj (.text:I2CMasterBusy)
                  00003760    00000008                   : i2c.obj (.text:I2CMasterSlaveAddrSet)
                  00003768    00000006                   : gpio.obj (.text:GPIOPinWrite)
                  0000376e    00000006     grlib.lib : string.obj (.text:GrContextFontSet)
                  00003774    00000006     tm4c123gh6pm_startup_ccs.obj (.text:ResetISR)
                  0000377a    00000006     driverlib.lib : sysctl.obj (.text:SysCtlDelay)
                  00003780    00000006                   : uart.obj (.text:UARTClockSourceSet)
                  00003786    00000006     rtsv7M4_T_le_v4SPD16_eabi.lib : copy_decompress_rle.obj (.text:decompress:rle24)
                  0000378c    00000004     driverlib.lib : i2c.obj (.text:I2CMasterControl)
                  00003790    00000004                   : i2c.obj (.text:I2CMasterDataGet)
                  00003794    00000004                   : i2c.obj (.text:I2CMasterDataPut)
                  00003798    00000004     rtsv7M4_T_le_v4SPD16_eabi.lib : pre_init.obj (.text)

.const     0    0000379c    00000ac0     
                  0000379c    0000095e     grlib.lib : fontcm20.obj (.const:.string:g_pui8Cm20Data)
                  000040fa    00000002     --HOLE-- [fill = 0]
                  000040fc    000000c8               : fontcm20.obj (.const:g_sFontCm20)
                  000041c4    00000028     Kentec320x240x16_ssd2119_8bit.obj (.const:g_sKentec320x240x16_SSD2119)
                  000041ec    0000001c     uartstdio.obj (.const)
                  00004208    0000001c     ustdlib.obj (.const)
                  00004224    00000012     uartstdio.obj (.const:.string)
                  00004236    00000002     --HOLE-- [fill = 0]
                  00004238    00000012     ustdlib.obj (.const:.string)
                  0000424a    00000002     --HOLE-- [fill = 0]
                  0000424c    00000010     grlib.lib : context.obj (.const)

.cinit     0    00004260    00000068     
                  00004260    0000003d     (.cinit..data.load) [load image, compression = rle]
                  0000429d    00000003     --HOLE-- [fill = 0]
                  000042a0    0000000c     (__TI_handler_table)
                  000042ac    00000004     --HOLE-- [fill = 0]
                  000042b0    00000008     (.cinit..bss.load) [load image, compression = zero_init]
                  000042b8    00000010     (__TI_cinit_table)

.init_array 
*          0    00000000    00000000     UNINITIALIZED

.stack     0    20000000    00001000     UNINITIALIZED
                  20000000    00001000     --HOLE--

.bss       0    20001000    00000488     UNINITIALIZED
                  20001000    00000400     AD7294_main.obj (.bss:sDMAControlTable)
                  20001400    0000000c     (.common:g_pui32Colors)
                  2000140c    0000000c     (.common:g_ui32Colors)
                  20001418    0000000c     (.common:isense1_string$5)
                  20001424    0000000c     (.common:isense2_string$6)
                  20001430    0000000c     (.common:temp1_string$7)
                  2000143c    0000000c     (.common:temp2_string$8)
                  20001448    0000000c     (.common:tempint_string$9)
                  20001454    0000000c     (.common:vin0_string$1)
                  20001460    0000000c     (.common:vin1_string$2)
                  2000146c    0000000c     (.common:vin2_string$3)
                  20001478    0000000c     (.common:vin3_string$4)
                  20001484    00000004     grlib.lib : context.obj (.bss)

.TI.noinit 
*          0    20001000    00000000     UNINITIALIZED

.data      0    20001488    000000d8     UNINITIALIZED
                  20001488    000000ab     AD7294_main.obj (.data)
                  20001533    00000001     --HOLE--
                  20001534    00000008     Kentec320x240x16_ssd2119_8bit.obj (.data)
                  2000153c    00000008     rtsv7M4_T_le_v4SPD16_eabi.lib : _lock.obj (.data)
                  20001544    00000008                                   : exit.obj (.data)
                  2000154c    00000005     uartstdio.obj (.data)
                  20001551    00000003     --HOLE--
                  20001554    00000004     rgb.obj (.data)
                  20001558    00000004     rtsv7M4_T_le_v4SPD16_eabi.lib : stkdepth_vars.obj (.data)
                  2000155c    00000004     ustdlib.obj (.data)

.TI.persistent 
*          0    20001488    00000000     UNINITIALIZED


LINKER GENERATED COPY TABLES

__TI_cinit_table @ 000042b8 records: 2, size/record: 8, table size: 16
	.data: load addr=00004260, load size=0000003d bytes, run addr=20001488, run size=000000d8 bytes, compression=rle
	.bss: load addr=000042b0, load size=00000008 bytes, run addr=20001000, run size=00000488 bytes, compression=zero_init


LINKER GENERATED HANDLER TABLE

__TI_handler_table @ 000042a0 records: 3, size/record: 4, table size: 12
	index: 0, handler: __TI_decompress_rle24
	index: 1, handler: __TI_decompress_none
	index: 2, handler: __TI_zero_init


GLOBAL SYMBOLS: SORTED ALPHABETICALLY BY Name 

address   name                        
-------   ----                        
000033a5  C$$EXIT                     
00002b59  ConfigureUART               
000036e5  FPUEnable                   
000036f5  FPULazyStackingEnable       
00003503  GPIODirModeSet              
00002525  GPIOPadConfigSet            
000036c1  GPIOPinTypeGPIOOutput       
00003769  GPIOPinWrite                
0000376f  GrContextFontSet            
00002fad  GrContextInit               
00002395  GrDefaultStringRenderer     
0000352d  GrFontBaselineGet           
0000365b  GrFontCodepageGet           
00003619  GrFontGlyphDataGet          
00001615  GrFontGlyphRender           
000035a9  GrFontInfoGet               
00003319  GrLineDrawH                 
0000335f  GrLineDrawV                 
00003751  GrMapISO8859_1_Unicode      
00002f45  GrRectDraw                  
000028cd  GrRectFill                  
000036d3  GrStringDraw                
00003557  GrStringNextCharGet         
00002e71  GrStringWidthGet            
00002d99  I2CAvailable                
00003759  I2CMasterBusy               
0000378d  I2CMasterControl            
00003791  I2CMasterDataGet            
00003795  I2CMasterDataPut            
0000373d  I2CMasterEnable             
000032d1  I2CMasterInitExpClk         
00003761  I2CMasterSlaveAddrSet       
00002bcd  I2CReceive                  
000021e1  I2CReceive2                 
000020c1  I2CSend                     
000025dd  InitI2C3                    
00001a85  Init_AD7294                 
00001321  Kentec320x240x16_SSD2119Init
00002461  RGBColorSet                 
000022bd  RGBEnable                   
00001f81  RGBInit                     
00003679  RGBIntensitySet             
00003775  ResetISR                    
UNDEFED   SHT$$INIT_ARRAY$$Base       
UNDEFED   SHT$$INIT_ARRAY$$Limit      
0000377b  SysCtlDelay                 
0000349d  SysCtlPeripheralEnable      
20001532  SysTick_Semafore            
00003781  UARTClockSourceSet          
00002c41  UARTStdioConfig             
000035cf  UARTprintf                  
00001015  UARTvprintf                 
00003135  UARTwrite                   
20001538  WriteCommand                
20001534  WriteData                   
20001000  __STACK_END                 
00001000  __STACK_SIZE                
20000200  __STACK_TOP                 
000042b8  __TI_CINIT_Base             
000042c8  __TI_CINIT_Limit            
000042a0  __TI_Handler_Table_Base     
000042ac  __TI_Handler_Table_Limit    
00002e05  __TI_auto_init              
20001544  __TI_cleanup_ptr            
00003715  __TI_decompress_none        
00003787  __TI_decompress_rle24       
20001548  __TI_dtors_ptr              
00000000  __TI_static_base__          
00003723  __TI_zero_init              
00002953  __aeabi_cdcmpeq             
00002953  __aeabi_cdcmple             
000029d9  __aeabi_cdrcmple            
00002d29  __aeabi_d2f                 
00001c73  __aeabi_dadd                
00001c69  __aeabi_dsub                
00003463  __aeabi_f2d                 
00002a5f  __aeabi_idiv0               
00002add  __aeabi_memclr              
00002add  __aeabi_memclr4             
00002add  __aeabi_memclr8             
00002679  __aeabi_memcpy              
00002679  __aeabi_memcpy4             
00002679  __aeabi_memcpy8             
00002adf  __aeabi_memset              
00002adf  __aeabi_memset4             
00002adf  __aeabi_memset8             
0000363b  __aeabi_ui2d                
000033e9  __aeabi_uidiv               
000033e9  __aeabi_uidivmod            
ffffffff  __binit__                   
ffffffff  __c_args__                  
20000000  __stack                     
00003695  _args_main                  
000031e9  _c_int00                    
2000153c  _lock                       
000036bb  _nop                        
000036b3  _register_lock              
000036ad  _register_unlock            
00003799  _system_pre_init            
20001540  _unlock                     
000033a9  abort                       
ffffffff  binit                       
00003239  copy_in                     
000033b1  exit                        
20001518  fADC_Val                    
20001500  fBIsense1                   
2000150c  fBIsense2                   
200014ac  fBTemp1                     
200014b8  fBTemp2                     
200014c4  fBTempInt                   
200014d0  fBVin0                      
200014dc  fBVin1                      
200014e8  fBVin2                      
200014f4  fBVin3                      
200014a4  fIsense1                    
200014a8  fIsense2                    
2000151c  fRsense                     
20001488  fTemp1                      
2000148c  fTemp2                      
20001490  fTempInt                    
20001494  fVin0                       
20001498  fVin1                       
2000149c  fVin2                       
200014a0  fVin3                       
20001520  fVref0                      
20001524  fVref1                      
20001528  fVref2                      
2000152c  fVref3                      
00003075  float_to_int_and_fract      
00000000  g_pfnVectors                
0000424c  g_psDefaultCodePointMapTable
20001400  g_pui32Colors               
000040fc  g_sFontCm20                 
000041c4  g_sKentec320x240x16_SSD2119 
20001530  i16average                  
0000026d  main                        
20001558  main_func_sp                
00002679  memcpy                      
00002ae5  memset                      
20001000  sDMAControlTable            
00003731  uDMAControlBaseSet          
00003705  uDMAEnable                  
000035f5  urand                       
000034d1  usprintf                    
00003191  ustrncpy                    
00000bdd  uvsnprintf                  


GLOBAL SYMBOLS: SORTED BY Symbol Address 

address   name                        
-------   ----                        
00000000  __TI_static_base__          
00000000  g_pfnVectors                
0000026d  main                        
00000bdd  uvsnprintf                  
00001000  __STACK_SIZE                
00001015  UARTvprintf                 
00001321  Kentec320x240x16_SSD2119Init
00001615  GrFontGlyphRender           
00001a85  Init_AD7294                 
00001c69  __aeabi_dsub                
00001c73  __aeabi_dadd                
00001f81  RGBInit                     
000020c1  I2CSend                     
000021e1  I2CReceive2                 
000022bd  RGBEnable                   
00002395  GrDefaultStringRenderer     
00002461  RGBColorSet                 
00002525  GPIOPadConfigSet            
000025dd  InitI2C3                    
00002679  __aeabi_memcpy              
00002679  __aeabi_memcpy4             
00002679  __aeabi_memcpy8             
00002679  memcpy                      
000028cd  GrRectFill                  
00002953  __aeabi_cdcmpeq             
00002953  __aeabi_cdcmple             
000029d9  __aeabi_cdrcmple            
00002a5f  __aeabi_idiv0               
00002add  __aeabi_memclr              
00002add  __aeabi_memclr4             
00002add  __aeabi_memclr8             
00002adf  __aeabi_memset              
00002adf  __aeabi_memset4             
00002adf  __aeabi_memset8             
00002ae5  memset                      
00002b59  ConfigureUART               
00002bcd  I2CReceive                  
00002c41  UARTStdioConfig             
00002d29  __aeabi_d2f                 
00002d99  I2CAvailable                
00002e05  __TI_auto_init              
00002e71  GrStringWidthGet            
00002f45  GrRectDraw                  
00002fad  GrContextInit               
00003075  float_to_int_and_fract      
00003135  UARTwrite                   
00003191  ustrncpy                    
000031e9  _c_int00                    
00003239  copy_in                     
000032d1  I2CMasterInitExpClk         
00003319  GrLineDrawH                 
0000335f  GrLineDrawV                 
000033a5  C$$EXIT                     
000033a9  abort                       
000033b1  exit                        
000033e9  __aeabi_uidiv               
000033e9  __aeabi_uidivmod            
00003463  __aeabi_f2d                 
0000349d  SysCtlPeripheralEnable      
000034d1  usprintf                    
00003503  GPIODirModeSet              
0000352d  GrFontBaselineGet           
00003557  GrStringNextCharGet         
000035a9  GrFontInfoGet               
000035cf  UARTprintf                  
000035f5  urand                       
00003619  GrFontGlyphDataGet          
0000363b  __aeabi_ui2d                
0000365b  GrFontCodepageGet           
00003679  RGBIntensitySet             
00003695  _args_main                  
000036ad  _register_unlock            
000036b3  _register_lock              
000036bb  _nop                        
000036c1  GPIOPinTypeGPIOOutput       
000036d3  GrStringDraw                
000036e5  FPUEnable                   
000036f5  FPULazyStackingEnable       
00003705  uDMAEnable                  
00003715  __TI_decompress_none        
00003723  __TI_zero_init              
00003731  uDMAControlBaseSet          
0000373d  I2CMasterEnable             
00003751  GrMapISO8859_1_Unicode      
00003759  I2CMasterBusy               
00003761  I2CMasterSlaveAddrSet       
00003769  GPIOPinWrite                
0000376f  GrContextFontSet            
00003775  ResetISR                    
0000377b  SysCtlDelay                 
00003781  UARTClockSourceSet          
00003787  __TI_decompress_rle24       
0000378d  I2CMasterControl            
00003791  I2CMasterDataGet            
00003795  I2CMasterDataPut            
00003799  _system_pre_init            
000040fc  g_sFontCm20                 
000041c4  g_sKentec320x240x16_SSD2119 
0000424c  g_psDefaultCodePointMapTable
000042a0  __TI_Handler_Table_Base     
000042ac  __TI_Handler_Table_Limit    
000042b8  __TI_CINIT_Base             
000042c8  __TI_CINIT_Limit            
20000000  __stack                     
20000200  __STACK_TOP                 
20001000  __STACK_END                 
20001000  sDMAControlTable            
20001400  g_pui32Colors               
20001488  fTemp1                      
2000148c  fTemp2                      
20001490  fTempInt                    
20001494  fVin0                       
20001498  fVin1                       
2000149c  fVin2                       
200014a0  fVin3                       
200014a4  fIsense1                    
200014a8  fIsense2                    
200014ac  fBTemp1                     
200014b8  fBTemp2                     
200014c4  fBTempInt                   
200014d0  fBVin0                      
200014dc  fBVin1                      
200014e8  fBVin2                      
200014f4  fBVin3                      
20001500  fBIsense1                   
2000150c  fBIsense2                   
20001518  fADC_Val                    
2000151c  fRsense                     
20001520  fVref0                      
20001524  fVref1                      
20001528  fVref2                      
2000152c  fVref3                      
20001530  i16average                  
20001532  SysTick_Semafore            
20001534  WriteData                   
20001538  WriteCommand                
2000153c  _lock                       
20001540  _unlock                     
20001544  __TI_cleanup_ptr            
20001548  __TI_dtors_ptr              
20001558  main_func_sp                
ffffffff  __binit__                   
ffffffff  __c_args__                  
ffffffff  binit                       
UNDEFED   SHT$$INIT_ARRAY$$Base       
UNDEFED   SHT$$INIT_ARRAY$$Limit      

[146 symbols]
