<?xml version="1.0"?>
<link_info>
   <banner>TI ARM Linker PC v5.2.7</banner>
   <copyright>Copyright (c) 1996-2015 Texas Instruments Incorporated</copyright>
   <link_time>0x58bd84c8</link_time>
   <link_errors>0x0</link_errors>
   <output_file>AD7294.out</output_file>
   <entry_point>
      <name>_c_int00</name>
      <address>0x31e9</address>
   </entry_point>
   <input_file_list>
      <input_file id="fl-2">
         <path>.\</path>
         <kind>object</kind>
         <file>AD7294.obj</file>
         <name>AD7294.obj</name>
      </input_file>
      <input_file id="fl-3">
         <path>.\</path>
         <kind>object</kind>
         <file>AD7294_main.obj</file>
         <name>AD7294_main.obj</name>
      </input_file>
      <input_file id="fl-4">
         <path>.\</path>
         <kind>object</kind>
         <file>Kentec320x240x16_ssd2119_8bit.obj</file>
         <name>Kentec320x240x16_ssd2119_8bit.obj</name>
      </input_file>
      <input_file id="fl-5">
         <path>.\</path>
         <kind>object</kind>
         <file>images.obj</file>
         <name>images.obj</name>
      </input_file>
      <input_file id="fl-6">
         <path>.\</path>
         <kind>object</kind>
         <file>tm4c123gh6pm_startup_ccs.obj</file>
         <name>tm4c123gh6pm_startup_ccs.obj</name>
      </input_file>
      <input_file id="fl-7">
         <path>.\</path>
         <kind>object</kind>
         <file>touch.obj</file>
         <name>touch.obj</name>
      </input_file>
      <input_file id="fl-8">
         <path>.\</path>
         <kind>object</kind>
         <file>ustdlib.obj</file>
         <name>ustdlib.obj</name>
      </input_file>
      <input_file id="fl-9">
         <path>.\utils\</path>
         <kind>object</kind>
         <file>uartstdio.obj</file>
         <name>uartstdio.obj</name>
      </input_file>
      <input_file id="fl-a">
         <path>.\drivers\</path>
         <kind>object</kind>
         <file>rgb.obj</file>
         <name>rgb.obj</name>
      </input_file>
      <input_file id="fl-133">
         <path>C:\ti\ccsv6\tools\compiler\ti-cgt-arm_5.2.7\lib\</path>
         <kind>archive</kind>
         <file>rtsv7M4_T_le_v4SPD16_eabi.lib</file>
         <name>boot.obj</name>
      </input_file>
      <input_file id="fl-134">
         <path>C:\ti\ccsv6\tools\compiler\ti-cgt-arm_5.2.7\lib\</path>
         <kind>archive</kind>
         <file>rtsv7M4_T_le_v4SPD16_eabi.lib</file>
         <name>copy_decompress_none.obj</name>
      </input_file>
      <input_file id="fl-135">
         <path>C:\ti\ccsv6\tools\compiler\ti-cgt-arm_5.2.7\lib\</path>
         <kind>archive</kind>
         <file>rtsv7M4_T_le_v4SPD16_eabi.lib</file>
         <name>copy_decompress_rle.obj</name>
      </input_file>
      <input_file id="fl-136">
         <path>C:\ti\ccsv6\tools\compiler\ti-cgt-arm_5.2.7\lib\</path>
         <kind>archive</kind>
         <file>rtsv7M4_T_le_v4SPD16_eabi.lib</file>
         <name>copy_zero_init.obj</name>
      </input_file>
      <input_file id="fl-137">
         <path>C:\ti\ccsv6\tools\compiler\ti-cgt-arm_5.2.7\lib\</path>
         <kind>archive</kind>
         <file>rtsv7M4_T_le_v4SPD16_eabi.lib</file>
         <name>exit.obj</name>
      </input_file>
      <input_file id="fl-138">
         <path>C:\ti\ccsv6\tools\compiler\ti-cgt-arm_5.2.7\lib\</path>
         <kind>archive</kind>
         <file>rtsv7M4_T_le_v4SPD16_eabi.lib</file>
         <name>fd_add_t2.obj</name>
      </input_file>
      <input_file id="fl-139">
         <path>C:\ti\ccsv6\tools\compiler\ti-cgt-arm_5.2.7\lib\</path>
         <kind>archive</kind>
         <file>rtsv7M4_T_le_v4SPD16_eabi.lib</file>
         <name>fd_cmp_t2.obj</name>
      </input_file>
      <input_file id="fl-13a">
         <path>C:\ti\ccsv6\tools\compiler\ti-cgt-arm_5.2.7\lib\</path>
         <kind>archive</kind>
         <file>rtsv7M4_T_le_v4SPD16_eabi.lib</file>
         <name>fd_div_t2.obj</name>
      </input_file>
      <input_file id="fl-13b">
         <path>C:\ti\ccsv6\tools\compiler\ti-cgt-arm_5.2.7\lib\</path>
         <kind>archive</kind>
         <file>rtsv7M4_T_le_v4SPD16_eabi.lib</file>
         <name>fd_mul_t2.obj</name>
      </input_file>
      <input_file id="fl-13c">
         <path>C:\ti\ccsv6\tools\compiler\ti-cgt-arm_5.2.7\lib\</path>
         <kind>archive</kind>
         <file>rtsv7M4_T_le_v4SPD16_eabi.lib</file>
         <name>fd_tos_t2.obj</name>
      </input_file>
      <input_file id="fl-13d">
         <path>C:\ti\ccsv6\tools\compiler\ti-cgt-arm_5.2.7\lib\</path>
         <kind>archive</kind>
         <file>rtsv7M4_T_le_v4SPD16_eabi.lib</file>
         <name>fs_tod_t2.obj</name>
      </input_file>
      <input_file id="fl-13e">
         <path>C:\ti\ccsv6\tools\compiler\ti-cgt-arm_5.2.7\lib\</path>
         <kind>archive</kind>
         <file>rtsv7M4_T_le_v4SPD16_eabi.lib</file>
         <name>fs_toull_t2.obj</name>
      </input_file>
      <input_file id="fl-13f">
         <path>C:\ti\ccsv6\tools\compiler\ti-cgt-arm_5.2.7\lib\</path>
         <kind>archive</kind>
         <file>rtsv7M4_T_le_v4SPD16_eabi.lib</file>
         <name>i_tofd_t2.obj</name>
      </input_file>
      <input_file id="fl-140">
         <path>C:\ti\ccsv6\tools\compiler\ti-cgt-arm_5.2.7\lib\</path>
         <kind>archive</kind>
         <file>rtsv7M4_T_le_v4SPD16_eabi.lib</file>
         <name>memcpy_t2.obj</name>
      </input_file>
      <input_file id="fl-141">
         <path>C:\ti\ccsv6\tools\compiler\ti-cgt-arm_5.2.7\lib\</path>
         <kind>archive</kind>
         <file>rtsv7M4_T_le_v4SPD16_eabi.lib</file>
         <name>memset_t2.obj</name>
      </input_file>
      <input_file id="fl-142">
         <path>C:\ti\ccsv6\tools\compiler\ti-cgt-arm_5.2.7\lib\</path>
         <kind>archive</kind>
         <file>rtsv7M4_T_le_v4SPD16_eabi.lib</file>
         <name>pre_init.obj</name>
      </input_file>
      <input_file id="fl-143">
         <path>C:\ti\ccsv6\tools\compiler\ti-cgt-arm_5.2.7\lib\</path>
         <kind>archive</kind>
         <file>rtsv7M4_T_le_v4SPD16_eabi.lib</file>
         <name>stkdepth_vars.obj</name>
      </input_file>
      <input_file id="fl-144">
         <path>C:\ti\ccsv6\tools\compiler\ti-cgt-arm_5.2.7\lib\</path>
         <kind>archive</kind>
         <file>rtsv7M4_T_le_v4SPD16_eabi.lib</file>
         <name>u_divt2.obj</name>
      </input_file>
      <input_file id="fl-145">
         <path>C:\ti\ccsv6\tools\compiler\ti-cgt-arm_5.2.7\lib\</path>
         <kind>archive</kind>
         <file>rtsv7M4_T_le_v4SPD16_eabi.lib</file>
         <name>u_tofd_t2.obj</name>
      </input_file>
      <input_file id="fl-146">
         <path>C:\ti\ccsv6\tools\compiler\ti-cgt-arm_5.2.7\lib\</path>
         <kind>archive</kind>
         <file>rtsv7M4_T_le_v4SPD16_eabi.lib</file>
         <name>_lock.obj</name>
      </input_file>
      <input_file id="fl-147">
         <path>C:\ti\ccsv6\tools\compiler\ti-cgt-arm_5.2.7\lib\</path>
         <kind>archive</kind>
         <file>rtsv7M4_T_le_v4SPD16_eabi.lib</file>
         <name>args_main.obj</name>
      </input_file>
      <input_file id="fl-148">
         <path>C:\ti\ccsv6\tools\compiler\ti-cgt-arm_5.2.7\lib\</path>
         <kind>archive</kind>
         <file>rtsv7M4_T_le_v4SPD16_eabi.lib</file>
         <name>autoinit.obj</name>
      </input_file>
      <input_file id="fl-149">
         <path>C:\ti\ccsv6\tools\compiler\ti-cgt-arm_5.2.7\lib\</path>
         <kind>archive</kind>
         <file>rtsv7M4_T_le_v4SPD16_eabi.lib</file>
         <name>cpy_tbl.obj</name>
      </input_file>
      <input_file id="fl-14a">
         <path>C:\ti\ccsv6\tools\compiler\ti-cgt-arm_5.2.7\lib\</path>
         <kind>archive</kind>
         <file>rtsv7M4_T_le_v4SPD16_eabi.lib</file>
         <name>i_div0.obj</name>
      </input_file>
      <input_file id="fl-14b">
         <path>C:\ti\TivaWare_C_Series-1.0\driverlib\ccs\Debug\</path>
         <kind>archive</kind>
         <file>driverlib.lib</file>
         <name>udma.obj</name>
      </input_file>
      <input_file id="fl-14c">
         <path>C:\ti\TivaWare_C_Series-1.0\driverlib\ccs\Debug\</path>
         <kind>archive</kind>
         <file>driverlib.lib</file>
         <name>uart.obj</name>
      </input_file>
      <input_file id="fl-14d">
         <path>C:\ti\TivaWare_C_Series-1.0\driverlib\ccs\Debug\</path>
         <kind>archive</kind>
         <file>driverlib.lib</file>
         <name>timer.obj</name>
      </input_file>
      <input_file id="fl-14e">
         <path>C:\ti\TivaWare_C_Series-1.0\driverlib\ccs\Debug\</path>
         <kind>archive</kind>
         <file>driverlib.lib</file>
         <name>sysctl.obj</name>
      </input_file>
      <input_file id="fl-14f">
         <path>C:\ti\TivaWare_C_Series-1.0\driverlib\ccs\Debug\</path>
         <kind>archive</kind>
         <file>driverlib.lib</file>
         <name>interrupt.obj</name>
      </input_file>
      <input_file id="fl-150">
         <path>C:\ti\TivaWare_C_Series-1.0\driverlib\ccs\Debug\</path>
         <kind>archive</kind>
         <file>driverlib.lib</file>
         <name>i2c.obj</name>
      </input_file>
      <input_file id="fl-151">
         <path>C:\ti\TivaWare_C_Series-1.0\driverlib\ccs\Debug\</path>
         <kind>archive</kind>
         <file>driverlib.lib</file>
         <name>gpio.obj</name>
      </input_file>
      <input_file id="fl-152">
         <path>C:\ti\TivaWare_C_Series-1.0\driverlib\ccs\Debug\</path>
         <kind>archive</kind>
         <file>driverlib.lib</file>
         <name>fpu.obj</name>
      </input_file>
      <input_file id="fl-153">
         <path>C:\ti\TivaWare_C_Series-1.0\driverlib\ccs\Debug\</path>
         <kind>archive</kind>
         <file>driverlib.lib</file>
         <name>cpu.obj</name>
      </input_file>
      <input_file id="fl-154">
         <path>C:\ti\TivaWare_C_Series-1.0\driverlib\ccs\Debug\</path>
         <kind>archive</kind>
         <file>driverlib.lib</file>
         <name>adc.obj</name>
      </input_file>
      <input_file id="fl-155">
         <path>C:\ti\TivaWare_C_Series-1.0\grlib\ccs\Debug\</path>
         <kind>archive</kind>
         <file>grlib.lib</file>
         <name>fontcm20.obj</name>
      </input_file>
      <input_file id="fl-156">
         <path>C:\ti\TivaWare_C_Series-1.0\grlib\ccs\Debug\</path>
         <kind>archive</kind>
         <file>grlib.lib</file>
         <name>string.obj</name>
      </input_file>
      <input_file id="fl-157">
         <path>C:\ti\TivaWare_C_Series-1.0\grlib\ccs\Debug\</path>
         <kind>archive</kind>
         <file>grlib.lib</file>
         <name>rectangle.obj</name>
      </input_file>
      <input_file id="fl-158">
         <path>C:\ti\TivaWare_C_Series-1.0\grlib\ccs\Debug\</path>
         <kind>archive</kind>
         <file>grlib.lib</file>
         <name>line.obj</name>
      </input_file>
      <input_file id="fl-159">
         <path>C:\ti\TivaWare_C_Series-1.0\grlib\ccs\Debug\</path>
         <kind>archive</kind>
         <file>grlib.lib</file>
         <name>context.obj</name>
      </input_file>
      <input_file id="fl-15a">
         <path>C:\ti\TivaWare_C_Series-1.0\grlib\ccs\Debug\</path>
         <kind>archive</kind>
         <file>grlib.lib</file>
         <name>charmap.obj</name>
      </input_file>
   </input_file_list>
   <object_component_list>
      <object_component id="oc-f">
         <name>.intvecs</name>
         <load_address>0x0</load_address>
         <run_address>0x0</run_address>
         <size>0x26c</size>
         <input_file_ref idref="fl-6"/>
      </object_component>
      <object_component id="oc-b2">
         <name>.text:main</name>
         <load_address>0x26c</load_address>
         <run_address>0x26c</run_address>
         <size>0x970</size>
         <input_file_ref idref="fl-3"/>
      </object_component>
      <object_component id="oc-293">
         <name>.text:uvsnprintf</name>
         <load_address>0xbdc</load_address>
         <run_address>0xbdc</run_address>
         <size>0x438</size>
         <input_file_ref idref="fl-8"/>
      </object_component>
      <object_component id="oc-1c1">
         <name>.text:UARTvprintf</name>
         <load_address>0x1014</load_address>
         <run_address>0x1014</run_address>
         <size>0x30c</size>
         <input_file_ref idref="fl-9"/>
      </object_component>
      <object_component id="oc-f7">
         <name>.text:Kentec320x240x16_SSD2119Init</name>
         <load_address>0x1320</load_address>
         <run_address>0x1320</run_address>
         <size>0x2f4</size>
         <input_file_ref idref="fl-4"/>
      </object_component>
      <object_component id="oc-309">
         <name>.text:GrFontGlyphRender</name>
         <load_address>0x1614</load_address>
         <run_address>0x1614</run_address>
         <size>0x266</size>
         <input_file_ref idref="fl-156"/>
      </object_component>
      <object_component id="oc-36">
         <name>.text:FaultISR</name>
         <load_address>0x187a</load_address>
         <run_address>0x187a</run_address>
         <size>0x2</size>
         <input_file_ref idref="fl-6"/>
      </object_component>
      <object_component id="oc-250">
         <name>.text:Kentec320x240x16_SSD2119PixelDrawMultiple</name>
         <load_address>0x187c</load_address>
         <run_address>0x187c</run_address>
         <size>0x208</size>
         <input_file_ref idref="fl-4"/>
      </object_component>
      <object_component id="oc-f1">
         <name>.text:Init_AD7294</name>
         <load_address>0x1a84</load_address>
         <run_address>0x1a84</run_address>
         <size>0x1e4</size>
         <input_file_ref idref="fl-3"/>
      </object_component>
      <object_component id="oc-169">
         <name>.text</name>
         <load_address>0x1c68</load_address>
         <run_address>0x1c68</run_address>
         <size>0x1b6</size>
         <input_file_ref idref="fl-138"/>
      </object_component>
      <object_component id="oc-3c">
         <name>.text:IntDefaultHandler</name>
         <load_address>0x1e1e</load_address>
         <run_address>0x1e1e</run_address>
         <size>0x2</size>
         <input_file_ref idref="fl-6"/>
      </object_component>
      <object_component id="oc-262">
         <name>.text:Kentec320x240x16_SSD2119RectFill</name>
         <load_address>0x1e20</load_address>
         <run_address>0x1e20</run_address>
         <size>0x160</size>
         <input_file_ref idref="fl-4"/>
      </object_component>
      <object_component id="oc-13a">
         <name>.text:RGBInit</name>
         <load_address>0x1f80</load_address>
         <run_address>0x1f80</run_address>
         <size>0x140</size>
         <input_file_ref idref="fl-a"/>
      </object_component>
      <object_component id="oc-1d5">
         <name>.text:I2CSend</name>
         <load_address>0x20c0</load_address>
         <run_address>0x20c0</run_address>
         <size>0x120</size>
         <input_file_ref idref="fl-3"/>
      </object_component>
      <object_component id="oc-1e1">
         <name>.text:I2CReceive2</name>
         <load_address>0x21e0</load_address>
         <run_address>0x21e0</run_address>
         <size>0xdc</size>
         <input_file_ref idref="fl-3"/>
      </object_component>
      <object_component id="oc-14c">
         <name>.text:RGBEnable</name>
         <load_address>0x22bc</load_address>
         <run_address>0x22bc</run_address>
         <size>0xd8</size>
         <input_file_ref idref="fl-a"/>
      </object_component>
      <object_component id="oc-1f2">
         <name>.text:GrDefaultStringRenderer</name>
         <load_address>0x2394</load_address>
         <run_address>0x2394</run_address>
         <size>0xca</size>
         <input_file_ref idref="fl-156"/>
      </object_component>
      <object_component id="oc-30">
         <name>.text:NmiSR</name>
         <load_address>0x245e</load_address>
         <run_address>0x245e</run_address>
         <size>0x2</size>
         <input_file_ref idref="fl-6"/>
      </object_component>
      <object_component id="oc-140">
         <name>.text:RGBColorSet</name>
         <load_address>0x2460</load_address>
         <run_address>0x2460</run_address>
         <size>0xc4</size>
         <input_file_ref idref="fl-a"/>
      </object_component>
      <object_component id="oc-3a5">
         <name>.text:GPIOPadConfigSet</name>
         <load_address>0x2524</load_address>
         <run_address>0x2524</run_address>
         <size>0xb8</size>
         <input_file_ref idref="fl-151"/>
      </object_component>
      <object_component id="oc-eb">
         <name>.text:InitI2C3</name>
         <load_address>0x25dc</load_address>
         <run_address>0x25dc</run_address>
         <size>0x9c</size>
         <input_file_ref idref="fl-3"/>
      </object_component>
      <object_component id="oc-45">
         <name>.text</name>
         <load_address>0x2678</load_address>
         <run_address>0x2678</run_address>
         <size>0x9c</size>
         <input_file_ref idref="fl-140"/>
      </object_component>
      <object_component id="oc-1e8">
         <name>.text:InitGPIOLCDInterface</name>
         <load_address>0x2714</load_address>
         <run_address>0x2714</run_address>
         <size>0x98</size>
         <input_file_ref idref="fl-4"/>
      </object_component>
      <object_component id="oc-256">
         <name>.text:Kentec320x240x16_SSD2119LineDrawH</name>
         <load_address>0x27ac</load_address>
         <run_address>0x27ac</run_address>
         <size>0x90</size>
         <input_file_ref idref="fl-4"/>
      </object_component>
      <object_component id="oc-25c">
         <name>.text:Kentec320x240x16_SSD2119LineDrawV</name>
         <load_address>0x283c</load_address>
         <run_address>0x283c</run_address>
         <size>0x90</size>
         <input_file_ref idref="fl-4"/>
      </object_component>
      <object_component id="oc-103">
         <name>.text:GrRectFill</name>
         <load_address>0x28cc</load_address>
         <run_address>0x28cc</run_address>
         <size>0x86</size>
         <input_file_ref idref="fl-157"/>
      </object_component>
      <object_component id="oc-399">
         <name>.text:__aeabi_cdcmple</name>
         <load_address>0x2952</load_address>
         <run_address>0x2952</run_address>
         <size>0x86</size>
         <input_file_ref idref="fl-139"/>
      </object_component>
      <object_component id="oc-39e">
         <name>.text:__aeabi_cdrcmple</name>
         <load_address>0x29d8</load_address>
         <run_address>0x29d8</run_address>
         <size>0x86</size>
         <input_file_ref idref="fl-139"/>
      </object_component>
      <object_component id="oc-37f">
         <name>.text</name>
         <load_address>0x2a5e</load_address>
         <run_address>0x2a5e</run_address>
         <size>0x2</size>
         <input_file_ref idref="fl-14a"/>
      </object_component>
      <object_component id="oc-2fc">
         <name>.text:WriteCommandGPIO</name>
         <load_address>0x2a60</load_address>
         <run_address>0x2a60</run_address>
         <size>0x7c</size>
         <input_file_ref idref="fl-4"/>
      </object_component>
      <object_component id="oc-5e">
         <name>.text</name>
         <load_address>0x2adc</load_address>
         <run_address>0x2adc</run_address>
         <size>0x7a</size>
         <input_file_ref idref="fl-141"/>
      </object_component>
      <object_component id="oc-df">
         <name>.text:ConfigureUART</name>
         <load_address>0x2b58</load_address>
         <run_address>0x2b58</run_address>
         <size>0x74</size>
         <input_file_ref idref="fl-3"/>
      </object_component>
      <object_component id="oc-1db">
         <name>.text:I2CReceive</name>
         <load_address>0x2bcc</load_address>
         <run_address>0x2bcc</run_address>
         <size>0x74</size>
         <input_file_ref idref="fl-3"/>
      </object_component>
      <object_component id="oc-1ba">
         <name>.text:UARTStdioConfig</name>
         <load_address>0x2c40</load_address>
         <run_address>0x2c40</run_address>
         <size>0x74</size>
         <input_file_ref idref="fl-9"/>
      </object_component>
      <object_component id="oc-2f6">
         <name>.text:WriteDataGPIO</name>
         <load_address>0x2cb4</load_address>
         <run_address>0x2cb4</run_address>
         <size>0x74</size>
         <input_file_ref idref="fl-4"/>
      </object_component>
      <object_component id="oc-16e">
         <name>.text</name>
         <load_address>0x2d28</load_address>
         <run_address>0x2d28</run_address>
         <size>0x6e</size>
         <input_file_ref idref="fl-13c"/>
      </object_component>
      <object_component id="oc-2da">
         <name>.text:I2CAvailable</name>
         <load_address>0x2d98</load_address>
         <run_address>0x2d98</run_address>
         <size>0x6c</size>
         <input_file_ref idref="fl-3"/>
      </object_component>
      <object_component id="oc-70">
         <name>.text</name>
         <load_address>0x2e04</load_address>
         <run_address>0x2e04</run_address>
         <size>0x6c</size>
         <input_file_ref idref="fl-148"/>
      </object_component>
      <object_component id="oc-115">
         <name>.text:GrStringWidthGet</name>
         <load_address>0x2e70</load_address>
         <run_address>0x2e70</run_address>
         <size>0x6a</size>
         <input_file_ref idref="fl-156"/>
      </object_component>
      <object_component id="oc-51">
         <name>.text</name>
         <load_address>0x2eda</load_address>
         <run_address>0x2eda</run_address>
         <size>0x6a</size>
         <input_file_ref idref="fl-135"/>
      </object_component>
      <object_component id="oc-109">
         <name>.text:GrRectDraw</name>
         <load_address>0x2f44</load_address>
         <run_address>0x2f44</run_address>
         <size>0x66</size>
         <input_file_ref idref="fl-157"/>
      </object_component>
      <object_component id="oc-fd">
         <name>.text:GrContextInit</name>
         <load_address>0x2fac</load_address>
         <run_address>0x2fac</run_address>
         <size>0x64</size>
         <input_file_ref idref="fl-159"/>
      </object_component>
      <object_component id="oc-24a">
         <name>.text:Kentec320x240x16_SSD2119PixelDraw</name>
         <load_address>0x3010</load_address>
         <run_address>0x3010</run_address>
         <size>0x64</size>
         <input_file_ref idref="fl-4"/>
      </object_component>
      <object_component id="oc-173">
         <name>.text:float_to_int_and_fract</name>
         <load_address>0x3074</load_address>
         <run_address>0x3074</run_address>
         <size>0x64</size>
         <input_file_ref idref="fl-3"/>
      </object_component>
      <object_component id="oc-335">
         <name>.text:FontWideGlyphDataGet</name>
         <load_address>0x30d8</load_address>
         <run_address>0x30d8</run_address>
         <size>0x5c</size>
         <input_file_ref idref="fl-156"/>
      </object_component>
      <object_component id="oc-2ac">
         <name>.text:UARTwrite</name>
         <load_address>0x3134</load_address>
         <run_address>0x3134</run_address>
         <size>0x5c</size>
         <input_file_ref idref="fl-9"/>
      </object_component>
      <object_component id="oc-364">
         <name>.text:ustrncpy</name>
         <load_address>0x3190</load_address>
         <run_address>0x3190</run_address>
         <size>0x58</size>
         <input_file_ref idref="fl-8"/>
      </object_component>
      <object_component id="oc-24">
         <name>.text</name>
         <load_address>0x31e8</load_address>
         <run_address>0x31e8</run_address>
         <size>0x50</size>
         <input_file_ref idref="fl-133"/>
      </object_component>
      <object_component id="oc-aa">
         <name>.text</name>
         <load_address>0x3238</load_address>
         <run_address>0x3238</run_address>
         <size>0x4c</size>
         <input_file_ref idref="fl-149"/>
      </object_component>
      <object_component id="oc-214">
         <name>.text:UpdateContextCharMapping</name>
         <load_address>0x3284</load_address>
         <run_address>0x3284</run_address>
         <size>0x4a</size>
         <input_file_ref idref="fl-156"/>
      </object_component>
      <object_component id="oc-1ce">
         <name>.text:I2CMasterInitExpClk</name>
         <load_address>0x32d0</load_address>
         <run_address>0x32d0</run_address>
         <size>0x48</size>
         <input_file_ref idref="fl-150"/>
      </object_component>
      <object_component id="oc-207">
         <name>.text:GrLineDrawH</name>
         <load_address>0x3318</load_address>
         <run_address>0x3318</run_address>
         <size>0x46</size>
         <input_file_ref idref="fl-158"/>
      </object_component>
      <object_component id="oc-20d">
         <name>.text:GrLineDrawV</name>
         <load_address>0x335e</load_address>
         <run_address>0x335e</run_address>
         <size>0x46</size>
         <input_file_ref idref="fl-158"/>
      </object_component>
      <object_component id="oc-7c">
         <name>.text</name>
         <load_address>0x33a4</load_address>
         <run_address>0x33a4</run_address>
         <size>0x44</size>
         <input_file_ref idref="fl-137"/>
      </object_component>
      <object_component id="oc-2b2">
         <name>.text</name>
         <load_address>0x33e8</load_address>
         <run_address>0x33e8</run_address>
         <size>0x40</size>
         <input_file_ref idref="fl-144"/>
      </object_component>
      <object_component id="oc-33b">
         <name>.text:FontGlyphDataGet</name>
         <load_address>0x3428</load_address>
         <run_address>0x3428</run_address>
         <size>0x3a</size>
         <input_file_ref idref="fl-156"/>
      </object_component>
      <object_component id="oc-164">
         <name>.text</name>
         <load_address>0x3462</load_address>
         <run_address>0x3462</run_address>
         <size>0x38</size>
         <input_file_ref idref="fl-13d"/>
      </object_component>
      <object_component id="oc-127">
         <name>.text:SysCtlPeripheralEnable</name>
         <load_address>0x349c</load_address>
         <run_address>0x349c</run_address>
         <size>0x34</size>
         <input_file_ref idref="fl-14e"/>
      </object_component>
      <object_component id="oc-179">
         <name>.text:usprintf</name>
         <load_address>0x34d0</load_address>
         <run_address>0x34d0</run_address>
         <size>0x32</size>
         <input_file_ref idref="fl-8"/>
      </object_component>
      <object_component id="oc-3ab">
         <name>.text:GPIODirModeSet</name>
         <load_address>0x3502</load_address>
         <run_address>0x3502</run_address>
         <size>0x2a</size>
         <input_file_ref idref="fl-151"/>
      </object_component>
      <object_component id="oc-11b">
         <name>.text:GrFontBaselineGet</name>
         <load_address>0x352c</load_address>
         <run_address>0x352c</run_address>
         <size>0x2a</size>
         <input_file_ref idref="fl-156"/>
      </object_component>
      <object_component id="oc-21c">
         <name>.text:GrStringNextCharGet</name>
         <load_address>0x3556</load_address>
         <run_address>0x3556</run_address>
         <size>0x2a</size>
         <input_file_ref idref="fl-156"/>
      </object_component>
      <object_component id="oc-268">
         <name>.text:Kentec320x240x16_SSD2119ColorTranslate</name>
         <load_address>0x3580</load_address>
         <run_address>0x3580</run_address>
         <size>0x28</size>
         <input_file_ref idref="fl-4"/>
      </object_component>
      <object_component id="oc-228">
         <name>.text:GrFontInfoGet</name>
         <load_address>0x35a8</load_address>
         <run_address>0x35a8</run_address>
         <size>0x26</size>
         <input_file_ref idref="fl-156"/>
      </object_component>
      <object_component id="oc-e5">
         <name>.text:UARTprintf</name>
         <load_address>0x35ce</load_address>
         <run_address>0x35ce</run_address>
         <size>0x24</size>
         <input_file_ref idref="fl-9"/>
      </object_component>
      <object_component id="oc-15e">
         <name>.text:urand</name>
         <load_address>0x35f4</load_address>
         <run_address>0x35f4</run_address>
         <size>0x24</size>
         <input_file_ref idref="fl-8"/>
      </object_component>
      <object_component id="oc-222">
         <name>.text:GrFontGlyphDataGet</name>
         <load_address>0x3618</load_address>
         <run_address>0x3618</run_address>
         <size>0x22</size>
         <input_file_ref idref="fl-156"/>
      </object_component>
      <object_component id="oc-394">
         <name>.text</name>
         <load_address>0x363a</load_address>
         <run_address>0x363a</run_address>
         <size>0x20</size>
         <input_file_ref idref="fl-145"/>
      </object_component>
      <object_component id="oc-326">
         <name>.text:GrFontCodepageGet</name>
         <load_address>0x365a</load_address>
         <run_address>0x365a</run_address>
         <size>0x1e</size>
         <input_file_ref idref="fl-156"/>
      </object_component>
      <object_component id="oc-146">
         <name>.text:RGBIntensitySet</name>
         <load_address>0x3678</load_address>
         <run_address>0x3678</run_address>
         <size>0x1c</size>
         <input_file_ref idref="fl-a"/>
      </object_component>
      <object_component id="oc-76">
         <name>.text</name>
         <load_address>0x3694</load_address>
         <run_address>0x3694</run_address>
         <size>0x18</size>
         <input_file_ref idref="fl-147"/>
      </object_component>
      <object_component id="oc-19d">
         <name>.text</name>
         <load_address>0x36ac</load_address>
         <run_address>0x36ac</run_address>
         <size>0x14</size>
         <input_file_ref idref="fl-146"/>
      </object_component>
      <object_component id="oc-2e9">
         <name>.text:GPIOPinTypeGPIOOutput</name>
         <load_address>0x36c0</load_address>
         <run_address>0x36c0</run_address>
         <size>0x12</size>
         <input_file_ref idref="fl-151"/>
      </object_component>
      <object_component id="oc-121">
         <name>.text:GrStringDraw</name>
         <load_address>0x36d2</load_address>
         <run_address>0x36d2</run_address>
         <size>0x12</size>
         <input_file_ref idref="fl-156"/>
      </object_component>
      <object_component id="oc-d3">
         <name>.text:FPUEnable</name>
         <load_address>0x36e4</load_address>
         <run_address>0x36e4</run_address>
         <size>0x10</size>
         <input_file_ref idref="fl-152"/>
      </object_component>
      <object_component id="oc-d9">
         <name>.text:FPULazyStackingEnable</name>
         <load_address>0x36f4</load_address>
         <run_address>0x36f4</run_address>
         <size>0x10</size>
         <input_file_ref idref="fl-152"/>
      </object_component>
      <object_component id="oc-134">
         <name>.text:uDMAEnable</name>
         <load_address>0x3704</load_address>
         <run_address>0x3704</run_address>
         <size>0x10</size>
         <input_file_ref idref="fl-14b"/>
      </object_component>
      <object_component id="oc-12">
         <name>.text:decompress:none</name>
         <load_address>0x3714</load_address>
         <run_address>0x3714</run_address>
         <size>0xe</size>
         <input_file_ref idref="fl-134"/>
      </object_component>
      <object_component id="oc-1e">
         <name>.text:decompress:ZI</name>
         <load_address>0x3722</load_address>
         <run_address>0x3722</run_address>
         <size>0xc</size>
         <input_file_ref idref="fl-136"/>
      </object_component>
      <object_component id="oc-12e">
         <name>.text:uDMAControlBaseSet</name>
         <load_address>0x3730</load_address>
         <run_address>0x3730</run_address>
         <size>0xc</size>
         <input_file_ref idref="fl-14b"/>
      </object_component>
      <object_component id="oc-2bb">
         <name>.text:I2CMasterEnable</name>
         <load_address>0x373c</load_address>
         <run_address>0x373c</run_address>
         <size>0xa</size>
         <input_file_ref idref="fl-150"/>
      </object_component>
      <object_component id="oc-26e">
         <name>.text:Kentec320x240x16_SSD2119Flush</name>
         <load_address>0x3746</load_address>
         <run_address>0x3746</run_address>
         <size>0xa</size>
         <input_file_ref idref="fl-4"/>
      </object_component>
      <object_component id="oc-315">
         <name>.text:GrMapISO8859_1_Unicode</name>
         <load_address>0x3750</load_address>
         <run_address>0x3750</run_address>
         <size>0x8</size>
         <input_file_ref idref="fl-15a"/>
      </object_component>
      <object_component id="oc-38e">
         <name>.text:I2CMasterBusy</name>
         <load_address>0x3758</load_address>
         <run_address>0x3758</run_address>
         <size>0x8</size>
         <input_file_ref idref="fl-150"/>
      </object_component>
      <object_component id="oc-2c8">
         <name>.text:I2CMasterSlaveAddrSet</name>
         <load_address>0x3760</load_address>
         <run_address>0x3760</run_address>
         <size>0x8</size>
         <input_file_ref idref="fl-150"/>
      </object_component>
      <object_component id="oc-2ef">
         <name>.text:GPIOPinWrite</name>
         <load_address>0x3768</load_address>
         <run_address>0x3768</run_address>
         <size>0x6</size>
         <input_file_ref idref="fl-151"/>
      </object_component>
      <object_component id="oc-10f">
         <name>.text:GrContextFontSet</name>
         <load_address>0x376e</load_address>
         <run_address>0x376e</run_address>
         <size>0x6</size>
         <input_file_ref idref="fl-156"/>
      </object_component>
      <object_component id="oc-2a">
         <name>.text:ResetISR</name>
         <load_address>0x3774</load_address>
         <run_address>0x3774</run_address>
         <size>0x6</size>
         <input_file_ref idref="fl-6"/>
      </object_component>
      <object_component id="oc-12d">
         <name>.text:SysCtlDelay</name>
         <load_address>0x377a</load_address>
         <run_address>0x377a</run_address>
         <size>0x6</size>
         <input_file_ref idref="fl-14e"/>
      </object_component>
      <object_component id="oc-1b4">
         <name>.text:UARTClockSourceSet</name>
         <load_address>0x3780</load_address>
         <run_address>0x3780</run_address>
         <size>0x6</size>
         <input_file_ref idref="fl-14c"/>
      </object_component>
      <object_component id="oc-18">
         <name>.text:decompress:rle24</name>
         <load_address>0x3786</load_address>
         <run_address>0x3786</run_address>
         <size>0x6</size>
         <input_file_ref idref="fl-135"/>
      </object_component>
      <object_component id="oc-2d4">
         <name>.text:I2CMasterControl</name>
         <load_address>0x378c</load_address>
         <run_address>0x378c</run_address>
         <size>0x4</size>
         <input_file_ref idref="fl-150"/>
      </object_component>
      <object_component id="oc-2e1">
         <name>.text:I2CMasterDataGet</name>
         <load_address>0x3790</load_address>
         <run_address>0x3790</run_address>
         <size>0x4</size>
         <input_file_ref idref="fl-150"/>
      </object_component>
      <object_component id="oc-2ce">
         <name>.text:I2CMasterDataPut</name>
         <load_address>0x3794</load_address>
         <run_address>0x3794</run_address>
         <size>0x4</size>
         <input_file_ref idref="fl-150"/>
      </object_component>
      <object_component id="oc-6a">
         <name>.text</name>
         <load_address>0x3798</load_address>
         <run_address>0x3798</run_address>
         <size>0x4</size>
         <input_file_ref idref="fl-142"/>
      </object_component>
      <object_component id="oc-277">
         <name>.const:.string:g_pui8Cm20Data</name>
         <load_address>0x379c</load_address>
         <run_address>0x379c</run_address>
         <size>0x95e</size>
         <input_file_ref idref="fl-155"/>
      </object_component>
      <object_component id="oc-155">
         <name>.const:g_sFontCm20</name>
         <load_address>0x40fc</load_address>
         <run_address>0x40fc</run_address>
         <size>0xc8</size>
         <input_file_ref idref="fl-155"/>
      </object_component>
      <object_component id="oc-152">
         <name>.const:g_sKentec320x240x16_SSD2119</name>
         <load_address>0x41c4</load_address>
         <run_address>0x41c4</run_address>
         <size>0x28</size>
         <input_file_ref idref="fl-4"/>
      </object_component>
      <object_component id="oc-2a2">
         <name>.const</name>
         <load_address>0x41ec</load_address>
         <run_address>0x41ec</run_address>
         <size>0x1c</size>
         <input_file_ref idref="fl-9"/>
      </object_component>
      <object_component id="oc-36a">
         <name>.const</name>
         <load_address>0x4208</load_address>
         <run_address>0x4208</run_address>
         <size>0x1c</size>
         <input_file_ref idref="fl-8"/>
      </object_component>
      <object_component id="oc-377">
         <name>.const:.string</name>
         <load_address>0x4224</load_address>
         <run_address>0x4224</run_address>
         <size>0x12</size>
         <input_file_ref idref="fl-9"/>
      </object_component>
      <object_component id="oc-3bf">
         <name>.const:.string</name>
         <load_address>0x4238</load_address>
         <run_address>0x4238</run_address>
         <size>0x12</size>
         <input_file_ref idref="fl-8"/>
      </object_component>
      <object_component id="oc-1f8">
         <name>.const</name>
         <load_address>0x424c</load_address>
         <run_address>0x424c</run_address>
         <size>0x10</size>
         <input_file_ref idref="fl-159"/>
      </object_component>
      <object_component id="oc-3f0">
         <name>.cinit..data.load</name>
         <load_address>0x4260</load_address>
         <run_address>0x4260</run_address>
         <size>0x3d</size>
      </object_component>
      <object_component id="oc-3ee">
         <name>__TI_handler_table</name>
         <load_address>0x42a0</load_address>
         <run_address>0x42a0</run_address>
         <size>0xc</size>
      </object_component>
      <object_component id="oc-3f1">
         <name>.cinit..bss.load</name>
         <load_address>0x42b0</load_address>
         <run_address>0x42b0</run_address>
         <size>0x8</size>
      </object_component>
      <object_component id="oc-3ef">
         <name>__TI_cinit_table</name>
         <load_address>0x42b8</load_address>
         <run_address>0x42b8</run_address>
         <size>0x10</size>
      </object_component>
      <object_component id="oc-29">
         <name>.stack</name>
         <uninitialized>true</uninitialized>
         <run_address>0x20000000</run_address>
         <size>0x0</size>
         <input_file_ref idref="fl-133"/>
      </object_component>
      <object_component id="oc-3f2">
         <name>.stack</name>
         <uninitialized>true</uninitialized>
         <run_address>0x20000000</run_address>
         <size>0x0</size>
      </object_component>
      <object_component id="oc-158">
         <name>.bss:sDMAControlTable</name>
         <uninitialized>true</uninitialized>
         <run_address>0x20001000</run_address>
         <size>0x400</size>
         <input_file_ref idref="fl-3"/>
      </object_component>
      <object_component id="oc-1fb">
         <name>.bss</name>
         <uninitialized>true</uninitialized>
         <run_address>0x20001484</run_address>
         <size>0x4</size>
         <input_file_ref idref="fl-159"/>
      </object_component>
      <object_component id="oc-182">
         <name>.common:vin0_string$1</name>
         <uninitialized>true</uninitialized>
         <run_address>0x20001454</run_address>
         <size>0xc</size>
      </object_component>
      <object_component id="oc-183">
         <name>.common:vin1_string$2</name>
         <uninitialized>true</uninitialized>
         <run_address>0x20001460</run_address>
         <size>0xc</size>
      </object_component>
      <object_component id="oc-184">
         <name>.common:vin2_string$3</name>
         <uninitialized>true</uninitialized>
         <run_address>0x2000146c</run_address>
         <size>0xc</size>
      </object_component>
      <object_component id="oc-185">
         <name>.common:vin3_string$4</name>
         <uninitialized>true</uninitialized>
         <run_address>0x20001478</run_address>
         <size>0xc</size>
      </object_component>
      <object_component id="oc-186">
         <name>.common:isense1_string$5</name>
         <uninitialized>true</uninitialized>
         <run_address>0x20001418</run_address>
         <size>0xc</size>
      </object_component>
      <object_component id="oc-187">
         <name>.common:isense2_string$6</name>
         <uninitialized>true</uninitialized>
         <run_address>0x20001424</run_address>
         <size>0xc</size>
      </object_component>
      <object_component id="oc-188">
         <name>.common:temp1_string$7</name>
         <uninitialized>true</uninitialized>
         <run_address>0x20001430</run_address>
         <size>0xc</size>
      </object_component>
      <object_component id="oc-189">
         <name>.common:temp2_string$8</name>
         <uninitialized>true</uninitialized>
         <run_address>0x2000143c</run_address>
         <size>0xc</size>
      </object_component>
      <object_component id="oc-18a">
         <name>.common:tempint_string$9</name>
         <uninitialized>true</uninitialized>
         <run_address>0x20001448</run_address>
         <size>0xc</size>
      </object_component>
      <object_component id="oc-15b">
         <name>.common:g_pui32Colors</name>
         <uninitialized>true</uninitialized>
         <run_address>0x20001400</run_address>
         <size>0xc</size>
      </object_component>
      <object_component id="oc-241">
         <name>.common:g_ui32Colors</name>
         <uninitialized>true</uninitialized>
         <run_address>0x2000140c</run_address>
         <size>0xc</size>
      </object_component>
      <object_component id="oc-17f">
         <name>.data</name>
         <load_address>0x20001488</load_address>
         <run_address>0x20001488</run_address>
         <size>0xab</size>
         <input_file_ref idref="fl-3"/>
      </object_component>
      <object_component id="oc-1ee">
         <name>.data</name>
         <load_address>0x20001534</load_address>
         <run_address>0x20001534</run_address>
         <size>0x8</size>
         <input_file_ref idref="fl-4"/>
      </object_component>
      <object_component id="oc-28b">
         <name>.data</name>
         <load_address>0x2000155c</load_address>
         <run_address>0x2000155c</run_address>
         <size>0x4</size>
         <input_file_ref idref="fl-8"/>
      </object_component>
      <object_component id="oc-2a5">
         <name>.data</name>
         <load_address>0x2000154c</load_address>
         <run_address>0x2000154c</run_address>
         <size>0x5</size>
         <input_file_ref idref="fl-9"/>
      </object_component>
      <object_component id="oc-244">
         <name>.data</name>
         <load_address>0x20001554</load_address>
         <run_address>0x20001554</run_address>
         <size>0x4</size>
         <input_file_ref idref="fl-a"/>
      </object_component>
      <object_component id="oc-bd">
         <name>.data</name>
         <load_address>0x20001544</load_address>
         <run_address>0x20001544</run_address>
         <size>0x8</size>
         <input_file_ref idref="fl-137"/>
      </object_component>
      <object_component id="oc-82">
         <name>.data</name>
         <load_address>0x20001558</load_address>
         <run_address>0x20001558</run_address>
         <size>0x4</size>
         <input_file_ref idref="fl-143"/>
      </object_component>
      <object_component id="oc-ba">
         <name>.data</name>
         <load_address>0x2000153c</load_address>
         <run_address>0x2000153c</run_address>
         <size>0x8</size>
         <input_file_ref idref="fl-146"/>
      </object_component>
      <object_component id="oc-2ba">
         <name>.debug_info</name>
         <load_address>0x0</load_address>
         <run_address>0x0</run_address>
         <size>0xb9</size>
         <input_file_ref idref="fl-2"/>
      </object_component>
      <object_component id="oc-8c">
         <name>.debug_info</name>
         <load_address>0xb9</load_address>
         <run_address>0xb9</run_address>
         <size>0x84</size>
         <input_file_ref idref="fl-2"/>
      </object_component>
      <object_component id="oc-91">
         <name>.debug_info</name>
         <load_address>0x13d</load_address>
         <run_address>0x13d</run_address>
         <size>0x18b</size>
         <input_file_ref idref="fl-2"/>
      </object_component>
      <object_component id="oc-1c9">
         <name>.debug_info</name>
         <load_address>0x2c8</load_address>
         <run_address>0x2c8</run_address>
         <size>0x4e</size>
         <input_file_ref idref="fl-2"/>
      </object_component>
      <object_component id="oc-15c">
         <name>.debug_info</name>
         <load_address>0x316</load_address>
         <run_address>0x316</run_address>
         <size>0xa11</size>
         <input_file_ref idref="fl-3"/>
      </object_component>
      <object_component id="oc-180">
         <name>.debug_info</name>
         <load_address>0xd27</load_address>
         <run_address>0xd27</run_address>
         <size>0x3d2</size>
         <input_file_ref idref="fl-3"/>
      </object_component>
      <object_component id="oc-159">
         <name>.debug_info</name>
         <load_address>0x10f9</load_address>
         <run_address>0x10f9</run_address>
         <size>0xd5</size>
         <input_file_ref idref="fl-3"/>
      </object_component>
      <object_component id="oc-2db">
         <name>.debug_info</name>
         <load_address>0x11ce</load_address>
         <run_address>0x11ce</run_address>
         <size>0x197</size>
         <input_file_ref idref="fl-3"/>
      </object_component>
      <object_component id="oc-1d6">
         <name>.debug_info</name>
         <load_address>0x1365</load_address>
         <run_address>0x1365</run_address>
         <size>0x29d</size>
         <input_file_ref idref="fl-3"/>
      </object_component>
      <object_component id="oc-1dc">
         <name>.debug_info</name>
         <load_address>0x1602</load_address>
         <run_address>0x1602</run_address>
         <size>0x232</size>
         <input_file_ref idref="fl-3"/>
      </object_component>
      <object_component id="oc-1e2">
         <name>.debug_info</name>
         <load_address>0x1834</load_address>
         <run_address>0x1834</run_address>
         <size>0x324</size>
         <input_file_ref idref="fl-3"/>
      </object_component>
      <object_component id="oc-e0">
         <name>.debug_info</name>
         <load_address>0x1b58</load_address>
         <run_address>0x1b58</run_address>
         <size>0x15c</size>
         <input_file_ref idref="fl-3"/>
      </object_component>
      <object_component id="oc-ec">
         <name>.debug_info</name>
         <load_address>0x1cb4</load_address>
         <run_address>0x1cb4</run_address>
         <size>0x156</size>
         <input_file_ref idref="fl-3"/>
      </object_component>
      <object_component id="oc-f2">
         <name>.debug_info</name>
         <load_address>0x1e0a</load_address>
         <run_address>0x1e0a</run_address>
         <size>0x2b6</size>
         <input_file_ref idref="fl-3"/>
      </object_component>
      <object_component id="oc-174">
         <name>.debug_info</name>
         <load_address>0x20c0</load_address>
         <run_address>0x20c0</run_address>
         <size>0x1f6</size>
         <input_file_ref idref="fl-3"/>
      </object_component>
      <object_component id="oc-b3">
         <name>.debug_info</name>
         <load_address>0x22b6</load_address>
         <run_address>0x22b6</run_address>
         <size>0xbac</size>
         <input_file_ref idref="fl-3"/>
      </object_component>
      <object_component id="oc-191">
         <name>.debug_info</name>
         <load_address>0x2e62</load_address>
         <run_address>0x2e62</run_address>
         <size>0x6bd</size>
         <input_file_ref idref="fl-3"/>
      </object_component>
      <object_component id="oc-281">
         <name>.debug_info</name>
         <load_address>0x351f</load_address>
         <run_address>0x351f</run_address>
         <size>0x86</size>
         <input_file_ref idref="fl-3"/>
      </object_component>
      <object_component id="oc-36e">
         <name>.debug_info</name>
         <load_address>0x35a5</load_address>
         <run_address>0x35a5</run_address>
         <size>0x16f</size>
         <input_file_ref idref="fl-3"/>
      </object_component>
      <object_component id="oc-286">
         <name>.debug_info</name>
         <load_address>0x3714</load_address>
         <run_address>0x3714</run_address>
         <size>0xc6</size>
         <input_file_ref idref="fl-3"/>
      </object_component>
      <object_component id="oc-18c">
         <name>.debug_info</name>
         <load_address>0x37da</load_address>
         <run_address>0x37da</run_address>
         <size>0x8b</size>
         <input_file_ref idref="fl-3"/>
      </object_component>
      <object_component id="oc-276">
         <name>.debug_info</name>
         <load_address>0x3865</load_address>
         <run_address>0x3865</run_address>
         <size>0x3a1</size>
         <input_file_ref idref="fl-4"/>
      </object_component>
      <object_component id="oc-1ef">
         <name>.debug_info</name>
         <load_address>0x3c06</load_address>
         <run_address>0x3c06</run_address>
         <size>0x104</size>
         <input_file_ref idref="fl-4"/>
      </object_component>
      <object_component id="oc-153">
         <name>.debug_info</name>
         <load_address>0x3d0a</load_address>
         <run_address>0x3d0a</run_address>
         <size>0xfe</size>
         <input_file_ref idref="fl-4"/>
      </object_component>
      <object_component id="oc-2f8">
         <name>.debug_info</name>
         <load_address>0x3e08</load_address>
         <run_address>0x3e08</run_address>
         <size>0x16a</size>
         <input_file_ref idref="fl-4"/>
      </object_component>
      <object_component id="oc-2fe">
         <name>.debug_info</name>
         <load_address>0x3f72</load_address>
         <run_address>0x3f72</run_address>
         <size>0x170</size>
         <input_file_ref idref="fl-4"/>
      </object_component>
      <object_component id="oc-1ea">
         <name>.debug_info</name>
         <load_address>0x40e2</load_address>
         <run_address>0x40e2</run_address>
         <size>0x2c2</size>
         <input_file_ref idref="fl-4"/>
      </object_component>
      <object_component id="oc-f9">
         <name>.debug_info</name>
         <load_address>0x43a4</load_address>
         <run_address>0x43a4</run_address>
         <size>0x36d</size>
         <input_file_ref idref="fl-4"/>
      </object_component>
      <object_component id="oc-24c">
         <name>.debug_info</name>
         <load_address>0x4711</load_address>
         <run_address>0x4711</run_address>
         <size>0x23d</size>
         <input_file_ref idref="fl-4"/>
      </object_component>
      <object_component id="oc-252">
         <name>.debug_info</name>
         <load_address>0x494e</load_address>
         <run_address>0x494e</run_address>
         <size>0x2ff</size>
         <input_file_ref idref="fl-4"/>
      </object_component>
      <object_component id="oc-258">
         <name>.debug_info</name>
         <load_address>0x4c4d</load_address>
         <run_address>0x4c4d</run_address>
         <size>0x257</size>
         <input_file_ref idref="fl-4"/>
      </object_component>
      <object_component id="oc-25e">
         <name>.debug_info</name>
         <load_address>0x4ea4</load_address>
         <run_address>0x4ea4</run_address>
         <size>0x257</size>
         <input_file_ref idref="fl-4"/>
      </object_component>
      <object_component id="oc-264">
         <name>.debug_info</name>
         <load_address>0x50fb</load_address>
         <run_address>0x50fb</run_address>
         <size>0x2a4</size>
         <input_file_ref idref="fl-4"/>
      </object_component>
      <object_component id="oc-26b">
         <name>.debug_info</name>
         <load_address>0x539f</load_address>
         <run_address>0x539f</run_address>
         <size>0x1eb</size>
         <input_file_ref idref="fl-4"/>
      </object_component>
      <object_component id="oc-271">
         <name>.debug_info</name>
         <load_address>0x558a</load_address>
         <run_address>0x558a</run_address>
         <size>0x1a6</size>
         <input_file_ref idref="fl-4"/>
      </object_component>
      <object_component id="oc-304">
         <name>.debug_info</name>
         <load_address>0x5730</load_address>
         <run_address>0x5730</run_address>
         <size>0x47</size>
         <input_file_ref idref="fl-4"/>
      </object_component>
      <object_component id="oc-44">
         <name>.debug_info</name>
         <load_address>0x5777</load_address>
         <run_address>0x5777</run_address>
         <size>0xf5</size>
         <input_file_ref idref="fl-6"/>
      </object_component>
      <object_component id="oc-10">
         <name>.debug_info</name>
         <load_address>0x586c</load_address>
         <run_address>0x586c</run_address>
         <size>0xda</size>
         <input_file_ref idref="fl-6"/>
      </object_component>
      <object_component id="oc-2b">
         <name>.debug_info</name>
         <load_address>0x5946</load_address>
         <run_address>0x5946</run_address>
         <size>0x124</size>
         <input_file_ref idref="fl-6"/>
      </object_component>
      <object_component id="oc-32">
         <name>.debug_info</name>
         <load_address>0x5a6a</load_address>
         <run_address>0x5a6a</run_address>
         <size>0x115</size>
         <input_file_ref idref="fl-6"/>
      </object_component>
      <object_component id="oc-38">
         <name>.debug_info</name>
         <load_address>0x5b7f</load_address>
         <run_address>0x5b7f</run_address>
         <size>0x11b</size>
         <input_file_ref idref="fl-6"/>
      </object_component>
      <object_component id="oc-3e">
         <name>.debug_info</name>
         <load_address>0x5c9a</load_address>
         <run_address>0x5c9a</run_address>
         <size>0x12d</size>
         <input_file_ref idref="fl-6"/>
      </object_component>
      <object_component id="oc-29a">
         <name>.debug_info</name>
         <load_address>0x5dc7</load_address>
         <run_address>0x5dc7</run_address>
         <size>0x12a</size>
         <input_file_ref idref="fl-8"/>
      </object_component>
      <object_component id="oc-36b">
         <name>.debug_info</name>
         <load_address>0x5ef1</load_address>
         <run_address>0x5ef1</run_address>
         <size>0x108</size>
         <input_file_ref idref="fl-8"/>
      </object_component>
      <object_component id="oc-28c">
         <name>.debug_info</name>
         <load_address>0x5ff9</load_address>
         <run_address>0x5ff9</run_address>
         <size>0xea</size>
         <input_file_ref idref="fl-8"/>
      </object_component>
      <object_component id="oc-368">
         <name>.debug_info</name>
         <load_address>0x60e3</load_address>
         <run_address>0x60e3</run_address>
         <size>0x1b3</size>
         <input_file_ref idref="fl-8"/>
      </object_component>
      <object_component id="oc-294">
         <name>.debug_info</name>
         <load_address>0x6296</load_address>
         <run_address>0x6296</run_address>
         <size>0x315</size>
         <input_file_ref idref="fl-8"/>
      </object_component>
      <object_component id="oc-17a">
         <name>.debug_info</name>
         <load_address>0x65ab</load_address>
         <run_address>0x65ab</run_address>
         <size>0x1b4</size>
         <input_file_ref idref="fl-8"/>
      </object_component>
      <object_component id="oc-15f">
         <name>.debug_info</name>
         <load_address>0x675f</load_address>
         <run_address>0x675f</run_address>
         <size>0x14f</size>
         <input_file_ref idref="fl-8"/>
      </object_component>
      <object_component id="oc-1c8">
         <name>.debug_info</name>
         <load_address>0x68ae</load_address>
         <run_address>0x68ae</run_address>
         <size>0xfe</size>
         <input_file_ref idref="fl-9"/>
      </object_component>
      <object_component id="oc-2a6">
         <name>.debug_info</name>
         <load_address>0x69ac</load_address>
         <run_address>0x69ac</run_address>
         <size>0xe5</size>
         <input_file_ref idref="fl-9"/>
      </object_component>
      <object_component id="oc-2a3">
         <name>.debug_info</name>
         <load_address>0x6a91</load_address>
         <run_address>0x6a91</run_address>
         <size>0x13b</size>
         <input_file_ref idref="fl-9"/>
      </object_component>
      <object_component id="oc-1bc">
         <name>.debug_info</name>
         <load_address>0x6bcc</load_address>
         <run_address>0x6bcc</run_address>
         <size>0x236</size>
         <input_file_ref idref="fl-9"/>
      </object_component>
      <object_component id="oc-2ad">
         <name>.debug_info</name>
         <load_address>0x6e02</load_address>
         <run_address>0x6e02</run_address>
         <size>0x1d3</size>
         <input_file_ref idref="fl-9"/>
      </object_component>
      <object_component id="oc-2a8">
         <name>.debug_info</name>
         <load_address>0x6fd5</load_address>
         <run_address>0x6fd5</run_address>
         <size>0x232</size>
         <input_file_ref idref="fl-9"/>
      </object_component>
      <object_component id="oc-1c2">
         <name>.debug_info</name>
         <load_address>0x7207</load_address>
         <run_address>0x7207</run_address>
         <size>0x333</size>
         <input_file_ref idref="fl-9"/>
      </object_component>
      <object_component id="oc-e6">
         <name>.debug_info</name>
         <load_address>0x753a</load_address>
         <run_address>0x753a</run_address>
         <size>0x19e</size>
         <input_file_ref idref="fl-9"/>
      </object_component>
      <object_component id="oc-242">
         <name>.debug_info</name>
         <load_address>0x76d8</load_address>
         <run_address>0x76d8</run_address>
         <size>0x167</size>
         <input_file_ref idref="fl-a"/>
      </object_component>
      <object_component id="oc-245">
         <name>.debug_info</name>
         <load_address>0x783f</load_address>
         <run_address>0x783f</run_address>
         <size>0x113</size>
         <input_file_ref idref="fl-a"/>
      </object_component>
      <object_component id="oc-13c">
         <name>.debug_info</name>
         <load_address>0x7952</load_address>
         <run_address>0x7952</run_address>
         <size>0x268</size>
         <input_file_ref idref="fl-a"/>
      </object_component>
      <object_component id="oc-14f">
         <name>.debug_info</name>
         <load_address>0x7bba</load_address>
         <run_address>0x7bba</run_address>
         <size>0x228</size>
         <input_file_ref idref="fl-a"/>
      </object_component>
      <object_component id="oc-144">
         <name>.debug_info</name>
         <load_address>0x7de2</load_address>
         <run_address>0x7de2</run_address>
         <size>0x26f</size>
         <input_file_ref idref="fl-a"/>
      </object_component>
      <object_component id="oc-149">
         <name>.debug_info</name>
         <load_address>0x8051</load_address>
         <run_address>0x8051</run_address>
         <size>0x231</size>
         <input_file_ref idref="fl-a"/>
      </object_component>
      <object_component id="oc-26">
         <name>.debug_info</name>
         <load_address>0x8282</load_address>
         <run_address>0x8282</run_address>
         <size>0x169</size>
         <input_file_ref idref="fl-133"/>
      </object_component>
      <object_component id="oc-50">
         <name>.debug_info</name>
         <load_address>0x83eb</load_address>
         <run_address>0x83eb</run_address>
         <size>0x156</size>
         <input_file_ref idref="fl-134"/>
      </object_component>
      <object_component id="oc-15">
         <name>.debug_info</name>
         <load_address>0x8541</load_address>
         <run_address>0x8541</run_address>
         <size>0x1f5</size>
         <input_file_ref idref="fl-134"/>
      </object_component>
      <object_component id="oc-4b">
         <name>.debug_info</name>
         <load_address>0x8736</load_address>
         <run_address>0x8736</run_address>
         <size>0x46</size>
         <input_file_ref idref="fl-134"/>
      </object_component>
      <object_component id="oc-97">
         <name>.debug_info</name>
         <load_address>0x877c</load_address>
         <run_address>0x877c</run_address>
         <size>0x2c</size>
         <input_file_ref idref="fl-134"/>
      </object_component>
      <object_component id="oc-58">
         <name>.debug_info</name>
         <load_address>0x87a8</load_address>
         <run_address>0x87a8</run_address>
         <size>0x14a</size>
         <input_file_ref idref="fl-135"/>
      </object_component>
      <object_component id="oc-52">
         <name>.debug_info</name>
         <load_address>0x88f2</load_address>
         <run_address>0x88f2</run_address>
         <size>0x25d</size>
         <input_file_ref idref="fl-135"/>
      </object_component>
      <object_component id="oc-19">
         <name>.debug_info</name>
         <load_address>0x8b4f</load_address>
         <run_address>0x8b4f</run_address>
         <size>0x1c7</size>
         <input_file_ref idref="fl-135"/>
      </object_component>
      <object_component id="oc-59">
         <name>.debug_info</name>
         <load_address>0x8d16</load_address>
         <run_address>0x8d16</run_address>
         <size>0x39</size>
         <input_file_ref idref="fl-135"/>
      </object_component>
      <object_component id="oc-a1">
         <name>.debug_info</name>
         <load_address>0x8d4f</load_address>
         <run_address>0x8d4f</run_address>
         <size>0x2c</size>
         <input_file_ref idref="fl-135"/>
      </object_component>
      <object_component id="oc-69">
         <name>.debug_info</name>
         <load_address>0x8d7b</load_address>
         <run_address>0x8d7b</run_address>
         <size>0x145</size>
         <input_file_ref idref="fl-136"/>
      </object_component>
      <object_component id="oc-21">
         <name>.debug_info</name>
         <load_address>0x8ec0</load_address>
         <run_address>0x8ec0</run_address>
         <size>0x1c0</size>
         <input_file_ref idref="fl-136"/>
      </object_component>
      <object_component id="oc-64">
         <name>.debug_info</name>
         <load_address>0x9080</load_address>
         <run_address>0x9080</run_address>
         <size>0x46</size>
         <input_file_ref idref="fl-136"/>
      </object_component>
      <object_component id="oc-c1">
         <name>.debug_info</name>
         <load_address>0x90c6</load_address>
         <run_address>0x90c6</run_address>
         <size>0x1a7</size>
         <input_file_ref idref="fl-137"/>
      </object_component>
      <object_component id="oc-be">
         <name>.debug_info</name>
         <load_address>0x926d</load_address>
         <run_address>0x926d</run_address>
         <size>0x14c</size>
         <input_file_ref idref="fl-137"/>
      </object_component>
      <object_component id="oc-7e">
         <name>.debug_info</name>
         <load_address>0x93b9</load_address>
         <run_address>0x93b9</run_address>
         <size>0x223</size>
         <input_file_ref idref="fl-137"/>
      </object_component>
      <object_component id="oc-16a">
         <name>.debug_info</name>
         <load_address>0x95dc</load_address>
         <run_address>0x95dc</run_address>
         <size>0x15e</size>
         <input_file_ref idref="fl-138"/>
      </object_component>
      <object_component id="oc-39a">
         <name>.debug_info</name>
         <load_address>0x973a</load_address>
         <run_address>0x973a</run_address>
         <size>0x13a</size>
         <input_file_ref idref="fl-139"/>
      </object_component>
      <object_component id="oc-39f">
         <name>.debug_info</name>
         <load_address>0x9874</load_address>
         <run_address>0x9874</run_address>
         <size>0x13c</size>
         <input_file_ref idref="fl-139"/>
      </object_component>
      <object_component id="oc-170">
         <name>.debug_info</name>
         <load_address>0x99b0</load_address>
         <run_address>0x99b0</run_address>
         <size>0x150</size>
         <input_file_ref idref="fl-13c"/>
      </object_component>
      <object_component id="oc-165">
         <name>.debug_info</name>
         <load_address>0x9b00</load_address>
         <run_address>0x9b00</run_address>
         <size>0x13e</size>
         <input_file_ref idref="fl-13d"/>
      </object_component>
      <object_component id="oc-48">
         <name>.debug_info</name>
         <load_address>0x9c3e</load_address>
         <run_address>0x9c3e</run_address>
         <size>0x12b</size>
         <input_file_ref idref="fl-140"/>
      </object_component>
      <object_component id="oc-61">
         <name>.debug_info</name>
         <load_address>0x9d69</load_address>
         <run_address>0x9d69</run_address>
         <size>0x159</size>
         <input_file_ref idref="fl-141"/>
      </object_component>
      <object_component id="oc-6c">
         <name>.debug_info</name>
         <load_address>0x9ec2</load_address>
         <run_address>0x9ec2</run_address>
         <size>0x15e</size>
         <input_file_ref idref="fl-142"/>
      </object_component>
      <object_component id="oc-83">
         <name>.debug_info</name>
         <load_address>0xa020</load_address>
         <run_address>0xa020</run_address>
         <size>0x11f</size>
         <input_file_ref idref="fl-143"/>
      </object_component>
      <object_component id="oc-2b3">
         <name>.debug_info</name>
         <load_address>0xa13f</load_address>
         <run_address>0xa13f</run_address>
         <size>0x154</size>
         <input_file_ref idref="fl-144"/>
      </object_component>
      <object_component id="oc-395">
         <name>.debug_info</name>
         <load_address>0xa293</load_address>
         <run_address>0xa293</run_address>
         <size>0x140</size>
         <input_file_ref idref="fl-145"/>
      </object_component>
      <object_component id="oc-1a5">
         <name>.debug_info</name>
         <load_address>0xa3d3</load_address>
         <run_address>0xa3d3</run_address>
         <size>0x13a</size>
         <input_file_ref idref="fl-146"/>
      </object_component>
      <object_component id="oc-bb">
         <name>.debug_info</name>
         <load_address>0xa50d</load_address>
         <run_address>0xa50d</run_address>
         <size>0x129</size>
         <input_file_ref idref="fl-146"/>
      </object_component>
      <object_component id="oc-19f">
         <name>.debug_info</name>
         <load_address>0xa636</load_address>
         <run_address>0xa636</run_address>
         <size>0x235</size>
         <input_file_ref idref="fl-146"/>
      </object_component>
      <object_component id="oc-b9">
         <name>.debug_info</name>
         <load_address>0xa86b</load_address>
         <run_address>0xa86b</run_address>
         <size>0x17c</size>
         <input_file_ref idref="fl-147"/>
      </object_component>
      <object_component id="oc-77">
         <name>.debug_info</name>
         <load_address>0xa9e7</load_address>
         <run_address>0xa9e7</run_address>
         <size>0x17d</size>
         <input_file_ref idref="fl-147"/>
      </object_component>
      <object_component id="oc-198">
         <name>.debug_info</name>
         <load_address>0xab64</load_address>
         <run_address>0xab64</run_address>
         <size>0x5e</size>
         <input_file_ref idref="fl-147"/>
      </object_component>
      <object_component id="oc-b1">
         <name>.debug_info</name>
         <load_address>0xabc2</load_address>
         <run_address>0xabc2</run_address>
         <size>0x2d3</size>
         <input_file_ref idref="fl-148"/>
      </object_component>
      <object_component id="oc-71">
         <name>.debug_info</name>
         <load_address>0xae95</load_address>
         <run_address>0xae95</run_address>
         <size>0x18d</size>
         <input_file_ref idref="fl-148"/>
      </object_component>
      <object_component id="oc-c9">
         <name>.debug_info</name>
         <load_address>0xb022</load_address>
         <run_address>0xb022</run_address>
         <size>0x39</size>
         <input_file_ref idref="fl-148"/>
      </object_component>
      <object_component id="oc-ce">
         <name>.debug_info</name>
         <load_address>0xb05b</load_address>
         <run_address>0xb05b</run_address>
         <size>0xcd</size>
         <input_file_ref idref="fl-148"/>
      </object_component>
      <object_component id="oc-c6">
         <name>.debug_info</name>
         <load_address>0xb128</load_address>
         <run_address>0xb128</run_address>
         <size>0x1f6</size>
         <input_file_ref idref="fl-149"/>
      </object_component>
      <object_component id="oc-ab">
         <name>.debug_info</name>
         <load_address>0xb31e</load_address>
         <run_address>0xb31e</run_address>
         <size>0x199</size>
         <input_file_ref idref="fl-149"/>
      </object_component>
      <object_component id="oc-1ad">
         <name>.debug_info</name>
         <load_address>0xb4b7</load_address>
         <run_address>0xb4b7</run_address>
         <size>0x2c</size>
         <input_file_ref idref="fl-149"/>
      </object_component>
      <object_component id="oc-380">
         <name>.debug_info</name>
         <load_address>0xb4e3</load_address>
         <run_address>0xb4e3</run_address>
         <size>0x15d</size>
         <input_file_ref idref="fl-14a"/>
      </object_component>
      <object_component id="oc-23e">
         <name>.debug_info</name>
         <load_address>0xb640</load_address>
         <run_address>0xb640</run_address>
         <size>0x1a6</size>
         <input_file_ref idref="fl-14b"/>
      </object_component>
      <object_component id="oc-135">
         <name>.debug_info</name>
         <load_address>0xb7e6</load_address>
         <run_address>0xb7e6</run_address>
         <size>0x176</size>
         <input_file_ref idref="fl-14b"/>
      </object_component>
      <object_component id="oc-12f">
         <name>.debug_info</name>
         <load_address>0xb95c</load_address>
         <run_address>0xb95c</run_address>
         <size>0x1d0</size>
         <input_file_ref idref="fl-14b"/>
      </object_component>
      <object_component id="oc-347">
         <name>.debug_info</name>
         <load_address>0xbb2c</load_address>
         <run_address>0xbb2c</run_address>
         <size>0x86</size>
         <input_file_ref idref="fl-14b"/>
      </object_component>
      <object_component id="oc-2c2">
         <name>.debug_info</name>
         <load_address>0xbbb2</load_address>
         <run_address>0xbbb2</run_address>
         <size>0x90</size>
         <input_file_ref idref="fl-14b"/>
      </object_component>
      <object_component id="oc-237">
         <name>.debug_info</name>
         <load_address>0xbc42</load_address>
         <run_address>0xbc42</run_address>
         <size>0x18b</size>
         <input_file_ref idref="fl-14b"/>
      </object_component>
      <object_component id="oc-2a1">
         <name>.debug_info</name>
         <load_address>0xbdcd</load_address>
         <run_address>0xbdcd</run_address>
         <size>0x1c8</size>
         <input_file_ref idref="fl-14c"/>
      </object_component>
      <object_component id="oc-1b6">
         <name>.debug_info</name>
         <load_address>0xbf95</load_address>
         <run_address>0xbf95</run_address>
         <size>0x1f5</size>
         <input_file_ref idref="fl-14c"/>
      </object_component>
      <object_component id="oc-23c">
         <name>.debug_info</name>
         <load_address>0xc18a</load_address>
         <run_address>0xc18a</run_address>
         <size>0x1e2</size>
         <input_file_ref idref="fl-14e"/>
      </object_component>
      <object_component id="oc-128">
         <name>.debug_info</name>
         <load_address>0xc36c</load_address>
         <run_address>0xc36c</run_address>
         <size>0x1e1</size>
         <input_file_ref idref="fl-14e"/>
      </object_component>
      <object_component id="oc-2c7">
         <name>.debug_info</name>
         <load_address>0xc54d</load_address>
         <run_address>0xc54d</run_address>
         <size>0x1b7</size>
         <input_file_ref idref="fl-150"/>
      </object_component>
      <object_component id="oc-2cc">
         <name>.debug_info</name>
         <load_address>0xc704</load_address>
         <run_address>0xc704</run_address>
         <size>0x232</size>
         <input_file_ref idref="fl-150"/>
      </object_component>
      <object_component id="oc-2bf">
         <name>.debug_info</name>
         <load_address>0xc936</load_address>
         <run_address>0xc936</run_address>
         <size>0x1b2</size>
         <input_file_ref idref="fl-150"/>
      </object_component>
      <object_component id="oc-1d2">
         <name>.debug_info</name>
         <load_address>0xcae8</load_address>
         <run_address>0xcae8</run_address>
         <size>0x24c</size>
         <input_file_ref idref="fl-150"/>
      </object_component>
      <object_component id="oc-2cf">
         <name>.debug_info</name>
         <load_address>0xcd34</load_address>
         <run_address>0xcd34</run_address>
         <size>0x1e2</size>
         <input_file_ref idref="fl-150"/>
      </object_component>
      <object_component id="oc-2e2">
         <name>.debug_info</name>
         <load_address>0xcf16</load_address>
         <run_address>0xcf16</run_address>
         <size>0x1b8</size>
         <input_file_ref idref="fl-150"/>
      </object_component>
      <object_component id="oc-2d5">
         <name>.debug_info</name>
         <load_address>0xd0ce</load_address>
         <run_address>0xd0ce</run_address>
         <size>0x1e2</size>
         <input_file_ref idref="fl-150"/>
      </object_component>
      <object_component id="oc-38f">
         <name>.debug_info</name>
         <load_address>0xd2b0</load_address>
         <run_address>0xd2b0</run_address>
         <size>0x1b2</size>
         <input_file_ref idref="fl-150"/>
      </object_component>
      <object_component id="oc-3b3">
         <name>.debug_info</name>
         <load_address>0xd462</load_address>
         <run_address>0xd462</run_address>
         <size>0x1d1</size>
         <input_file_ref idref="fl-151"/>
      </object_component>
      <object_component id="oc-2f1">
         <name>.debug_info</name>
         <load_address>0xd633</load_address>
         <run_address>0xd633</run_address>
         <size>0x207</size>
         <input_file_ref idref="fl-151"/>
      </object_component>
      <object_component id="oc-3ad">
         <name>.debug_info</name>
         <load_address>0xd83a</load_address>
         <run_address>0xd83a</run_address>
         <size>0x215</size>
         <input_file_ref idref="fl-151"/>
      </object_component>
      <object_component id="oc-3a7">
         <name>.debug_info</name>
         <load_address>0xda4f</load_address>
         <run_address>0xda4f</run_address>
         <size>0x265</size>
         <input_file_ref idref="fl-151"/>
      </object_component>
      <object_component id="oc-2eb">
         <name>.debug_info</name>
         <load_address>0xdcb4</load_address>
         <run_address>0xdcb4</run_address>
         <size>0x1eb</size>
         <input_file_ref idref="fl-151"/>
      </object_component>
      <object_component id="oc-da">
         <name>.debug_info</name>
         <load_address>0xde9f</load_address>
         <run_address>0xde9f</run_address>
         <size>0x189</size>
         <input_file_ref idref="fl-152"/>
      </object_component>
      <object_component id="oc-d4">
         <name>.debug_info</name>
         <load_address>0xe028</load_address>
         <run_address>0xe028</run_address>
         <size>0x171</size>
         <input_file_ref idref="fl-152"/>
      </object_component>
      <object_component id="oc-27c">
         <name>.debug_info</name>
         <load_address>0xe199</load_address>
         <run_address>0xe199</run_address>
         <size>0x30a</size>
         <input_file_ref idref="fl-155"/>
      </object_component>
      <object_component id="oc-278">
         <name>.debug_info</name>
         <load_address>0xe4a3</load_address>
         <run_address>0xe4a3</run_address>
         <size>0x103</size>
         <input_file_ref idref="fl-155"/>
      </object_component>
      <object_component id="oc-156">
         <name>.debug_info</name>
         <load_address>0xe5a6</load_address>
         <run_address>0xe5a6</run_address>
         <size>0xff</size>
[...]
      </symbol>
      <symbol id="sm-175">
         <name>I2CAvailable</name>
         <value>0x2d99</value>
         <object_component_ref idref="oc-2da"/>
      </symbol>
      <symbol id="sm-176">
         <name>I2CReceive2</name>
         <value>0x21e1</value>
         <object_component_ref idref="oc-1e1"/>
      </symbol>
      <symbol id="sm-177">
         <name>main</name>
         <value>0x26d</value>
         <object_component_ref idref="oc-b2"/>
      </symbol>
      <symbol id="sm-178">
         <name>InitI2C3</name>
         <value>0x25dd</value>
         <object_component_ref idref="oc-eb"/>
      </symbol>
      <symbol id="sm-179">
         <name>ConfigureUART</name>
         <value>0x2b59</value>
         <object_component_ref idref="oc-df"/>
      </symbol>
      <symbol id="sm-17a">
         <name>fBTemp2</name>
         <value>0x200014b8</value>
         <object_component_ref idref="oc-17f"/>
      </symbol>
      <symbol id="sm-17b">
         <name>fBTemp1</name>
         <value>0x200014ac</value>
         <object_component_ref idref="oc-17f"/>
      </symbol>
      <symbol id="sm-17c">
         <name>i16average</name>
         <value>0x20001530</value>
         <object_component_ref idref="oc-17f"/>
      </symbol>
      <symbol id="sm-17d">
         <name>I2CReceive</name>
         <value>0x2bcd</value>
         <object_component_ref idref="oc-1db"/>
      </symbol>
      <symbol id="sm-17e">
         <name>SysTick_Semafore</name>
         <value>0x20001532</value>
         <object_component_ref idref="oc-17f"/>
      </symbol>
      <symbol id="sm-17f">
         <name>fTempInt</name>
         <value>0x20001490</value>
         <object_component_ref idref="oc-17f"/>
      </symbol>
      <symbol id="sm-180">
         <name>fBVin3</name>
         <value>0x200014f4</value>
         <object_component_ref idref="oc-17f"/>
      </symbol>
      <symbol id="sm-181">
         <name>fBVin2</name>
         <value>0x200014e8</value>
         <object_component_ref idref="oc-17f"/>
      </symbol>
      <symbol id="sm-182">
         <name>fBVin1</name>
         <value>0x200014dc</value>
         <object_component_ref idref="oc-17f"/>
      </symbol>
      <symbol id="sm-183">
         <name>fBVin0</name>
         <value>0x200014d0</value>
         <object_component_ref idref="oc-17f"/>
      </symbol>
      <symbol id="sm-184">
         <name>fIsense1</name>
         <value>0x200014a4</value>
         <object_component_ref idref="oc-17f"/>
      </symbol>
      <symbol id="sm-185">
         <name>fIsense2</name>
         <value>0x200014a8</value>
         <object_component_ref idref="oc-17f"/>
      </symbol>
      <symbol id="sm-186">
         <name>fTemp2</name>
         <value>0x2000148c</value>
         <object_component_ref idref="oc-17f"/>
      </symbol>
      <symbol id="sm-187">
         <name>fTemp1</name>
         <value>0x20001488</value>
         <object_component_ref idref="oc-17f"/>
      </symbol>
      <symbol id="sm-188">
         <name>fVin1</name>
         <value>0x20001498</value>
         <object_component_ref idref="oc-17f"/>
      </symbol>
      <symbol id="sm-189">
         <name>fVin0</name>
         <value>0x20001494</value>
         <object_component_ref idref="oc-17f"/>
      </symbol>
      <symbol id="sm-18a">
         <name>fVin3</name>
         <value>0x200014a0</value>
         <object_component_ref idref="oc-17f"/>
      </symbol>
      <symbol id="sm-18b">
         <name>fVin2</name>
         <value>0x2000149c</value>
         <object_component_ref idref="oc-17f"/>
      </symbol>
      <symbol id="sm-18c">
         <name>sDMAControlTable</name>
         <value>0x20001000</value>
         <object_component_ref idref="oc-158"/>
      </symbol>
      <symbol id="sm-23e">
         <name>WriteData</name>
         <value>0x20001534</value>
         <object_component_ref idref="oc-1ee"/>
      </symbol>
      <symbol id="sm-23f">
         <name>Kentec320x240x16_SSD2119Init</name>
         <value>0x1321</value>
         <object_component_ref idref="oc-f7"/>
      </symbol>
      <symbol id="sm-240">
         <name>g_sKentec320x240x16_SSD2119</name>
         <value>0x41c4</value>
         <object_component_ref idref="oc-152"/>
      </symbol>
      <symbol id="sm-241">
         <name>WriteCommand</name>
         <value>0x20001538</value>
         <object_component_ref idref="oc-1ee"/>
      </symbol>
      <symbol id="sm-273">
         <name>ResetISR</name>
         <value>0x3775</value>
         <object_component_ref idref="oc-2a"/>
      </symbol>
      <symbol id="sm-274">
         <name>g_pfnVectors</name>
         <value>0x0</value>
         <object_component_ref idref="oc-f"/>
      </symbol>
      <symbol id="sm-2eb">
         <name>uvsnprintf</name>
         <value>0xbdd</value>
         <object_component_ref idref="oc-293"/>
      </symbol>
      <symbol id="sm-2ec">
         <name>ustrncpy</name>
         <value>0x3191</value>
         <object_component_ref idref="oc-364"/>
      </symbol>
      <symbol id="sm-2ed">
         <name>usprintf</name>
         <value>0x34d1</value>
         <object_component_ref idref="oc-179"/>
      </symbol>
      <symbol id="sm-2ee">
         <name>urand</name>
         <value>0x35f5</value>
         <object_component_ref idref="oc-15e"/>
      </symbol>
      <symbol id="sm-366">
         <name>UARTStdioConfig</name>
         <value>0x2c41</value>
         <object_component_ref idref="oc-1ba"/>
      </symbol>
      <symbol id="sm-367">
         <name>UARTwrite</name>
         <value>0x3135</value>
         <object_component_ref idref="oc-2ac"/>
      </symbol>
      <symbol id="sm-368">
         <name>UARTprintf</name>
         <value>0x35cf</value>
         <object_component_ref idref="oc-e5"/>
      </symbol>
      <symbol id="sm-369">
         <name>UARTvprintf</name>
         <value>0x1015</value>
         <object_component_ref idref="oc-1c1"/>
      </symbol>
      <symbol id="sm-3c3">
         <name>RGBIntensitySet</name>
         <value>0x3679</value>
         <object_component_ref idref="oc-146"/>
      </symbol>
      <symbol id="sm-3c4">
         <name>RGBEnable</name>
         <value>0x22bd</value>
         <object_component_ref idref="oc-14c"/>
      </symbol>
      <symbol id="sm-3c5">
         <name>RGBInit</name>
         <value>0x1f81</value>
         <object_component_ref idref="oc-13a"/>
      </symbol>
      <symbol id="sm-3c6">
         <name>RGBColorSet</name>
         <value>0x2461</value>
         <object_component_ref idref="oc-140"/>
      </symbol>
      <symbol id="sm-3d8">
         <name>_c_int00</name>
         <value>0x31e9</value>
         <object_component_ref idref="oc-24"/>
      </symbol>
      <symbol id="sm-3d9">
         <name>__stack</name>
         <value>0x20000000</value>
         <object_component_ref idref="oc-29"/>
      </symbol>
      <symbol id="sm-3f0">
         <name>__TI_decompress_none</name>
         <value>0x3715</value>
         <object_component_ref idref="oc-12"/>
      </symbol>
      <symbol id="sm-418">
         <name>__TI_decompress_rle24</name>
         <value>0x3787</value>
         <object_component_ref idref="oc-18"/>
      </symbol>
      <symbol id="sm-42a">
         <name>__TI_zero_init</name>
         <value>0x3723</value>
         <object_component_ref idref="oc-1e"/>
      </symbol>
      <symbol id="sm-449">
         <name>C$$EXIT</name>
         <value>0x33a5</value>
         <object_component_ref idref="oc-7c"/>
      </symbol>
      <symbol id="sm-44a">
         <name>abort</name>
         <value>0x33a9</value>
         <object_component_ref idref="oc-7c"/>
      </symbol>
      <symbol id="sm-44b">
         <name>exit</name>
         <value>0x33b1</value>
         <object_component_ref idref="oc-7c"/>
      </symbol>
      <symbol id="sm-44c">
         <name>__TI_dtors_ptr</name>
         <value>0x20001548</value>
         <object_component_ref idref="oc-bd"/>
      </symbol>
      <symbol id="sm-44d">
         <name>__TI_cleanup_ptr</name>
         <value>0x20001544</value>
         <object_component_ref idref="oc-bd"/>
      </symbol>
      <symbol id="sm-471">
         <name>__aeabi_dsub</name>
         <value>0x1c69</value>
         <object_component_ref idref="oc-169"/>
      </symbol>
      <symbol id="sm-472">
         <name>__aeabi_dadd</name>
         <value>0x1c73</value>
         <object_component_ref idref="oc-169"/>
      </symbol>
      <symbol id="sm-499">
         <name>__aeabi_cdcmpeq</name>
         <value>0x2953</value>
         <object_component_ref idref="oc-399"/>
      </symbol>
      <symbol id="sm-49a">
         <name>__aeabi_cdcmple</name>
         <value>0x2953</value>
         <object_component_ref idref="oc-399"/>
      </symbol>
      <symbol id="sm-49b">
         <name>__aeabi_cdrcmple</name>
         <value>0x29d9</value>
         <object_component_ref idref="oc-39e"/>
      </symbol>
      <symbol id="sm-4c5">
         <name>__aeabi_d2f</name>
         <value>0x2d29</value>
         <object_component_ref idref="oc-16e"/>
      </symbol>
      <symbol id="sm-4d3">
         <name>__aeabi_f2d</name>
         <value>0x3463</value>
         <object_component_ref idref="oc-164"/>
      </symbol>
      <symbol id="sm-4f4">
         <name>memcpy</name>
         <value>0x2679</value>
         <object_component_ref idref="oc-45"/>
      </symbol>
      <symbol id="sm-4f5">
         <name>__aeabi_memcpy</name>
         <value>0x2679</value>
         <object_component_ref idref="oc-45"/>
      </symbol>
      <symbol id="sm-4f6">
         <name>__aeabi_memcpy8</name>
         <value>0x2679</value>
         <object_component_ref idref="oc-45"/>
      </symbol>
      <symbol id="sm-4f7">
         <name>__aeabi_memcpy4</name>
         <value>0x2679</value>
         <object_component_ref idref="oc-45"/>
      </symbol>
      <symbol id="sm-506">
         <name>__aeabi_memset</name>
         <value>0x2adf</value>
         <object_component_ref idref="oc-5e"/>
      </symbol>
      <symbol id="sm-507">
         <name>memset</name>
         <value>0x2ae5</value>
         <object_component_ref idref="oc-5e"/>
      </symbol>
      <symbol id="sm-508">
         <name>__aeabi_memset8</name>
         <value>0x2adf</value>
         <object_component_ref idref="oc-5e"/>
      </symbol>
      <symbol id="sm-509">
         <name>__aeabi_memset4</name>
         <value>0x2adf</value>
         <object_component_ref idref="oc-5e"/>
      </symbol>
      <symbol id="sm-50a">
         <name>__aeabi_memclr8</name>
         <value>0x2add</value>
         <object_component_ref idref="oc-5e"/>
      </symbol>
      <symbol id="sm-50b">
         <name>__aeabi_memclr4</name>
         <value>0x2add</value>
         <object_component_ref idref="oc-5e"/>
      </symbol>
      <symbol id="sm-50c">
         <name>__aeabi_memclr</name>
         <value>0x2add</value>
         <object_component_ref idref="oc-5e"/>
      </symbol>
      <symbol id="sm-516">
         <name>_system_pre_init</name>
         <value>0x3799</value>
         <object_component_ref idref="oc-6a"/>
      </symbol>
      <symbol id="sm-51e">
         <name>main_func_sp</name>
         <value>0x20001558</value>
         <object_component_ref idref="oc-82"/>
      </symbol>
      <symbol id="sm-530">
         <name>__aeabi_uidivmod</name>
         <value>0x33e9</value>
         <object_component_ref idref="oc-2b2"/>
      </symbol>
      <symbol id="sm-531">
         <name>__aeabi_uidiv</name>
         <value>0x33e9</value>
         <object_component_ref idref="oc-2b2"/>
      </symbol>
      <symbol id="sm-53d">
         <name>__aeabi_ui2d</name>
         <value>0x363b</value>
         <object_component_ref idref="oc-394"/>
      </symbol>
      <symbol id="sm-556">
         <name>_nop</name>
         <value>0x36bb</value>
         <object_component_ref idref="oc-19d"/>
      </symbol>
      <symbol id="sm-557">
         <name>_lock</name>
         <value>0x2000153c</value>
         <object_component_ref idref="oc-ba"/>
      </symbol>
      <symbol id="sm-558">
         <name>_unlock</name>
         <value>0x20001540</value>
         <object_component_ref idref="oc-ba"/>
      </symbol>
      <symbol id="sm-559">
         <name>_register_lock</name>
         <value>0x36b3</value>
         <object_component_ref idref="oc-19d"/>
      </symbol>
      <symbol id="sm-55a">
         <name>_register_unlock</name>
         <value>0x36ad</value>
         <object_component_ref idref="oc-19d"/>
      </symbol>
      <symbol id="sm-56f">
         <name>_args_main</name>
         <value>0x3695</value>
         <object_component_ref idref="oc-76"/>
      </symbol>
      <symbol id="sm-595">
         <name>__TI_auto_init</name>
         <value>0x2e05</value>
         <object_component_ref idref="oc-70"/>
      </symbol>
      <symbol id="sm-5af">
         <name>copy_in</name>
         <value>0x3239</value>
         <object_component_ref idref="oc-aa"/>
      </symbol>
      <symbol id="sm-5b9">
         <name>__aeabi_idiv0</name>
         <value>0x2a5f</value>
         <object_component_ref idref="oc-37f"/>
      </symbol>
      <symbol id="sm-5e1">
         <name>uDMAEnable</name>
         <value>0x3705</value>
         <object_component_ref idref="oc-134"/>
      </symbol>
      <symbol id="sm-5e2">
         <name>uDMAControlBaseSet</name>
         <value>0x3731</value>
         <object_component_ref idref="oc-12e"/>
      </symbol>
      <symbol id="sm-5ef">
         <name>UARTClockSourceSet</name>
         <value>0x3781</value>
         <object_component_ref idref="oc-1b4"/>
      </symbol>
      <symbol id="sm-601">
         <name>SysCtlDelay</name>
         <value>0x377b</value>
         <object_component_ref idref="oc-12d"/>
      </symbol>
      <symbol id="sm-602">
         <name>SysCtlPeripheralEnable</name>
         <value>0x349d</value>
         <object_component_ref idref="oc-127"/>
      </symbol>
      <symbol id="sm-644">
         <name>I2CMasterDataPut</name>
         <value>0x3795</value>
         <object_component_ref idref="oc-2ce"/>
      </symbol>
      <symbol id="sm-645">
         <name>I2CMasterInitExpClk</name>
         <value>0x32d1</value>
         <object_component_ref idref="oc-1ce"/>
      </symbol>
      <symbol id="sm-646">
         <name>I2CMasterSlaveAddrSet</name>
         <value>0x3761</value>
         <object_component_ref idref="oc-2c8"/>
      </symbol>
      <symbol id="sm-647">
         <name>I2CMasterDataGet</name>
         <value>0x3791</value>
         <object_component_ref idref="oc-2e1"/>
      </symbol>
      <symbol id="sm-648">
         <name>I2CMasterControl</name>
         <value>0x378d</value>
         <object_component_ref idref="oc-2d4"/>
      </symbol>
      <symbol id="sm-649">
         <name>I2CMasterBusy</name>
         <value>0x3759</value>
         <object_component_ref idref="oc-38e"/>
      </symbol>
      <symbol id="sm-64a">
         <name>I2CMasterEnable</name>
         <value>0x373d</value>
         <object_component_ref idref="oc-2bb"/>
      </symbol>
      <symbol id="sm-66f">
         <name>GPIOPinTypeGPIOOutput</name>
         <value>0x36c1</value>
         <object_component_ref idref="oc-2e9"/>
      </symbol>
      <symbol id="sm-670">
         <name>GPIODirModeSet</name>
         <value>0x3503</value>
         <object_component_ref idref="oc-3ab"/>
      </symbol>
      <symbol id="sm-671">
         <name>GPIOPinWrite</name>
         <value>0x3769</value>
         <object_component_ref idref="oc-2ef"/>
      </symbol>
      <symbol id="sm-672">
         <name>GPIOPadConfigSet</name>
         <value>0x2525</value>
         <object_component_ref idref="oc-3a5"/>
      </symbol>
      <symbol id="sm-688">
         <name>FPULazyStackingEnable</name>
         <value>0x36f5</value>
         <object_component_ref idref="oc-d9"/>
      </symbol>
      <symbol id="sm-689">
         <name>FPUEnable</name>
         <value>0x36e5</value>
         <object_component_ref idref="oc-d3"/>
      </symbol>
      <symbol id="sm-6ac">
         <name>g_sFontCm20</name>
         <value>0x40fc</value>
         <object_component_ref idref="oc-155"/>
      </symbol>
      <symbol id="sm-7d6">
         <name>GrFontInfoGet</name>
         <value>0x35a9</value>
         <object_component_ref idref="oc-228"/>
      </symbol>
      <symbol id="sm-7d7">
         <name>GrDefaultStringRenderer</name>
         <value>0x2395</value>
         <object_component_ref idref="oc-1f2"/>
      </symbol>
      <symbol id="sm-7d8">
         <name>GrFontGlyphRender</name>
         <value>0x1615</value>
         <object_component_ref idref="oc-309"/>
      </symbol>
      <symbol id="sm-7d9">
         <name>GrContextFontSet</name>
         <value>0x376f</value>
         <object_component_ref idref="oc-10f"/>
      </symbol>
      <symbol id="sm-7da">
         <name>GrFontGlyphDataGet</name>
         <value>0x3619</value>
         <object_component_ref idref="oc-222"/>
      </symbol>
      <symbol id="sm-7db">
         <name>GrStringDraw</name>
         <value>0x36d3</value>
         <object_component_ref idref="oc-121"/>
      </symbol>
      <symbol id="sm-7dc">
         <name>GrFontCodepageGet</name>
         <value>0x365b</value>
         <object_component_ref idref="oc-326"/>
      </symbol>
      <symbol id="sm-7dd">
         <name>GrStringNextCharGet</name>
         <value>0x3557</value>
         <object_component_ref idref="oc-21c"/>
      </symbol>
      <symbol id="sm-7de">
         <name>GrStringWidthGet</name>
         <value>0x2e71</value>
         <object_component_ref idref="oc-115"/>
      </symbol>
      <symbol id="sm-7df">
         <name>GrFontBaselineGet</name>
         <value>0x352d</value>
         <object_component_ref idref="oc-11b"/>
      </symbol>
      <symbol id="sm-7fb">
         <name>GrRectFill</name>
         <value>0x28cd</value>
         <object_component_ref idref="oc-103"/>
      </symbol>
      <symbol id="sm-7fc">
         <name>GrRectDraw</name>
         <value>0x2f45</value>
         <object_component_ref idref="oc-109"/>
      </symbol>
      <symbol id="sm-815">
         <name>GrLineDrawH</name>
         <value>0x3319</value>
         <object_component_ref idref="oc-207"/>
      </symbol>
      <symbol id="sm-816">
         <name>GrLineDrawV</name>
         <value>0x335f</value>
         <object_component_ref idref="oc-20d"/>
      </symbol>
      <symbol id="sm-835">
         <name>GrContextInit</name>
         <value>0x2fad</value>
         <object_component_ref idref="oc-fd"/>
      </symbol>
      <symbol id="sm-836">
         <name>g_psDefaultCodePointMapTable</name>
         <value>0x424c</value>
         <object_component_ref idref="oc-1f8"/>
      </symbol>
      <symbol id="sm-843">
         <name>GrMapISO8859_1_Unicode</name>
         <value>0x3751</value>
         <object_component_ref idref="oc-315"/>
      </symbol>
      <symbol id="sm-844">
         <name>__TI_static_base__</name>
         <value>0x0</value>
      </symbol>
      <symbol id="sm-847">
         <name>SHT$$INIT_ARRAY$$Limit</name>
         <value>0x0</value>
      </symbol>
      <symbol id="sm-848">
         <name>SHT$$INIT_ARRAY$$Base</name>
         <value>0x0</value>
      </symbol>
   </symbol_table>
   <title>Link successful</title>
</link_info>
