<?xml version="1.0"?>
<link_info>
   <banner>TI ARM Linker PC v5.1.9</banner>
   <copyright>Copyright (c) 1996-2014 Texas Instruments Incorporated</copyright>
   <link_time>0x5499daf9</link_time>
   <link_errors>0x0</link_errors>
   <output_file>AD7294.out</output_file>
   <entry_point>
      <name>_c_int00</name>
      <address>0x2529</address>
   </entry_point>
   <input_file_list>
      <input_file id="fl-2">
         <path>.\</path>
         <kind>object</kind>
         <file>AD7294.obj</file>
         <name>AD7294.obj</name>
      </input_file>
      <input_file id="fl-3">
         <path>.\</path>
         <kind>object</kind>
         <file>AD7294_main.obj</file>
         <name>AD7294_main.obj</name>
      </input_file>
      <input_file id="fl-4">
         <path>.\</path>
         <kind>object</kind>
         <file>startup_ccs.obj</file>
         <name>startup_ccs.obj</name>
      </input_file>
      <input_file id="fl-5">
         <path>.\utils\</path>
         <kind>object</kind>
         <file>uartstdio.obj</file>
         <name>uartstdio.obj</name>
      </input_file>
      <input_file id="fl-6">
         <path>.\drivers\</path>
         <kind>object</kind>
         <file>rgb.obj</file>
         <name>rgb.obj</name>
      </input_file>
      <input_file id="fl-135">
         <path>c:\ti\ccsv6\tools\compiler\arm_5.1.9\lib\</path>
         <kind>archive</kind>
         <file>rtsv7M4_T_le_v4SPD16_eabi.lib</file>
         <name>boot.obj</name>
      </input_file>
      <input_file id="fl-136">
         <path>c:\ti\ccsv6\tools\compiler\arm_5.1.9\lib\</path>
         <kind>archive</kind>
         <file>rtsv7M4_T_le_v4SPD16_eabi.lib</file>
         <name>copy_decompress_none.obj</name>
      </input_file>
      <input_file id="fl-137">
         <path>c:\ti\ccsv6\tools\compiler\arm_5.1.9\lib\</path>
         <kind>archive</kind>
         <file>rtsv7M4_T_le_v4SPD16_eabi.lib</file>
         <name>copy_decompress_rle.obj</name>
      </input_file>
      <input_file id="fl-138">
         <path>c:\ti\ccsv6\tools\compiler\arm_5.1.9\lib\</path>
         <kind>archive</kind>
         <file>rtsv7M4_T_le_v4SPD16_eabi.lib</file>
         <name>copy_zero_init.obj</name>
      </input_file>
      <input_file id="fl-139">
         <path>c:\ti\ccsv6\tools\compiler\arm_5.1.9\lib\</path>
         <kind>archive</kind>
         <file>rtsv7M4_T_le_v4SPD16_eabi.lib</file>
         <name>exit.obj</name>
      </input_file>
      <input_file id="fl-13a">
         <path>c:\ti\ccsv6\tools\compiler\arm_5.1.9\lib\</path>
         <kind>archive</kind>
         <file>rtsv7M4_T_le_v4SPD16_eabi.lib</file>
         <name>fs_toull_t2.obj</name>
      </input_file>
      <input_file id="fl-13b">
         <path>c:\ti\ccsv6\tools\compiler\arm_5.1.9\lib\</path>
         <kind>archive</kind>
         <file>rtsv7M4_T_le_v4SPD16_eabi.lib</file>
         <name>memcpy_t2.obj</name>
      </input_file>
      <input_file id="fl-13c">
         <path>c:\ti\ccsv6\tools\compiler\arm_5.1.9\lib\</path>
         <kind>archive</kind>
         <file>rtsv7M4_T_le_v4SPD16_eabi.lib</file>
         <name>powf.obj</name>
      </input_file>
      <input_file id="fl-13d">
         <path>c:\ti\ccsv6\tools\compiler\arm_5.1.9\lib\</path>
         <kind>archive</kind>
         <file>rtsv7M4_T_le_v4SPD16_eabi.lib</file>
         <name>stkdepth_vars.obj</name>
      </input_file>
      <input_file id="fl-13e">
         <path>c:\ti\ccsv6\tools\compiler\arm_5.1.9\lib\</path>
         <kind>archive</kind>
         <file>rtsv7M4_T_le_v4SPD16_eabi.lib</file>
         <name>u_divt2.obj</name>
      </input_file>
      <input_file id="fl-13f">
         <path>c:\ti\ccsv6\tools\compiler\arm_5.1.9\lib\</path>
         <kind>archive</kind>
         <file>rtsv7M4_T_le_v4SPD16_eabi.lib</file>
         <name>xfdint.obj</name>
      </input_file>
      <input_file id="fl-140">
         <path>c:\ti\ccsv6\tools\compiler\arm_5.1.9\lib\</path>
         <kind>archive</kind>
         <file>rtsv7M4_T_le_v4SPD16_eabi.lib</file>
         <name>xfdunsca.obj</name>
      </input_file>
      <input_file id="fl-141">
         <path>c:\ti\ccsv6\tools\compiler\arm_5.1.9\lib\</path>
         <kind>archive</kind>
         <file>rtsv7M4_T_le_v4SPD16_eabi.lib</file>
         <name>xferaise.obj</name>
      </input_file>
      <input_file id="fl-142">
         <path>c:\ti\ccsv6\tools\compiler\arm_5.1.9\lib\</path>
         <kind>archive</kind>
         <file>rtsv7M4_T_le_v4SPD16_eabi.lib</file>
         <name>xfexp.obj</name>
      </input_file>
      <input_file id="fl-143">
         <path>c:\ti\ccsv6\tools\compiler\arm_5.1.9\lib\</path>
         <kind>archive</kind>
         <file>rtsv7M4_T_le_v4SPD16_eabi.lib</file>
         <name>xfvalues.obj</name>
      </input_file>
      <input_file id="fl-144">
         <path>c:\ti\ccsv6\tools\compiler\arm_5.1.9\lib\</path>
         <kind>archive</kind>
         <file>rtsv7M4_T_le_v4SPD16_eabi.lib</file>
         <name>_lock.obj</name>
      </input_file>
      <input_file id="fl-145">
         <path>c:\ti\ccsv6\tools\compiler\arm_5.1.9\lib\</path>
         <kind>archive</kind>
         <file>rtsv7M4_T_le_v4SPD16_eabi.lib</file>
         <name>args_main.obj</name>
      </input_file>
      <input_file id="fl-146">
         <path>c:\ti\ccsv6\tools\compiler\arm_5.1.9\lib\</path>
         <kind>archive</kind>
         <file>rtsv7M4_T_le_v4SPD16_eabi.lib</file>
         <name>auto_init.obj</name>
      </input_file>
      <input_file id="fl-147">
         <path>c:\ti\ccsv6\tools\compiler\arm_5.1.9\lib\</path>
         <kind>archive</kind>
         <file>rtsv7M4_T_le_v4SPD16_eabi.lib</file>
         <name>cpy_tbl.obj</name>
      </input_file>
      <input_file id="fl-148">
         <path>c:\ti\ccsv6\tools\compiler\arm_5.1.9\lib\</path>
         <kind>archive</kind>
         <file>rtsv7M4_T_le_v4SPD16_eabi.lib</file>
         <name>errno.obj</name>
      </input_file>
      <input_file id="fl-149">
         <path>c:\ti\ccsv6\tools\compiler\arm_5.1.9\lib\</path>
         <kind>archive</kind>
         <file>rtsv7M4_T_le_v4SPD16_eabi.lib</file>
         <name>fd_add_t2.obj</name>
      </input_file>
      <input_file id="fl-14a">
         <path>c:\ti\ccsv6\tools\compiler\arm_5.1.9\lib\</path>
         <kind>archive</kind>
         <file>rtsv7M4_T_le_v4SPD16_eabi.lib</file>
         <name>fd_div_t2.obj</name>
      </input_file>
      <input_file id="fl-14b">
         <path>c:\ti\ccsv6\tools\compiler\arm_5.1.9\lib\</path>
         <kind>archive</kind>
         <file>rtsv7M4_T_le_v4SPD16_eabi.lib</file>
         <name>fd_mul_t2.obj</name>
      </input_file>
      <input_file id="fl-14c">
         <path>c:\ti\ccsv6\tools\compiler\arm_5.1.9\lib\</path>
         <kind>archive</kind>
         <file>rtsv7M4_T_le_v4SPD16_eabi.lib</file>
         <name>fd_tos_t2.obj</name>
      </input_file>
      <input_file id="fl-14d">
         <path>c:\ti\ccsv6\tools\compiler\arm_5.1.9\lib\</path>
         <kind>archive</kind>
         <file>rtsv7M4_T_le_v4SPD16_eabi.lib</file>
         <name>feraiseexcept.obj</name>
      </input_file>
      <input_file id="fl-14e">
         <path>c:\ti\ccsv6\tools\compiler\arm_5.1.9\lib\</path>
         <kind>archive</kind>
         <file>rtsv7M4_T_le_v4SPD16_eabi.lib</file>
         <name>fs_tod_t2.obj</name>
      </input_file>
      <input_file id="fl-14f">
         <path>c:\ti\ccsv6\tools\compiler\arm_5.1.9\lib\</path>
         <kind>archive</kind>
         <file>rtsv7M4_T_le_v4SPD16_eabi.lib</file>
         <name>logf.obj</name>
      </input_file>
      <input_file id="fl-150">
         <path>c:\ti\ccsv6\tools\compiler\arm_5.1.9\lib\</path>
         <kind>archive</kind>
         <file>rtsv7M4_T_le_v4SPD16_eabi.lib</file>
         <name>raise.obj</name>
      </input_file>
      <input_file id="fl-151">
         <path>c:\ti\ccsv6\tools\compiler\arm_5.1.9\lib\</path>
         <kind>archive</kind>
         <file>rtsv7M4_T_le_v4SPD16_eabi.lib</file>
         <name>signal.obj</name>
      </input_file>
      <input_file id="fl-152">
         <path>c:\ti\ccsv6\tools\compiler\arm_5.1.9\lib\</path>
         <kind>archive</kind>
         <file>rtsv7M4_T_le_v4SPD16_eabi.lib</file>
         <name>xfdnorm.obj</name>
      </input_file>
      <input_file id="fl-153">
         <path>c:\ti\ccsv6\tools\compiler\arm_5.1.9\lib\</path>
         <kind>archive</kind>
         <file>rtsv7M4_T_le_v4SPD16_eabi.lib</file>
         <name>xfdscale.obj</name>
      </input_file>
      <input_file id="fl-154">
         <path>c:\ti\ccsv6\tools\compiler\arm_5.1.9\lib\</path>
         <kind>archive</kind>
         <file>rtsv7M4_T_le_v4SPD16_eabi.lib</file>
         <name>xflog.obj</name>
      </input_file>
      <input_file id="fl-155">
         <path>C:\ti\TivaWare_C_Series-1.0\examples\boards\ek-tm4c123gxl-boostxl-senshub\pressure_bmp180\ccs\..\..\..\..\..\driverlib\ccs\Debug\</path>
         <kind>archive</kind>
         <file>driverlib.lib</file>
         <name>uart.obj</name>
      </input_file>
      <input_file id="fl-156">
         <path>C:\ti\TivaWare_C_Series-1.0\examples\boards\ek-tm4c123gxl-boostxl-senshub\pressure_bmp180\ccs\..\..\..\..\..\driverlib\ccs\Debug\</path>
         <kind>archive</kind>
         <file>driverlib.lib</file>
         <name>sysctl.obj</name>
      </input_file>
      <input_file id="fl-157">
         <path>C:\ti\TivaWare_C_Series-1.0\examples\boards\ek-tm4c123gxl-boostxl-senshub\pressure_bmp180\ccs\..\..\..\..\..\driverlib\ccs\Debug\</path>
         <kind>archive</kind>
         <file>driverlib.lib</file>
         <name>interrupt.obj</name>
      </input_file>
      <input_file id="fl-158">
         <path>C:\ti\TivaWare_C_Series-1.0\examples\boards\ek-tm4c123gxl-boostxl-senshub\pressure_bmp180\ccs\..\..\..\..\..\driverlib\ccs\Debug\</path>
         <kind>archive</kind>
         <file>driverlib.lib</file>
         <name>gpio.obj</name>
      </input_file>
      <input_file id="fl-159">
         <path>C:\ti\TivaWare_C_Series-1.0\examples\boards\ek-tm4c123gxl-boostxl-senshub\pressure_bmp180\ccs\..\..\..\..\..\driverlib\ccs\Debug\</path>
         <kind>archive</kind>
         <file>driverlib.lib</file>
         <name>cpu.obj</name>
      </input_file>
      <input_file id="fl-15a">
         <path>C:\ti\TivaWare_C_Series-1.0\examples\boards\ek-tm4c123gxl-boostxl-senshub\pressure_bmp180\ccs\..\..\..\..\..\sensorlib\ccs\Debug\</path>
         <kind>archive</kind>
         <file>sensorlib.lib</file>
         <name>i2cm_drv.obj</name>
      </input_file>
      <input_file id="fl-15b">
         <path>C:\ti\TivaWare_C_Series-1.0\examples\boards\ek-tm4c123gxl-boostxl-senshub\pressure_bmp180\ccs\..\..\..\..\..\driverlib\ccs\Debug\</path>
         <kind>archive</kind>
         <file>driverlib.lib</file>
         <name>i2c.obj</name>
      </input_file>
   </input_file_list>
   <object_component_list>
      <object_component id="oc-e">
         <name>.intvecs</name>
         <load_address>0x0</load_address>
         <run_address>0x0</run_address>
         <size>0x26c</size>
         <input_file_ref idref="fl-4"/>
      </object_component>
      <object_component id="oc-1bd">
         <name>.text</name>
         <load_address>0x26c</load_address>
         <run_address>0x26c</run_address>
         <size>0x3f0</size>
         <input_file_ref idref="fl-13c"/>
      </object_component>
      <object_component id="oc-d0">
         <name>.text:main</name>
         <load_address>0x65c</load_address>
         <run_address>0x65c</run_address>
         <size>0x2b4</size>
         <input_file_ref idref="fl-3"/>
      </object_component>
      <object_component id="oc-1b7">
         <name>.text:AD7294DataPressureGetFloat</name>
         <load_address>0x910</load_address>
         <run_address>0x910</run_address>
         <size>0x1ec</size>
         <input_file_ref idref="fl-2"/>
      </object_component>
      <object_component id="oc-241">
         <name>.text:UARTvprintf</name>
         <load_address>0xafc</load_address>
         <run_address>0xafc</run_address>
         <size>0x1ea</size>
         <input_file_ref idref="fl-5"/>
      </object_component>
      <object_component id="oc-35">
         <name>.text:FaultISR</name>
         <load_address>0xce6</load_address>
         <run_address>0xce6</run_address>
         <size>0x2</size>
         <input_file_ref idref="fl-4"/>
      </object_component>
      <object_component id="oc-102">
         <name>.text:AD7294Callback</name>
         <load_address>0xce8</load_address>
         <run_address>0xce8</run_address>
         <size>0x1d0</size>
         <input_file_ref idref="fl-2"/>
      </object_component>
      <object_component id="oc-304">
         <name>.text</name>
         <load_address>0xeb8</load_address>
         <run_address>0xeb8</run_address>
         <size>0x1b6</size>
         <input_file_ref idref="fl-149"/>
      </object_component>
      <object_component id="oc-3b">
         <name>.text:IntDefaultHandler</name>
         <load_address>0x106e</load_address>
         <run_address>0x106e</run_address>
         <size>0x2</size>
         <input_file_ref idref="fl-4"/>
      </object_component>
      <object_component id="oc-299">
         <name>.text</name>
         <load_address>0x1070</load_address>
         <run_address>0x1070</run_address>
         <size>0x184</size>
         <input_file_ref idref="fl-142"/>
      </object_component>
      <object_component id="oc-2f7">
         <name>.text</name>
         <load_address>0x11f4</load_address>
         <run_address>0x11f4</run_address>
         <size>0x178</size>
         <input_file_ref idref="fl-154"/>
      </object_component>
      <object_component id="oc-309">
         <name>.text</name>
         <load_address>0x136c</load_address>
         <run_address>0x136c</run_address>
         <size>0x136</size>
         <input_file_ref idref="fl-14a"/>
      </object_component>
      <object_component id="oc-2f">
         <name>.text:NmiSR</name>
         <load_address>0x14a2</load_address>
         <run_address>0x14a2</run_address>
         <size>0x2</size>
         <input_file_ref idref="fl-4"/>
      </object_component>
      <object_component id="oc-187">
         <name>.text:RGBInit</name>
         <load_address>0x14a4</load_address>
         <run_address>0x14a4</run_address>
         <size>0x100</size>
         <input_file_ref idref="fl-6"/>
      </object_component>
      <object_component id="oc-30e">
         <name>.text</name>
         <load_address>0x15a4</load_address>
         <run_address>0x15a4</run_address>
         <size>0xfc</size>
         <input_file_ref idref="fl-14b"/>
      </object_component>
      <object_component id="oc-a5">
         <name>.text:I2CMIntHandler</name>
         <load_address>0x16a0</load_address>
         <run_address>0x16a0</run_address>
         <size>0xea</size>
         <input_file_ref idref="fl-15a"/>
      </object_component>
      <object_component id="oc-b5">
         <name>.text:RGBEnable</name>
         <load_address>0x178c</load_address>
         <run_address>0x178c</run_address>
         <size>0xc0</size>
         <input_file_ref idref="fl-6"/>
      </object_component>
      <object_component id="oc-318">
         <name>.text</name>
         <load_address>0x184c</load_address>
         <run_address>0x184c</run_address>
         <size>0xc0</size>
         <input_file_ref idref="fl-153"/>
      </object_component>
      <object_component id="oc-25e">
         <name>.text:GPIOPadConfigSet</name>
         <load_address>0x190c</load_address>
         <run_address>0x190c</run_address>
         <size>0xb8</size>
         <input_file_ref idref="fl-158"/>
      </object_component>
      <object_component id="oc-273">
         <name>.text:SysCtlClockGet</name>
         <load_address>0x19c4</load_address>
         <run_address>0x19c4</run_address>
         <size>0xb4</size>
         <input_file_ref idref="fl-156"/>
      </object_component>
      <object_component id="oc-6b">
         <name>.text</name>
         <load_address>0x1a78</load_address>
         <run_address>0x1a78</run_address>
         <size>0x9c</size>
         <input_file_ref idref="fl-13b"/>
      </object_component>
      <object_component id="oc-163">
         <name>.text:I2CMStateIdle</name>
         <load_address>0x1b14</load_address>
         <run_address>0x1b14</run_address>
         <size>0x98</size>
         <input_file_ref idref="fl-15a"/>
      </object_component>
      <object_component id="oc-56">
         <name>.text</name>
         <load_address>0x1bac</load_address>
         <run_address>0x1bac</run_address>
         <size>0x94</size>
         <input_file_ref idref="fl-146"/>
      </object_component>
      <object_component id="oc-18d">
         <name>.text:RGBColorSet</name>
         <load_address>0x1c40</load_address>
         <run_address>0x1c40</run_address>
         <size>0x90</size>
         <input_file_ref idref="fl-6"/>
      </object_component>
      <object_component id="oc-287">
         <name>.text</name>
         <load_address>0x1cd0</load_address>
         <run_address>0x1cd0</run_address>
         <size>0x90</size>
         <input_file_ref idref="fl-13f"/>
      </object_component>
      <object_component id="oc-1b1">
         <name>.text:AD7294DataTemperatureGetFloat</name>
         <load_address>0x1d60</load_address>
         <run_address>0x1d60</run_address>
         <size>0x84</size>
         <input_file_ref idref="fl-2"/>
      </object_component>
      <object_component id="oc-fc">
         <name>.text:I2CMCommand</name>
         <load_address>0x1de4</load_address>
         <run_address>0x1de4</run_address>
         <size>0x84</size>
         <input_file_ref idref="fl-15a"/>
      </object_component>
      <object_component id="oc-2e1">
         <name>.text</name>
         <load_address>0x1e68</load_address>
         <run_address>0x1e68</run_address>
         <size>0x7a</size>
         <input_file_ref idref="fl-152"/>
      </object_component>
      <object_component id="oc-1ab">
         <name>.text:RGBBlinkRateSet</name>
         <load_address>0x1ee4</load_address>
         <run_address>0x1ee4</run_address>
         <size>0x78</size>
         <input_file_ref idref="fl-6"/>
      </object_component>
      <object_component id="oc-af">
         <name>.text:RGBDisable</name>
         <load_address>0x1f5c</load_address>
         <run_address>0x1f5c</run_address>
         <size>0x68</size>
         <input_file_ref idref="fl-6"/>
      </object_component>
      <object_component id="oc-17b">
         <name>.text:ConfigureUART</name>
         <load_address>0x1fc4</load_address>
         <run_address>0x1fc4</run_address>
         <size>0x64</size>
         <input_file_ref idref="fl-3"/>
      </object_component>
      <object_component id="oc-1e2">
         <name>.text:IntIsEnabled</name>
         <load_address>0x2028</load_address>
         <run_address>0x2028</run_address>
         <size>0x64</size>
         <input_file_ref idref="fl-157"/>
      </object_component>
      <object_component id="oc-1e8">
         <name>.text:IntDisable</name>
         <load_address>0x208c</load_address>
         <run_address>0x208c</run_address>
         <size>0x60</size>
         <input_file_ref idref="fl-157"/>
      </object_component>
      <object_component id="oc-1f4">
         <name>.text:IntEnable</name>
         <load_address>0x20ec</load_address>
         <run_address>0x20ec</run_address>
         <size>0x60</size>
         <input_file_ref idref="fl-157"/>
      </object_component>
      <object_component id="oc-23a">
         <name>.text:UARTStdioConfig</name>
         <load_address>0x214c</load_address>
         <run_address>0x214c</run_address>
         <size>0x60</size>
         <input_file_ref idref="fl-5"/>
      </object_component>
      <object_component id="oc-151">
         <name>.text:I2CMStateWritePause</name>
         <load_address>0x21ac</load_address>
         <run_address>0x21ac</run_address>
         <size>0x5e</size>
         <input_file_ref idref="fl-15a"/>
      </object_component>
      <object_component id="oc-7e">
         <name>.text</name>
         <load_address>0x220a</load_address>
         <run_address>0x220a</run_address>
         <size>0x5e</size>
         <input_file_ref idref="fl-137"/>
      </object_component>
      <object_component id="oc-95">
         <name>.text:AD7294DataRead</name>
         <load_address>0x2268</load_address>
         <run_address>0x2268</run_address>
         <size>0x58</size>
         <input_file_ref idref="fl-2"/>
      </object_component>
      <object_component id="oc-1a5">
         <name>.text:AD7294Init</name>
         <load_address>0x22c0</load_address>
         <run_address>0x22c0</run_address>
         <size>0x54</size>
         <input_file_ref idref="fl-2"/>
      </object_component>
      <object_component id="oc-281">
         <name>.text</name>
         <load_address>0x2314</load_address>
         <run_address>0x2314</run_address>
         <size>0x54</size>
         <input_file_ref idref="fl-140"/>
      </object_component>
      <object_component id="oc-279">
         <name>.text</name>
         <load_address>0x2368</load_address>
         <run_address>0x2368</run_address>
         <size>0x50</size>
         <input_file_ref idref="fl-13a"/>
      </object_component>
      <object_component id="oc-157">
         <name>.text:I2CMStateWriteFinal</name>
         <load_address>0x23b8</load_address>
         <run_address>0x23b8</run_address>
         <size>0x4e</size>
         <input_file_ref idref="fl-15a"/>
      </object_component>
      <object_component id="oc-313">
         <name>.text</name>
         <load_address>0x2406</load_address>
         <run_address>0x2406</run_address>
         <size>0x4a</size>
         <input_file_ref idref="fl-14c"/>
      </object_component>
      <object_component id="oc-13f">
         <name>.text:I2CMStateReadNext</name>
         <load_address>0x2450</load_address>
         <run_address>0x2450</run_address>
         <size>0x48</size>
         <input_file_ref idref="fl-15a"/>
      </object_component>
      <object_component id="oc-265">
         <name>.text:I2CMasterInitExpClk</name>
         <load_address>0x2498</load_address>
         <run_address>0x2498</run_address>
         <size>0x48</size>
         <input_file_ref idref="fl-15b"/>
      </object_component>
      <object_component id="oc-2c0">
         <name>.text:UARTwrite</name>
         <load_address>0x24e0</load_address>
         <run_address>0x24e0</run_address>
         <size>0x48</size>
         <input_file_ref idref="fl-5"/>
      </object_component>
      <object_component id="oc-11">
         <name>.text</name>
         <load_address>0x2528</load_address>
         <run_address>0x2528</run_address>
         <size>0x48</size>
         <input_file_ref idref="fl-135"/>
      </object_component>
      <object_component id="oc-15d">
         <name>.text:I2CMStateWriteNext</name>
         <load_address>0x2570</load_address>
         <run_address>0x2570</run_address>
         <size>0x46</size>
         <input_file_ref idref="fl-15a"/>
      </object_component>
      <object_component id="oc-c9">
         <name>.text</name>
         <load_address>0x25b8</load_address>
         <run_address>0x25b8</run_address>
         <size>0x44</size>
         <input_file_ref idref="fl-147"/>
      </object_component>
      <object_component id="oc-61">
         <name>.text</name>
         <load_address>0x25fc</load_address>
         <run_address>0x25fc</run_address>
         <size>0x44</size>
         <input_file_ref idref="fl-139"/>
      </object_component>
      <object_component id="oc-2c6">
         <name>.text</name>
         <load_address>0x2640</load_address>
         <run_address>0x2640</run_address>
         <size>0x42</size>
         <input_file_ref idref="fl-13e"/>
      </object_component>
      <object_component id="oc-127">
         <name>.text:I2CMStateCallback</name>
         <load_address>0x2682</load_address>
         <run_address>0x2682</run_address>
         <size>0x40</size>
         <input_file_ref idref="fl-15a"/>
      </object_component>
      <object_component id="oc-368">
         <name>.text</name>
         <load_address>0x26c4</load_address>
         <run_address>0x26c4</run_address>
         <size>0x40</size>
         <input_file_ref idref="fl-151"/>
      </object_component>
      <object_component id="oc-139">
         <name>.text:I2CMStateReadFinal</name>
         <load_address>0x2704</load_address>
         <run_address>0x2704</run_address>
         <size>0x3e</size>
         <input_file_ref idref="fl-15a"/>
      </object_component>
      <object_component id="oc-133">
         <name>.text:I2CMStateReadPause</name>
         <load_address>0x2742</load_address>
         <run_address>0x2742</run_address>
         <size>0x3e</size>
         <input_file_ref idref="fl-15a"/>
      </object_component>
      <object_component id="oc-4d">
         <name>.text:RGBBlinkIntHandler</name>
         <load_address>0x2780</load_address>
         <run_address>0x2780</run_address>
         <size>0x38</size>
         <input_file_ref idref="fl-6"/>
      </object_component>
      <object_component id="oc-2ff">
         <name>.text</name>
         <load_address>0x27b8</load_address>
         <run_address>0x27b8</run_address>
         <size>0x38</size>
         <input_file_ref idref="fl-14e"/>
      </object_component>
      <object_component id="oc-19f">
         <name>.text:I2CMInit</name>
         <load_address>0x27f0</load_address>
         <run_address>0x27f0</run_address>
         <size>0x34</size>
         <input_file_ref idref="fl-15a"/>
      </object_component>
      <object_component id="oc-2ed">
         <name>.text</name>
         <load_address>0x2824</load_address>
         <run_address>0x2824</run_address>
         <size>0x34</size>
         <input_file_ref idref="fl-14d"/>
      </object_component>
      <object_component id="oc-41">
         <name>.text:SysTickIntHandler</name>
         <load_address>0x2858</load_address>
         <run_address>0x2858</run_address>
         <size>0x30</size>
         <input_file_ref idref="fl-3"/>
      </object_component>
      <object_component id="oc-28d">
         <name>.text</name>
         <load_address>0x2888</load_address>
         <run_address>0x2888</run_address>
         <size>0x30</size>
         <input_file_ref idref="fl-141"/>
      </object_component>
      <object_component id="oc-346">
         <name>.text</name>
         <load_address>0x28b8</load_address>
         <run_address>0x28b8</run_address>
         <size>0x2e</size>
         <input_file_ref idref="fl-150"/>
      </object_component>
      <object_component id="oc-258">
         <name>.text:GPIODirModeSet</name>
         <load_address>0x28e6</load_address>
         <run_address>0x28e6</run_address>
         <size>0x2a</size>
         <input_file_ref idref="fl-158"/>
      </object_component>
      <object_component id="oc-145">
         <name>.text:I2CMStateReadFirst</name>
         <load_address>0x2910</load_address>
         <run_address>0x2910</run_address>
         <size>0x2a</size>
         <input_file_ref idref="fl-15a"/>
      </object_component>
      <object_component id="oc-14b">
         <name>.text:I2CMStateReadOne</name>
         <load_address>0x293a</load_address>
         <run_address>0x293a</run_address>
         <size>0x20</size>
         <input_file_ref idref="fl-15a"/>
      </object_component>
      <object_component id="oc-181">
         <name>.text:UARTprintf</name>
         <load_address>0x295a</load_address>
         <run_address>0x295a</run_address>
         <size>0x1a</size>
         <input_file_ref idref="fl-5"/>
      </object_component>
      <object_component id="oc-12d">
         <name>.text:I2CMStateReadWait</name>
         <load_address>0x2974</load_address>
         <run_address>0x2974</run_address>
         <size>0x18</size>
         <input_file_ref idref="fl-15a"/>
      </object_component>
      <object_component id="oc-5b">
         <name>.text</name>
         <load_address>0x298c</load_address>
         <run_address>0x298c</run_address>
         <size>0x18</size>
         <input_file_ref idref="fl-145"/>
      </object_component>
      <object_component id="oc-11b">
         <name>.text:I2CMasterErr</name>
         <load_address>0x29a4</load_address>
         <run_address>0x29a4</run_address>
         <size>0x16</size>
         <input_file_ref idref="fl-15b"/>
      </object_component>
      <object_component id="oc-193">
         <name>.text:RGBIntensitySet</name>
         <load_address>0x29bc</load_address>
         <run_address>0x29bc</run_address>
         <size>0x14</size>
         <input_file_ref idref="fl-6"/>
      </object_component>
      <object_component id="oc-1cd">
         <name>.text</name>
         <load_address>0x29d0</load_address>
         <run_address>0x29d0</run_address>
         <size>0x14</size>
         <input_file_ref idref="fl-144"/>
      </object_component>
      <object_component id="oc-199">
         <name>.text:GPIOPinTypeI2CSCL</name>
         <load_address>0x29e4</load_address>
         <run_address>0x29e4</run_address>
         <size>0x12</size>
         <input_file_ref idref="fl-158"/>
      </object_component>
      <object_component id="oc-1c">
         <name>.text:decompress:ZI</name>
         <load_address>0x29f6</load_address>
         <run_address>0x29f6</run_address>
         <size>0x12</size>
         <input_file_ref idref="fl-138"/>
      </object_component>
      <object_component id="oc-9e">
         <name>.text:AD7294AppCallback</name>
         <load_address>0x2a08</load_address>
         <run_address>0x2a08</run_address>
         <size>0x10</size>
         <input_file_ref idref="fl-3"/>
      </object_component>
      <object_component id="oc-16">
         <name>.text:decompress:none</name>
         <load_address>0x2a18</load_address>
         <run_address>0x2a18</run_address>
         <size>0xe</size>
         <input_file_ref idref="fl-136"/>
      </object_component>
      <object_component id="oc-47">
         <name>.text:AD7294I2CIntHandler</name>
         <load_address>0x2a28</load_address>
         <run_address>0x2a28</run_address>
         <size>0xc</size>
         <input_file_ref idref="fl-3"/>
      </object_component>
      <object_component id="oc-1ee">
         <name>.text:IntTrigger</name>
         <load_address>0x2a34</load_address>
         <run_address>0x2a34</run_address>
         <size>0xc</size>
         <input_file_ref idref="fl-157"/>
      </object_component>
      <object_component id="oc-2d4">
         <name>.text:I2CMasterEnable</name>
         <load_address>0x2a40</load_address>
         <run_address>0x2a40</run_address>
         <size>0xa</size>
         <input_file_ref idref="fl-15b"/>
      </object_component>
      <object_component id="oc-115">
         <name>.text:I2CMasterIntClear</name>
         <load_address>0x2a4a</load_address>
         <run_address>0x2a4a</run_address>
         <size>0x8</size>
         <input_file_ref idref="fl-15b"/>
      </object_component>
      <object_component id="oc-26b">
         <name>.text:I2CMasterIntEnableEx</name>
         <load_address>0x2a52</load_address>
         <run_address>0x2a52</run_address>
         <size>0x8</size>
         <input_file_ref idref="fl-15b"/>
      </object_component>
      <object_component id="oc-20f">
         <name>.text:I2CMasterSlaveAddrSet</name>
         <load_address>0x2a5a</load_address>
         <run_address>0x2a5a</run_address>
         <size>0x8</size>
         <input_file_ref idref="fl-15b"/>
      </object_component>
      <object_component id="oc-8f">
         <name>.text:GPIOPinWrite</name>
         <load_address>0x2a62</load_address>
         <run_address>0x2a62</run_address>
         <size>0x6</size>
         <input_file_ref idref="fl-158"/>
      </object_component>
      <object_component id="oc-29">
         <name>.text:ResetISR</name>
         <load_address>0x2a68</load_address>
         <run_address>0x2a68</run_address>
         <size>0x6</size>
         <input_file_ref idref="fl-4"/>
      </object_component>
      <object_component id="oc-234">
         <name>.text:UARTClockSourceSet</name>
         <load_address>0x2a6e</load_address>
         <run_address>0x2a6e</run_address>
         <size>0x6</size>
         <input_file_ref idref="fl-155"/>
      </object_component>
      <object_component id="oc-22">
         <name>.text:decompress:rle24</name>
         <load_address>0x2a74</load_address>
         <run_address>0x2a74</run_address>
         <size>0x6</size>
         <input_file_ref idref="fl-137"/>
      </object_component>
      <object_component id="oc-293">
         <name>.text</name>
         <load_address>0x2a7a</load_address>
         <run_address>0x2a7a</run_address>
         <size>0x6</size>
         <input_file_ref idref="fl-14f"/>
      </object_component>
      <object_component id="oc-121">
         <name>.text:I2CMasterControl</name>
         <load_address>0x2a80</load_address>
         <run_address>0x2a80</run_address>
         <size>0x4</size>
         <input_file_ref idref="fl-15b"/>
      </object_component>
      <object_component id="oc-205">
         <name>.text:I2CMasterDataGet</name>
         <load_address>0x2a84</load_address>
         <run_address>0x2a84</run_address>
         <size>0x4</size>
         <input_file_ref idref="fl-15b"/>
      </object_component>
      <object_component id="oc-217">
         <name>.text:I2CMasterDataPut</name>
         <load_address>0x2a88</load_address>
         <run_address>0x2a88</run_address>
         <size>0x4</size>
         <input_file_ref idref="fl-15b"/>
      </object_component>
      <object_component id="oc-2a7">
         <name>.const</name>
         <load_address>0x2a8c</load_address>
         <run_address>0x2a8c</run_address>
         <size>0x70</size>
         <input_file_ref idref="fl-157"/>
      </object_component>
      <object_component id="oc-2dc">
         <name>.const:g_pui32Xtals</name>
         <load_address>0x2afc</load_address>
         <run_address>0x2afc</run_address>
         <size>0x6c</size>
         <input_file_ref idref="fl-156"/>
      </object_component>
      <object_component id="oc-352">
         <name>.const</name>
         <load_address>0x2b68</load_address>
         <run_address>0x2b68</run_address>
         <size>0x38</size>
         <input_file_ref idref="fl-154"/>
      </object_component>
      <object_component id="oc-2e9">
         <name>.const</name>
         <load_address>0x2ba0</load_address>
         <run_address>0x2ba0</run_address>
         <size>0x28</size>
         <input_file_ref idref="fl-13f"/>
      </object_component>
      <object_component id="oc-31e">
         <name>.const</name>
         <load_address>0x2bc8</load_address>
         <run_address>0x2bc8</run_address>
         <size>0x1c</size>
         <input_file_ref idref="fl-142"/>
      </object_component>
      <object_component id="oc-2b6">
         <name>.const</name>
         <load_address>0x2be4</load_address>
         <run_address>0x2be4</run_address>
         <size>0x1c</size>
         <input_file_ref idref="fl-5"/>
      </object_component>
      <object_component id="oc-333">
         <name>.const:.string</name>
         <load_address>0x2c00</load_address>
         <run_address>0x2c00</run_address>
         <size>0x12</size>
         <input_file_ref idref="fl-5"/>
      </object_component>
      <object_component id="oc-3af">
         <name>.cinit..data.load</name>
         <load_address>0x2c18</load_address>
         <run_address>0x2c18</run_address>
         <size>0x3f</size>
      </object_component>
      <object_component id="oc-3ad">
         <name>__TI_handler_table</name>
         <load_address>0x2c58</load_address>
         <run_address>0x2c58</run_address>
         <size>0xc</size>
      </object_component>
      <object_component id="oc-3b0">
         <name>.cinit..bss.load</name>
         <load_address>0x2c68</load_address>
         <run_address>0x2c68</run_address>
         <size>0x8</size>
      </object_component>
      <object_component id="oc-3ae">
         <name>__TI_cinit_table</name>
         <load_address>0x2c70</load_address>
         <run_address>0x2c70</run_address>
         <size>0x10</size>
      </object_component>
      <object_component id="oc-67">
         <name>.data</name>
         <load_address>0x200006c8</load_address>
         <run_address>0x200006c8</run_address>
         <size>0x4</size>
         <input_file_ref idref="fl-13d"/>
      </object_component>
      <object_component id="oc-d8">
         <name>.data</name>
         <load_address>0x200006a0</load_address>
         <run_address>0x200006a0</run_address>
         <size>0x8</size>
         <input_file_ref idref="fl-144"/>
      </object_component>
      <object_component id="oc-db">
         <name>.data</name>
         <load_address>0x200006a8</load_address>
         <run_address>0x200006a8</run_address>
         <size>0x8</size>
         <input_file_ref idref="fl-139"/>
      </object_component>
      <object_component id="oc-251">
         <name>.data</name>
         <load_address>0x200006c0</load_address>
         <run_address>0x200006c0</run_address>
         <size>0x4</size>
         <input_file_ref idref="fl-6"/>
      </object_component>
      <object_component id="oc-29f">
         <name>.data</name>
         <load_address>0x20000638</load_address>
         <run_address>0x20000638</run_address>
         <size>0x68</size>
         <input_file_ref idref="fl-143"/>
      </object_component>
      <object_component id="oc-2b9">
         <name>.data</name>
         <load_address>0x200006b8</load_address>
         <run_address>0x200006b8</run_address>
         <size>0x5</size>
         <input_file_ref idref="fl-5"/>
      </object_component>
      <object_component id="oc-2f3">
         <name>.data</name>
         <load_address>0x200006c4</load_address>
         <run_address>0x200006c4</run_address>
         <size>0x4</size>
         <input_file_ref idref="fl-148"/>
      </object_component>
      <object_component id="oc-34c">
         <name>.data</name>
         <load_address>0x200006b0</load_address>
         <run_address>0x200006b0</run_address>
         <size>0x8</size>
         <input_file_ref idref="fl-14d"/>
      </object_component>
      <object_component id="oc-37f">
         <name>.data:sigtable</name>
         <load_address>0x20000588</load_address>
         <run_address>0x20000588</run_address>
         <size>0xb0</size>
         <input_file_ref idref="fl-151"/>
      </object_component>
      <object_component id="oc-9b">
         <name>.bss:g_sAD7294Inst</name>
         <uninitialized>true</uninitialized>
         <run_address>0x20000524</run_address>
         <size>0x44</size>
         <input_file_ref idref="fl-3"/>
      </object_component>
      <object_component id="oc-ab">
         <name>.bss:g_sI2CInst</name>
         <uninitialized>true</uninitialized>
         <run_address>0x20000400</run_address>
         <size>0x124</size>
         <input_file_ref idref="fl-3"/>
      </object_component>
      <object_component id="oc-1c3">
         <name>.common:g_pui32Colors</name>
         <uninitialized>true</uninitialized>
         <run_address>0x20000568</run_address>
         <size>0xc</size>
      </object_component>
      <object_component id="oc-1c4">
         <name>.common:g_vui8DataFlag</name>
         <uninitialized>true</uninitialized>
         <run_address>0x20000580</run_address>
         <size>0x4</size>
      </object_component>
      <object_component id="oc-256">
         <name>.common:g_ui32Colors</name>
         <uninitialized>true</uninitialized>
         <run_address>0x20000574</run_address>
         <size>0xc</size>
      </object_component>
      <object_component id="oc-bb">
         <name>.common:ulFlags$1</name>
         <uninitialized>true</uninitialized>
         <run_address>0x20000584</run_address>
         <size>0x4</size>
      </object_component>
      <object_component id="oc-28">
         <name>.stack</name>
         <uninitialized>true</uninitialized>
         <run_address>0x20000000</run_address>
         <size>0x0</size>
         <input_file_ref idref="fl-135"/>
      </object_component>
      <object_component id="oc-3b1">
         <name>.stack</name>
         <uninitialized>true</uninitialized>
         <run_address>0x20000000</run_address>
         <size>0x0</size>
      </object_component>
      <object_component id="oc-f">
         <name>.debug_info</name>
         <load_address>0x0</load_address>
         <run_address>0x0</run_address>
         <size>0xce</size>
         <input_file_ref idref="fl-4"/>
      </object_component>
      <object_component id="oc-12">
         <name>.debug_info</name>
         <load_address>0xce</load_address>
         <run_address>0xce</run_address>
         <size>0xf3</size>
         <input_file_ref idref="fl-135"/>
      </object_component>
      <object_component id="oc-1a">
         <name>.debug_info</name>
         <load_address>0x1c1</load_address>
         <run_address>0x1c1</run_address>
         <size>0x194</size>
         <input_file_ref idref="fl-136"/>
      </object_component>
      <object_component id="oc-1f">
         <name>.debug_info</name>
         <load_address>0x355</load_address>
         <run_address>0x355</run_address>
         <size>0x16a</size>
         <input_file_ref idref="fl-138"/>
      </object_component>
      <object_component id="oc-24">
         <name>.debug_info</name>
         <load_address>0x4bf</load_address>
         <run_address>0x4bf</run_address>
         <size>0x18e</size>
         <input_file_ref idref="fl-137"/>
      </object_component>
      <object_component id="oc-2a">
         <name>.debug_info</name>
         <load_address>0x64d</load_address>
         <run_address>0x64d</run_address>
         <size>0xfe</size>
         <input_file_ref idref="fl-4"/>
      </object_component>
      <object_component id="oc-30">
         <name>.debug_info</name>
         <load_address>0x74b</load_address>
         <run_address>0x74b</run_address>
         <size>0xef</size>
         <input_file_ref idref="fl-4"/>
      </object_component>
      <object_component id="oc-36">
         <name>.debug_info</name>
         <load_address>0x83a</load_address>
         <run_address>0x83a</run_address>
         <size>0xf5</size>
         <input_file_ref idref="fl-4"/>
      </object_component>
      <object_component id="oc-3c">
         <name>.debug_info</name>
         <load_address>0x92f</load_address>
         <run_address>0x92f</run_address>
         <size>0x107</size>
         <input_file_ref idref="fl-4"/>
      </object_component>
      <object_component id="oc-42">
         <name>.debug_info</name>
         <load_address>0xa36</load_address>
         <run_address>0xa36</run_address>
         <size>0x14b</size>
         <input_file_ref idref="fl-3"/>
      </object_component>
      <object_component id="oc-48">
         <name>.debug_info</name>
         <load_address>0xb81</load_address>
         <run_address>0xb81</run_address>
         <size>0x124</size>
         <input_file_ref idref="fl-3"/>
      </object_component>
      <object_component id="oc-4e">
         <name>.debug_info</name>
         <load_address>0xca5</load_address>
         <run_address>0xca5</run_address>
         <size>0x232</size>
         <input_file_ref idref="fl-6"/>
      </object_component>
      <object_component id="oc-55">
         <name>.debug_info</name>
         <load_address>0xed7</load_address>
         <run_address>0xed7</run_address>
         <size>0x16d</size>
         <input_file_ref idref="fl-4"/>
      </object_component>
      <object_component id="oc-58">
         <name>.debug_info</name>
         <load_address>0x1044</load_address>
         <run_address>0x1044</run_address>
         <size>0x13d</size>
         <input_file_ref idref="fl-146"/>
      </object_component>
      <object_component id="oc-5c">
         <name>.debug_info</name>
         <load_address>0x1181</load_address>
         <run_address>0x1181</run_address>
         <size>0x11c</size>
         <input_file_ref idref="fl-145"/>
      </object_component>
      <object_component id="oc-65">
         <name>.debug_info</name>
         <load_address>0x129d</load_address>
         <run_address>0x129d</run_address>
         <size>0x1c2</size>
         <input_file_ref idref="fl-139"/>
      </object_component>
      <object_component id="oc-68">
         <name>.debug_info</name>
         <load_address>0x145f</load_address>
         <run_address>0x145f</run_address>
         <size>0xbe</size>
         <input_file_ref idref="fl-13d"/>
      </object_component>
      <object_component id="oc-6c">
         <name>.debug_info</name>
         <load_address>0x151d</load_address>
         <run_address>0x151d</run_address>
         <size>0xcc</size>
         <input_file_ref idref="fl-13b"/>
      </object_component>
      <object_component id="oc-71">
         <name>.debug_info</name>
         <load_address>0x15e9</load_address>
         <run_address>0x15e9</run_address>
         <size>0x46</size>
         <input_file_ref idref="fl-136"/>
      </object_component>
      <object_component id="oc-76">
         <name>.debug_info</name>
         <load_address>0x162f</load_address>
         <run_address>0x162f</run_address>
         <size>0xf2</size>
         <input_file_ref idref="fl-136"/>
      </object_component>
      <object_component id="oc-78">
         <name>.debug_info</name>
         <load_address>0x1721</load_address>
         <run_address>0x1721</run_address>
         <size>0x46</size>
         <input_file_ref idref="fl-138"/>
      </object_component>
      <object_component id="oc-7d">
         <name>.debug_info</name>
         <load_address>0x1767</load_address>
         <run_address>0x1767</run_address>
         <size>0xad</size>
         <input_file_ref idref="fl-138"/>
      </object_component>
      <object_component id="oc-81">
         <name>.debug_info</name>
         <load_address>0x1814</load_address>
         <run_address>0x1814</run_address>
         <size>0x1ef</size>
         <input_file_ref idref="fl-137"/>
      </object_component>
      <object_component id="oc-85">
         <name>.debug_info</name>
         <load_address>0x1a03</load_address>
         <run_address>0x1a03</run_address>
         <size>0xb7</size>
         <input_file_ref idref="fl-137"/>
      </object_component>
      <object_component id="oc-86">
         <name>.debug_info</name>
         <load_address>0x1aba</load_address>
         <run_address>0x1aba</run_address>
         <size>0x39</size>
         <input_file_ref idref="fl-137"/>
      </object_component>
      <object_component id="oc-90">
         <name>.debug_info</name>
         <load_address>0x1af3</load_address>
         <run_address>0x1af3</run_address>
         <size>0x207</size>
         <input_file_ref idref="fl-158"/>
      </object_component>
      <object_component id="oc-96">
         <name>.debug_info</name>
         <load_address>0x1cfa</load_address>
         <run_address>0x1cfa</run_address>
         <size>0x1c6</size>
         <input_file_ref idref="fl-2"/>
      </object_component>
      <object_component id="oc-9c">
         <name>.debug_info</name>
         <load_address>0x1ec0</load_address>
         <run_address>0x1ec0</run_address>
         <size>0xd0</size>
         <input_file_ref idref="fl-3"/>
      </object_component>
      <object_component id="oc-9f">
         <name>.debug_info</name>
         <load_address>0x1f90</load_address>
         <run_address>0x1f90</run_address>
         <size>0x16b</size>
         <input_file_ref idref="fl-3"/>
      </object_component>
      <object_component id="oc-a6">
         <name>.debug_info</name>
         <load_address>0x20fb</load_address>
         <run_address>0x20fb</run_address>
         <size>0x422</size>
         <input_file_ref idref="fl-15a"/>
      </object_component>
      <object_component id="oc-ac">
         <name>.debug_info</name>
         <load_address>0x251d</load_address>
         <run_address>0x251d</run_address>
         <size>0xca</size>
         <input_file_ref idref="fl-3"/>
      </object_component>
      <object_component id="oc-b0">
         <name>.debug_info</name>
         <load_address>0x25e7</load_address>
         <run_address>0x25e7</run_address>
         <size>0x201</size>
         <input_file_ref idref="fl-6"/>
      </object_component>
      <object_component id="oc-b6">
         <name>.debug_info</name>
         <load_address>0x27e8</load_address>
         <run_address>0x27e8</run_address>
         <size>0x229</size>
         <input_file_ref idref="fl-6"/>
      </object_component>
      <object_component id="oc-bd">
         <name>.debug_info</name>
         <load_address>0x2a11</load_address>
         <run_address>0x2a11</run_address>
         <size>0x84</size>
         <input_file_ref idref="fl-2"/>
      </object_component>
      <object_component id="oc-c4">
         <name>.debug_info</name>
         <load_address>0x2a95</load_address>
         <run_address>0x2a95</run_address>
         <size>0x18b</size>
         <input_file_ref idref="fl-2"/>
      </object_component>
      <object_component id="oc-ca">
         <name>.debug_info</name>
         <load_address>0x2c20</load_address>
         <run_address>0x2c20</run_address>
         <size>0x14b</size>
         <input_file_ref idref="fl-147"/>
      </object_component>
      <object_component id="oc-d1">
         <name>.debug_info</name>
         <load_address>0x2d6b</load_address>
         <run_address>0x2d6b</run_address>
         <size>0x40b</size>
         <input_file_ref idref="fl-3"/>
      </object_component>
      <object_component id="oc-d7">
         <name>.debug_info</name>
         <load_address>0x3176</load_address>
         <run_address>0x3176</run_address>
         <size>0x11b</size>
         <input_file_ref idref="fl-145"/>
      </object_component>
      <object_component id="oc-d9">
         <name>.debug_info</name>
         <load_address>0x3291</load_address>
         <run_address>0x3291</run_address>
         <size>0xc8</size>
         <input_file_ref idref="fl-144"/>
      </object_component>
      <object_component id="oc-dc">
         <name>.debug_info</name>
         <load_address>0x3359</load_address>
         <run_address>0x3359</run_address>
         <size>0xeb</size>
         <input_file_ref idref="fl-139"/>
      </object_component>
      <object_component id="oc-df">
         <name>.debug_info</name>
         <load_address>0x3444</load_address>
         <run_address>0x3444</run_address>
         <size>0x146</size>
         <input_file_ref idref="fl-139"/>
      </object_component>
      <object_component id="oc-e4">
         <name>.debug_info</name>
         <load_address>0x358a</load_address>
         <run_address>0x358a</run_address>
         <size>0x2c</size>
         <input_file_ref idref="fl-136"/>
      </object_component>
      <object_component id="oc-eb">
         <name>.debug_info</name>
         <load_address>0x35b6</load_address>
         <run_address>0x35b6</run_address>
         <size>0x2c</size>
         <input_file_ref idref="fl-138"/>
      </object_component>
      <object_component id="oc-f6">
         <name>.debug_info</name>
         <load_address>0x35e2</load_address>
         <run_address>0x35e2</run_address>
         <size>0x18b</size>
         <input_file_ref idref="fl-155"/>
      </object_component>
      <object_component id="oc-fb">
         <name>.debug_info</name>
         <load_address>0x376d</load_address>
         <run_address>0x376d</run_address>
         <size>0x1d1</size>
         <input_file_ref idref="fl-158"/>
      </object_component>
      <object_component id="oc-fe">
         <name>.debug_info</name>
         <load_address>0x393e</load_address>
         <run_address>0x393e</run_address>
         <size>0x3e8</size>
         <input_file_ref idref="fl-15a"/>
      </object_component>
      <object_component id="oc-103">
         <name>.debug_info</name>
         <load_address>0x3d26</load_address>
         <run_address>0x3d26</run_address>
         <size>0x1bb</size>
         <input_file_ref idref="fl-2"/>
      </object_component>
      <object_component id="oc-109">
         <name>.debug_info</name>
         <load_address>0x3ee1</load_address>
         <run_address>0x3ee1</run_address>
         <size>0x307</size>
         <input_file_ref idref="fl-2"/>
      </object_component>
      <object_component id="oc-10c">
         <name>.debug_info</name>
         <load_address>0x41e8</load_address>
         <run_address>0x41e8</run_address>
         <size>0x1f8</size>
         <input_file_ref idref="fl-2"/>
      </object_component>
      <object_component id="oc-112">
         <name>.debug_info</name>
         <load_address>0x43e0</load_address>
         <run_address>0x43e0</run_address>
         <size>0x612</size>
         <input_file_ref idref="fl-3"/>
      </object_component>
      <object_component id="oc-116">
         <name>.debug_info</name>
         <load_address>0x49f2</load_address>
         <run_address>0x49f2</run_address>
         <size>0x1b6</size>
         <input_file_ref idref="fl-15b"/>
      </object_component>
      <object_component id="oc-11c">
         <name>.debug_info</name>
         <load_address>0x4ba8</load_address>
         <run_address>0x4ba8</run_address>
         <size>0x1cd</size>
         <input_file_ref idref="fl-15b"/>
      </object_component>
      <object_component id="oc-122">
         <name>.debug_info</name>
         <load_address>0x4d75</load_address>
         <run_address>0x4d75</run_address>
         <size>0x1e2</size>
         <input_file_ref idref="fl-15b"/>
      </object_component>
      <object_component id="oc-129">
         <name>.debug_info</name>
         <load_address>0x4f57</load_address>
         <run_address>0x4f57</run_address>
         <size>0x273</size>
         <input_file_ref idref="fl-15a"/>
      </object_component>
      <object_component id="oc-12e">
         <name>.debug_info</name>
         <load_address>0x51ca</load_address>
         <run_address>0x51ca</run_address>
         <size>0x205</size>
         <input_file_ref idref="fl-15a"/>
      </object_component>
      <object_component id="oc-134">
         <name>.debug_info</name>
         <load_address>0x53cf</load_address>
         <run_address>0x53cf</run_address>
         <size>0x21e</size>
         <input_file_ref idref="fl-15a"/>
      </object_component>
      <object_component id="oc-13a">
         <name>.debug_info</name>
         <load_address>0x55ed</load_address>
         <run_address>0x55ed</run_address>
         <size>0x22b</size>
         <input_file_ref idref="fl-15a"/>
      </object_component>
      <object_component id="oc-140">
         <name>.debug_info</name>
         <load_address>0x5818</load_address>
         <run_address>0x5818</run_address>
         <size>0x229</size>
         <input_file_ref idref="fl-15a"/>
      </object_component>
      <object_component id="oc-146">
         <name>.debug_info</name>
         <load_address>0x5a41</load_address>
         <run_address>0x5a41</run_address>
         <size>0x223</size>
         <input_file_ref idref="fl-15a"/>
      </object_component>
      <object_component id="oc-14c">
         <name>.debug_info</name>
         <load_address>0x5c64</load_address>
         <run_address>0x5c64</run_address>
         <size>0x21f</size>
         <input_file_ref idref="fl-15a"/>
      </object_component>
      <object_component id="oc-152">
         <name>.debug_info</name>
         <load_address>0x5e83</load_address>
         <run_address>0x5e83</run_address>
         <size>0x24e</size>
         <input_file_ref idref="fl-15a"/>
      </object_component>
      <object_component id="oc-158">
         <name>.debug_info</name>
         <load_address>0x60d1</load_address>
         <run_address>0x60d1</run_address>
         <size>0x244</size>
         <input_file_ref idref="fl-15a"/>
      </object_component>
      <object_component id="oc-15e">
         <name>.debug_info</name>
         <load_address>0x6315</load_address>
         <run_address>0x6315</run_address>
         <size>0x22b</size>
         <input_file_ref idref="fl-15a"/>
      </object_component>
      <object_component id="oc-164">
         <name>.debug_info</name>
         <load_address>0x6540</load_address>
         <run_address>0x6540</run_address>
         <size>0x291</size>
         <input_file_ref idref="fl-15a"/>
      </object_component>
      <object_component id="oc-16a">
         <name>.debug_info</name>
         <load_address>0x67d1</load_address>
         <run_address>0x67d1</run_address>
         <size>0x41e</size>
         <input_file_ref idref="fl-15a"/>
      </object_component>
      <object_component id="oc-16b">
         <name>.debug_info</name>
         <load_address>0x6bef</load_address>
         <run_address>0x6bef</run_address>
         <size>0x18b</size>
         <input_file_ref idref="fl-15a"/>
      </object_component>
      <object_component id="oc-172">
         <name>.debug_info</name>
         <load_address>0x6d7a</load_address>
         <run_address>0x6d7a</run_address>
         <size>0x4e6</size>
         <input_file_ref idref="fl-2"/>
      </object_component>
      <object_component id="oc-17a">
         <name>.debug_info</name>
         <load_address>0x7260</load_address>
         <run_address>0x7260</run_address>
         <size>0x148</size>
         <input_file_ref idref="fl-147"/>
      </object_component>
      <object_component id="oc-17c">
         <name>.debug_info</name>
         <load_address>0x73a8</load_address>
         <run_address>0x73a8</run_address>
         <size>0x15a</size>
         <input_file_ref idref="fl-3"/>
      </object_component>
      <object_component id="oc-182">
         <name>.debug_info</name>
         <load_address>0x7502</load_address>
         <run_address>0x7502</run_address>
         <size>0x19e</size>
         <input_file_ref idref="fl-5"/>
      </object_component>
      <object_component id="oc-188">
         <name>.debug_info</name>
         <load_address>0x76a0</load_address>
         <run_address>0x76a0</run_address>
         <size>0x268</size>
         <input_file_ref idref="fl-6"/>
      </object_component>
      <object_component id="oc-18e">
         <name>.debug_info</name>
         <load_address>0x7908</load_address>
         <run_address>0x7908</run_address>
         <size>0x253</size>
         <input_file_ref idref="fl-6"/>
      </object_component>
      <object_component id="oc-194">
         <name>.debug_info</name>
         <load_address>0x7b5b</load_address>
         <run_address>0x7b5b</run_address>
         <size>0x22c</size>
         <input_file_ref idref="fl-6"/>
      </object_component>
      <object_component id="oc-19a">
         <name>.debug_info</name>
         <load_address>0x7d87</load_address>
         <run_address>0x7d87</run_address>
         <size>0x1e3</size>
         <input_file_ref idref="fl-158"/>
      </object_component>
      <object_component id="oc-1a0">
         <name>.debug_info</name>
         <load_address>0x7f6a</load_address>
         <run_address>0x7f6a</run_address>
         <size>0x2b4</size>
         <input_file_ref idref="fl-15a"/>
      </object_component>
      <object_component id="oc-1a6">
         <name>.debug_info</name>
         <load_address>0x821e</load_address>
         <run_address>0x821e</run_address>
         <size>0x20a</size>
         <input_file_ref idref="fl-2"/>
      </object_component>
      <object_component id="oc-1ac">
         <name>.debug_info</name>
         <load_address>0x8428</load_address>
         <run_address>0x8428</run_address>
         <size>0x279</size>
         <input_file_ref idref="fl-6"/>
      </object_component>
      <object_component id="oc-1b2">
         <name>.debug_info</name>
         <load_address>0x86a1</load_address>
         <run_address>0x86a1</run_address>
         <size>0x18c</size>
         <input_file_ref idref="fl-2"/>
      </object_component>
      <object_component id="oc-1b8">
         <name>.debug_info</name>
         <load_address>0x882d</load_address>
         <run_address>0x882d</run_address>
         <size>0x1a5</size>
         <input_file_ref idref="fl-2"/>
      </object_component>
      <object_component id="oc-1be">
         <name>.debug_info</name>
         <load_address>0x89d2</load_address>
         <run_address>0x89d2</run_address>
         <size>0x2b3</size>
         <input_file_ref idref="fl-13c"/>
      </object_component>
      <object_component id="oc-1c8">
         <name>.debug_info</name>
         <load_address>0x8c85</load_address>
         <run_address>0x8c85</run_address>
         <size>0x5e</size>
         <input_file_ref idref="fl-145"/>
      </object_component>
      <object_component id="oc-1d0">
         <name>.debug_info</name>
         <load_address>0x8ce3</load_address>
         <run_address>0x8ce3</run_address>
         <size>0x1d4</size>
         <input_file_ref idref="fl-144"/>
      </object_component>
      <object_component id="oc-1d5">
         <name>.debug_info</name>
         <load_address>0x8eb7</load_address>
         <run_address>0x8eb7</run_address>
         <size>0xd9</size>
         <input_file_ref idref="fl-144"/>
      </object_component>
      <object_component id="oc-1db">
         <name>.debug_info</name>
         <load_address>0x8f90</load_address>
         <run_address>0x8f90</run_address>
         <size>0x90</size>
         <input_file_ref idref="fl-155"/>
      </object_component>
      <object_component id="oc-1e3">
         <name>.debug_info</name>
         <load_address>0x9020</load_address>
         <run_address>0x9020</run_address>
         <size>0x205</size>
         <input_file_ref idref="fl-157"/>
      </object_component>
      <object_component id="oc-1ea">
         <name>.debug_info</name>
         <load_address>0x9225</load_address>
         <run_address>0x9225</run_address>
         <size>0x1ce</size>
         <input_file_ref idref="fl-157"/>
      </object_component>
      <object_component id="oc-1ef">
         <name>.debug_info</name>
         <load_address>0x93f3</load_address>
         <run_address>0x93f3</run_address>
         <size>0x1ce</size>
         <input_file_ref idref="fl-157"/>
      </object_component>
      <object_component id="oc-1f6">
         <name>.debug_info</name>
         <load_address>0x95c1</load_address>
         <run_address>0x95c1</run_address>
         <size>0x1cc</size>
         <input_file_ref idref="fl-157"/>
      </object_component>
      <object_component id="oc-201">
         <name>.debug_info</name>
         <load_address>0x978d</load_address>
         <run_address>0x978d</run_address>
         <size>0x1b7</size>
         <input_file_ref idref="fl-15b"/>
      </object_component>
      <object_component id="oc-206">
         <name>.debug_info</name>
         <load_address>0x9944</load_address>
         <run_address>0x9944</run_address>
         <size>0x1b8</size>
         <input_file_ref idref="fl-15b"/>
      </object_component>
      <object_component id="oc-210">
         <name>.debug_info</name>
         <load_address>0x9afc</load_address>
         <run_address>0x9afc</run_address>
         <size>0x232</size>
         <input_file_ref idref="fl-15b"/>
      </object_component>
      <object_component id="oc-218">
         <name>.debug_info</name>
         <load_address>0x9d2e</load_address>
         <run_address>0x9d2e</run_address>
         <size>0x1e2</size>
         <input_file_ref idref="fl-15b"/>
      </object_component>
      <object_component id="oc-223">
         <name>.debug_info</name>
         <load_address>0x9f10</load_address>
         <run_address>0x9f10</run_address>
         <size>0x90</size>
         <input_file_ref idref="fl-15a"/>
      </object_component>
      <object_component id="oc-228">
         <name>.debug_info</name>
         <load_address>0x9fa0</load_address>
         <run_address>0x9fa0</run_address>
         <size>0x4e6</size>
         <input_file_ref idref="fl-15a"/>
      </object_component>
      <object_component id="oc-22f">
         <name>.debug_info</name>
         <load_address>0xa486</load_address>
         <run_address>0xa486</run_address>
         <size>0xcd</size>
         <input_file_ref idref="fl-147"/>
      </object_component>
      <object_component id="oc-235">
         <name>.debug_info</name>
         <load_address>0xa553</load_address>
         <run_address>0xa553</run_address>
         <size>0x1f5</size>
         <input_file_ref idref="fl-155"/>
      </object_component>
      <object_component id="oc-23b">
         <name>.debug_info</name>
         <load_address>0xa748</load_address>
         <run_address>0xa748</run_address>
         <size>0x234</size>
         <input_file_ref idref="fl-5"/>
      </object_component>
      <object_component id="oc-242">
         <name>.debug_info</name>
         <load_address>0xa97c</load_address>
         <run_address>0xa97c</run_address>
         <size>0x303</size>
         <input_file_ref idref="fl-5"/>
      </object_component>
      <object_component id="oc-248">
         <name>.debug_info</name>
         <load_address>0xac7f</load_address>
         <run_address>0xac7f</run_address>
         <size>0x104</size>
         <input_file_ref idref="fl-5"/>
      </object_component>
      <object_component id="oc-249">
         <name>.debug_info</name>
         <load_address>0xad83</load_address>
         <run_address>0xad83</run_address>
         <size>0x4e</size>
         <input_file_ref idref="fl-2"/>
      </object_component>
      <object_component id="oc-24f">
         <name>.debug_info</name>
         <load_address>0xadd1</load_address>
         <run_address>0xadd1</run_address>
         <size>0x17c</size>
         <input_file_ref idref="fl-6"/>
      </object_component>
      <object_component id="oc-252">
         <name>.debug_info</name>
         <load_address>0xaf4d</load_address>
         <run_address>0xaf4d</run_address>
         <size>0x114</size>
         <input_file_ref idref="fl-6"/>
      </object_component>
      <object_component id="oc-259">
         <name>.debug_info</name>
         <load_address>0xb061</load_address>
         <run_address>0xb061</run_address>
         <size>0x215</size>
         <input_file_ref idref="fl-158"/>
      </object_component>
      <object_component id="oc-25f">
         <name>.debug_info</name>
         <load_address>0xb276</load_address>
         <run_address>0xb276</run_address>
         <size>0x265</size>
         <input_file_ref idref="fl-158"/>
      </object_component>
      <object_component id="oc-266">
         <name>.debug_info</name>
         <load_address>0xb4db</load_address>
         <run_address>0xb4db</run_address>
         <size>0x24c</size>
         <input_file_ref idref="fl-15b"/>
      </object_component>
      <object_component id="oc-26c">
         <name>.debug_info</name>
         <load_address>0xb727</load_address>
         <run_address>0xb727</run_address>
         <size>0x1fe</size>
         <input_file_ref idref="fl-15b"/>
      </object_component>
      <object_component id="oc-274">
         <name>.debug_info</name>
         <load_address>0xb925</load_address>
         <run_address>0xb925</run_address>
         <size>0x202</size>
         <input_file_ref idref="fl-156"/>
      </object_component>
      <object_component id="oc-27a">
         <name>.debug_info</name>
         <load_address>0xbb27</load_address>
         <run_address>0xbb27</run_address>
         <size>0xee</size>
         <input_file_ref idref="fl-13a"/>
      </object_component>
      <object_component id="oc-283">
         <name>.debug_info</name>
         <load_address>0xbc15</load_address>
         <run_address>0xbc15</run_address>
         <size>0x14a</size>
         <input_file_ref idref="fl-140"/>
      </object_component>
      <object_component id="oc-288">
         <name>.debug_info</name>
         <load_address>0xbd5f</load_address>
         <run_address>0xbd5f</run_address>
         <size>0x17b</size>
         <input_file_ref idref="fl-13f"/>
      </object_component>
      <object_component id="oc-28e">
         <name>.debug_info</name>
         <load_address>0xbeda</load_address>
         <run_address>0xbeda</run_address>
         <size>0x127</size>
         <input_file_ref idref="fl-141"/>
      </object_component>
      <object_component id="oc-294">
         <name>.debug_info</name>
         <load_address>0xc001</load_address>
         <run_address>0xc001</run_address>
         <size>0xf9</size>
         <input_file_ref idref="fl-14f"/>
      </object_component>
      <object_component id="oc-29a">
         <name>.debug_info</name>
         <load_address>0xc0fa</load_address>
         <run_address>0xc0fa</run_address>
         <size>0x220</size>
         <input_file_ref idref="fl-142"/>
      </object_component>
      <object_component id="oc-2a0">
         <name>.debug_info</name>
         <load_address>0xc31a</load_address>
         <run_address>0xc31a</run_address>
         <size>0x179</size>
         <input_file_ref idref="fl-143"/>
      </object_component>
      <object_component id="oc-2a3">
         <name>.debug_info</name>
         <load_address>0xc493</load_address>
         <run_address>0xc493</run_address>
         <size>0x1b6</size>
         <input_file_ref idref="fl-13c"/>
      </object_component>
      <object_component id="oc-2a8">
         <name>.debug_info</name>
         <load_address>0xc649</load_address>
         <run_address>0xc649</run_address>
         <size>0x1c2</size>
         <input_file_ref idref="fl-157"/>
      </object_component>
      <object_component id="oc-2ab">
         <name>.debug_info</name>
         <load_address>0xc80b</load_address>
         <run_address>0xc80b</run_address>
         <size>0x1ba</size>
         <input_file_ref idref="fl-157"/>
      </object_component>
      <object_component id="oc-2b5">
         <name>.debug_info</name>
         <load_address>0xc9c5</load_address>
         <run_address>0xc9c5</run_address>
         <size>0x1c8</size>
         <input_file_ref idref="fl-155"/>
      </object_component>
      <object_component id="oc-2b7">
         <name>.debug_info</name>
         <load_address>0xcb8d</load_address>
         <run_address>0xcb8d</run_address>
         <size>0x13c</size>
         <input_file_ref idref="fl-5"/>
      </object_component>
      <object_component id="oc-2ba">
         <name>.debug_info</name>
         <load_address>0xccc9</load_address>
         <run_address>0xccc9</run_address>
         <size>0xe6</size>
         <input_file_ref idref="fl-5"/>
      </object_component>
      <object_component id="oc-2bc">
         <name>.debug_info</name>
         <load_address>0xcdaf</load_address>
         <run_address>0xcdaf</run_address>
         <size>0x22f</size>
         <input_file_ref idref="fl-5"/>
      </object_component>
      <object_component id="oc-2c1">
         <name>.debug_info</name>
         <load_address>0xcfde</load_address>
         <run_address>0xcfde</run_address>
         <size>0x1d1</size>
         <input_file_ref idref="fl-5"/>
      </object_component>
      <object_component id="oc-2c7">
         <name>.debug_info</name>
         <load_address>0xd1af</load_address>
         <run_address>0xd1af</run_address>
         <size>0x137</size>
         <input_file_ref idref="fl-13e"/>
      </object_component>
      <object_component id="oc-2d5">
         <name>.debug_info</name>
         <load_address>0xd2e6</load_address>
         <run_address>0xd2e6</run_address>
         <size>0x1b2</size>
         <input_file_ref idref="fl-15b"/>
      </object_component>
      <object_component id="oc-2dd">
         <name>.debug_info</name>
         <load_address>0xd498</load_address>
         <run_address>0xd498</run_address>
         <size>0xff</size>
         <input_file_ref idref="fl-156"/>
      </object_component>
      <object_component id="oc-2e3">
         <name>.debug_info</name>
         <load_address>0xd597</load_address>
         <run_address>0xd597</run_address>
         <size>0x126</size>
         <input_file_ref idref="fl-152"/>
      </object_component>
      <object_component id="oc-2e8">
         <name>.debug_info</name>
         <load_address>0xd6bd</load_address>
         <run_address>0xd6bd</run_address>
         <size>0xd1</size>
         <input_file_ref idref="fl-140"/>
      </object_component>
      <object_component id="oc-2eb">
         <name>.debug_info</name>
         <load_address>0xd78e</load_address>
         <run_address>0xd78e</run_address>
         <size>0x110</size>
         <input_file_ref idref="fl-13f"/>
      </object_component>
      <object_component id="oc-2ee">
         <name>.debug_info</name>
         <load_address>0xd89e</load_address>
         <run_address>0xd89e</run_address>
         <size>0x143</size>
         <input_file_ref idref="fl-14d"/>
      </object_component>
      <object_component id="oc-2f4">
         <name>.debug_info</name>
         <load_address>0xd9e1</load_address>
         <run_address>0xd9e1</run_address>
         <size>0xaa</size>
         <input_file_ref idref="fl-148"/>
      </object_component>
      <object_component id="oc-2f9">
         <name>.debug_info</name>
         <load_address>0xda8b</load_address>
         <run_address>0xda8b</run_address>
         <size>0x1a9</size>
         <input_file_ref idref="fl-154"/>
      </object_component>
      <object_component id="oc-2fe">
         <name>.debug_info</name>
         <load_address>0xdc34</load_address>
         <run_address>0xdc34</run_address>
         <size>0xb7</size>
         <input_file_ref idref="fl-14f"/>
      </object_component>
      <object_component id="oc-301">
         <name>.debug_info</name>
         <load_address>0xdceb</load_address>
         <run_address>0xdceb</run_address>
         <size>0xdf</size>
         <input_file_ref idref="fl-14e"/>
      </object_component>
      <object_component id="oc-306">
         <name>.debug_info</name>
         <load_address>0xddca</load_address>
         <run_address>0xddca</run_address>
         <size>0xff</size>
         <input_file_ref idref="fl-149"/>
      </object_component>
      <object_component id="oc-30a">
         <name>.debug_info</name>
         <load_address>0xdec9</load_address>
         <run_address>0xdec9</run_address>
         <size>0xed</size>
         <input_file_ref idref="fl-14a"/>
      </object_component>
      <object_component id="oc-30f">
         <name>.debug_info</name>
         <load_address>0xdfb6</load_address>
         <run_address>0xdfb6</run_address>
         <size>0xed</size>
         <input_file_ref idref="fl-14b"/>
      </object_component>
      <object_component id="oc-314">
         <name>.debug_info</name>
         <load_address>0xe0a3</load_address>
         <run_address>0xe0a3</run_address>
         <size>0xe8</size>
         <input_file_ref idref="fl-14c"/>
      </object_component>
      <object_component id="oc-319">
         <name>.debug_info</name>
         <load_address>0xe18b</load_address>
         <run_address>0xe18b</run_address>
         <size>0x178</size>
         <input_file_ref idref="fl-153"/>
      </object_component>
      <object_component id="oc-31f">
         <name>.debug_info</name>
         <load_address>0xe303</load_address>
         <run_address>0xe303</run_address>
         <size>0x112</size>
         <input_file_ref idref="fl-142"/>
      </object_component>
      <object_component id="oc-322">
         <name>.debug_info</name>
         <load_address>0xe415</load_address>
         <run_address>0xe415</run_address>
         <size>0x14e</size>
         <input_file_ref idref="fl-142"/>
      </object_component>
      <object_component id="oc-326">
         <name>.debug_info</name>
         <load_address>0xe563</load_address>
         <run_address>0xe563</run_address>
         <size>0x86</size>
         <input_file_ref idref="fl-2"/>
      </object_component>
      <object_component id="oc-33f">
         <name>.debug_info</name>
         <load_address>0xe5e9</load_address>
         <run_address>0xe5e9</run_address>
         <size>0x1e2</size>
         <input_file_ref idref="fl-156"/>
      </object_component>
      <object_component id="oc-341">
         <name>.debug_info</name>
         <load_address>0xe7cb</load_address>
         <run_address>0xe7cb</run_address>
         <size>0x9b</size>
         <input_file_ref idref="fl-152"/>
      </object_component>
      <object_component id="oc-347">
         <name>.debug_info</name>
         <load_address>0xe866</load_address>
         <run_address>0xe866</run_address>
         <size>0x128</size>
         <input_file_ref idref="fl-150"/>
      </object_component>
      <object_component id="oc-34d">
         <name>.debug_info</name>
         <load_address>0xe98e</load_address>
         <run_address>0xe98e</run_address>
         <size>0xe2</size>
         <input_file_ref idref="fl-14d"/>
      </object_component>
      <object_component id="oc-353">
         <name>.debug_info</name>
         <load_address>0xea70</load_address>
         <run_address>0xea70</run_address>
         <size>0x1e0</size>
         <input_file_ref idref="fl-154"/>
      </object_component>
      <object_component id="oc-356">
         <name>.debug_info</name>
         <load_address>0xec50</load_address>
         <run_address>0xec50</run_address>
         <size>0x13d</size>
         <input_file_ref idref="fl-154"/>
      </object_component>
[...]
               <size>0x188</size>
               <logical_group_ref idref="lg-b"/>
            </allocated_space>
            <allocated_space>
               <start_address>0x20000588</start_address>
               <size>0x144</size>
               <logical_group_ref idref="lg-a"/>
            </allocated_space>
            <available_space>
               <start_address>0x200006cc</start_address>
               <size>0x7934</size>
            </available_space>
         </usage_details>
      </memory_area>
   </placement_map>
   <cptbl_list>
      <cptbl>
         <name>__TI_cinit_table</name>
         <cprec>
            <name>.data</name>
            <load_address>0x2c18</load_address>
            <load_size>0x3f</load_size>
            <run_address>0x20000588</run_address>
            <run_size>0x144</run_size>
            <compression>rle</compression>
         </cprec>
         <cprec>
            <name>.bss</name>
            <load_address>0x2c68</load_address>
            <load_size>0x8</load_size>
            <run_address>0x20000400</run_address>
            <run_size>0x188</run_size>
            <compression>zero_init</compression>
         </cprec>
      </cptbl>
   </cptbl_list>
   <handler_table>
      <handler_table_name>__TI_handler_table</handler_table_name>
      <handler>
         <index>0x0</index>
         <name>__TI_decompress_rle24</name>
      </handler>
      <handler>
         <index>0x1</index>
         <name>__TI_decompress_none</name>
      </handler>
      <handler>
         <index>0x2</index>
         <name>__TI_zero_init</name>
      </handler>
   </handler_table>
   <symbol_table>
      <symbol id="sm-1">
         <name>__STACK_TOP</name>
         <value>0x20000400</value>
      </symbol>
      <symbol id="sm-2">
         <name>__TI_CINIT_Base</name>
         <value>0x2c70</value>
      </symbol>
      <symbol id="sm-3">
         <name>__TI_CINIT_Limit</name>
         <value>0x2c80</value>
      </symbol>
      <symbol id="sm-4">
         <name>__TI_Handler_Table_Base</name>
         <value>0x2c58</value>
      </symbol>
      <symbol id="sm-5">
         <name>__TI_Handler_Table_Limit</name>
         <value>0x2c64</value>
      </symbol>
      <symbol id="sm-6">
         <name>binit</name>
         <value>0xffffffff</value>
      </symbol>
      <symbol id="sm-7">
         <name>__binit__</name>
         <value>0xffffffff</value>
      </symbol>
      <symbol id="sm-8">
         <name>__STACK_SIZE</name>
         <value>0x400</value>
      </symbol>
      <symbol id="sm-9">
         <name>__STACK_END</name>
         <value>0x20000400</value>
      </symbol>
      <symbol id="sm-a">
         <name>__c_args__</name>
         <value>0xffffffff</value>
      </symbol>
      <symbol id="sm-9c">
         <name>AD7294DataRead</name>
         <value>0x2269</value>
         <object_component_ref idref="oc-95"/>
      </symbol>
      <symbol id="sm-9d">
         <name>AD7294DataTemperatureGetFloat</name>
         <value>0x1d61</value>
         <object_component_ref idref="oc-1b1"/>
      </symbol>
      <symbol id="sm-9e">
         <name>AD7294Init</name>
         <value>0x22c1</value>
         <object_component_ref idref="oc-1a5"/>
      </symbol>
      <symbol id="sm-9f">
         <name>AD7294DataPressureGetFloat</name>
         <value>0x911</value>
         <object_component_ref idref="oc-1b7"/>
      </symbol>
      <symbol id="sm-100">
         <name>g_pui32Colors</name>
         <value>0x20000568</value>
      </symbol>
      <symbol id="sm-101">
         <name>g_vui8DataFlag</name>
         <value>0x20000580</value>
      </symbol>
      <symbol id="sm-102">
         <name>SysTickIntHandler</name>
         <value>0x2859</value>
         <object_component_ref idref="oc-41"/>
      </symbol>
      <symbol id="sm-103">
         <name>AD7294AppCallback</name>
         <value>0x2a09</value>
         <object_component_ref idref="oc-9e"/>
      </symbol>
      <symbol id="sm-104">
         <name>g_sI2CInst</name>
         <value>0x20000400</value>
         <object_component_ref idref="oc-ab"/>
      </symbol>
      <symbol id="sm-105">
         <name>main</name>
         <value>0x65d</value>
         <object_component_ref idref="oc-d0"/>
      </symbol>
      <symbol id="sm-106">
         <name>ConfigureUART</name>
         <value>0x1fc5</value>
         <object_component_ref idref="oc-17b"/>
      </symbol>
      <symbol id="sm-107">
         <name>g_sAD7294Inst</name>
         <value>0x20000524</value>
         <object_component_ref idref="oc-9b"/>
      </symbol>
      <symbol id="sm-108">
         <name>AD7294I2CIntHandler</name>
         <value>0x2a29</value>
         <object_component_ref idref="oc-47"/>
      </symbol>
      <symbol id="sm-139">
         <name>ResetISR</name>
         <value>0x2a69</value>
         <object_component_ref idref="oc-29"/>
      </symbol>
      <symbol id="sm-13a">
         <name>g_pfnVectors</name>
         <value>0x0</value>
         <object_component_ref idref="oc-e"/>
      </symbol>
      <symbol id="sm-1a8">
         <name>UARTStdioConfig</name>
         <value>0x214d</value>
         <object_component_ref idref="oc-23a"/>
      </symbol>
      <symbol id="sm-1a9">
         <name>UARTwrite</name>
         <value>0x24e1</value>
         <object_component_ref idref="oc-2c0"/>
      </symbol>
      <symbol id="sm-1aa">
         <name>UARTprintf</name>
         <value>0x295b</value>
         <object_component_ref idref="oc-181"/>
      </symbol>
      <symbol id="sm-1ab">
         <name>UARTvprintf</name>
         <value>0xafd</value>
         <object_component_ref idref="oc-241"/>
      </symbol>
      <symbol id="sm-21a">
         <name>RGBDisable</name>
         <value>0x1f5d</value>
         <object_component_ref idref="oc-af"/>
      </symbol>
      <symbol id="sm-21b">
         <name>RGBBlinkRateSet</name>
         <value>0x1ee5</value>
         <object_component_ref idref="oc-1ab"/>
      </symbol>
      <symbol id="sm-21c">
         <name>RGBIntensitySet</name>
         <value>0x29bd</value>
         <object_component_ref idref="oc-193"/>
      </symbol>
      <symbol id="sm-21d">
         <name>RGBBlinkIntHandler</name>
         <value>0x2781</value>
         <object_component_ref idref="oc-4d"/>
      </symbol>
      <symbol id="sm-21e">
         <name>RGBEnable</name>
         <value>0x178d</value>
         <object_component_ref idref="oc-b5"/>
      </symbol>
      <symbol id="sm-21f">
         <name>RGBInit</name>
         <value>0x14a5</value>
         <object_component_ref idref="oc-187"/>
      </symbol>
      <symbol id="sm-220">
         <name>RGBColorSet</name>
         <value>0x1c41</value>
         <object_component_ref idref="oc-18d"/>
      </symbol>
      <symbol id="sm-230">
         <name>_c_int00</name>
         <value>0x2529</value>
         <object_component_ref idref="oc-11"/>
      </symbol>
      <symbol id="sm-231">
         <name>__stack</name>
         <value>0x20000000</value>
         <object_component_ref idref="oc-28"/>
      </symbol>
      <symbol id="sm-248">
         <name>__TI_decompress_none</name>
         <value>0x2a19</value>
         <object_component_ref idref="oc-16"/>
      </symbol>
      <symbol id="sm-26c">
         <name>__TI_decompress_rle24</name>
         <value>0x2a75</value>
         <object_component_ref idref="oc-22"/>
      </symbol>
      <symbol id="sm-285">
         <name>__TI_zero_init</name>
         <value>0x29f7</value>
         <object_component_ref idref="oc-1c"/>
      </symbol>
      <symbol id="sm-2a4">
         <name>C$$EXIT</name>
         <value>0x25fd</value>
         <object_component_ref idref="oc-61"/>
      </symbol>
      <symbol id="sm-2a5">
         <name>abort</name>
         <value>0x2601</value>
         <object_component_ref idref="oc-61"/>
      </symbol>
      <symbol id="sm-2a6">
         <name>exit</name>
         <value>0x2609</value>
         <object_component_ref idref="oc-61"/>
      </symbol>
      <symbol id="sm-2a7">
         <name>__TI_dtors_ptr</name>
         <value>0x200006ac</value>
         <object_component_ref idref="oc-db"/>
      </symbol>
      <symbol id="sm-2a8">
         <name>__TI_cleanup_ptr</name>
         <value>0x200006a8</value>
         <object_component_ref idref="oc-db"/>
      </symbol>
      <symbol id="sm-2b2">
         <name>__aeabi_f2ulz</name>
         <value>0x2369</value>
         <object_component_ref idref="oc-279"/>
      </symbol>
      <symbol id="sm-2cd">
         <name>memcpy</name>
         <value>0x1a79</value>
         <object_component_ref idref="oc-6b"/>
      </symbol>
      <symbol id="sm-2ce">
         <name>__aeabi_memcpy</name>
         <value>0x1a79</value>
         <object_component_ref idref="oc-6b"/>
      </symbol>
      <symbol id="sm-2cf">
         <name>__aeabi_memcpy8</name>
         <value>0x1a79</value>
         <object_component_ref idref="oc-6b"/>
      </symbol>
      <symbol id="sm-2d0">
         <name>__aeabi_memcpy4</name>
         <value>0x1a79</value>
         <object_component_ref idref="oc-6b"/>
      </symbol>
      <symbol id="sm-310">
         <name>powf</name>
         <value>0x26d</value>
         <object_component_ref idref="oc-1bd"/>
      </symbol>
      <symbol id="sm-318">
         <name>main_func_sp</name>
         <value>0x200006c8</value>
         <object_component_ref idref="oc-67"/>
      </symbol>
      <symbol id="sm-328">
         <name>__aeabi_uidivmod</name>
         <value>0x2641</value>
         <object_component_ref idref="oc-2c6"/>
      </symbol>
      <symbol id="sm-329">
         <name>__aeabi_uidiv</name>
         <value>0x2641</value>
         <object_component_ref idref="oc-2c6"/>
      </symbol>
      <symbol id="sm-344">
         <name>_FDint</name>
         <value>0x1cd1</value>
         <object_component_ref idref="oc-287"/>
      </symbol>
      <symbol id="sm-358">
         <name>_FDunscale</name>
         <value>0x2315</value>
         <object_component_ref idref="oc-281"/>
      </symbol>
      <symbol id="sm-367">
         <name>_Feraise</name>
         <value>0x2889</value>
         <object_component_ref idref="oc-28d"/>
      </symbol>
      <symbol id="sm-396">
         <name>_FExp</name>
         <value>0x1071</value>
         <object_component_ref idref="oc-299"/>
      </symbol>
      <symbol id="sm-3a5">
         <name>_FZero</name>
         <value>0x2000069c</value>
         <object_component_ref idref="oc-29f"/>
      </symbol>
      <symbol id="sm-3a6">
         <name>_FRteps</name>
         <value>0x20000688</value>
         <object_component_ref idref="oc-29f"/>
      </symbol>
      <symbol id="sm-3a7">
         <name>_FSnan</name>
         <value>0x20000678</value>
         <object_component_ref idref="oc-29f"/>
      </symbol>
      <symbol id="sm-3a8">
         <name>_FNan</name>
         <value>0x20000668</value>
         <object_component_ref idref="oc-29f"/>
      </symbol>
      <symbol id="sm-3a9">
         <name>_FInf</name>
         <value>0x20000658</value>
         <object_component_ref idref="oc-29f"/>
      </symbol>
      <symbol id="sm-3aa">
         <name>_FEps</name>
         <value>0x20000648</value>
         <object_component_ref idref="oc-29f"/>
      </symbol>
      <symbol id="sm-3ab">
         <name>_FXbig</name>
         <value>0x20000698</value>
         <object_component_ref idref="oc-29f"/>
      </symbol>
      <symbol id="sm-3ac">
         <name>_FDenorm</name>
         <value>0x20000638</value>
         <object_component_ref idref="oc-29f"/>
      </symbol>
      <symbol id="sm-3c5">
         <name>_nop</name>
         <value>0x29df</value>
         <object_component_ref idref="oc-1cd"/>
      </symbol>
      <symbol id="sm-3c6">
         <name>_lock</name>
         <value>0x200006a0</value>
         <object_component_ref idref="oc-d8"/>
      </symbol>
      <symbol id="sm-3c7">
         <name>_unlock</name>
         <value>0x200006a4</value>
         <object_component_ref idref="oc-d8"/>
      </symbol>
      <symbol id="sm-3c8">
         <name>_register_lock</name>
         <value>0x29d7</value>
         <object_component_ref idref="oc-1cd"/>
      </symbol>
      <symbol id="sm-3c9">
         <name>_register_unlock</name>
         <value>0x29d1</value>
         <object_component_ref idref="oc-1cd"/>
      </symbol>
      <symbol id="sm-3dd">
         <name>_args_main</name>
         <value>0x298d</value>
         <object_component_ref idref="oc-5b"/>
      </symbol>
      <symbol id="sm-3fa">
         <name>__TI_auto_init</name>
         <value>0x1bad</value>
         <object_component_ref idref="oc-56"/>
      </symbol>
      <symbol id="sm-413">
         <name>copy_in</name>
         <value>0x25b9</value>
         <object_component_ref idref="oc-c9"/>
      </symbol>
      <symbol id="sm-41b">
         <name>_Errno</name>
         <value>0x200006c4</value>
         <object_component_ref idref="oc-2f3"/>
      </symbol>
      <symbol id="sm-432">
         <name>__aeabi_dsub</name>
         <value>0xeb9</value>
         <object_component_ref idref="oc-304"/>
      </symbol>
      <symbol id="sm-433">
         <name>__aeabi_dadd</name>
         <value>0xec3</value>
         <object_component_ref idref="oc-304"/>
      </symbol>
      <symbol id="sm-447">
         <name>__aeabi_ddiv</name>
         <value>0x136d</value>
         <object_component_ref idref="oc-309"/>
      </symbol>
      <symbol id="sm-452">
         <name>__aeabi_dmul</name>
         <value>0x15a5</value>
         <object_component_ref idref="oc-30e"/>
      </symbol>
      <symbol id="sm-45c">
         <name>__aeabi_d2f</name>
         <value>0x2407</value>
         <object_component_ref idref="oc-313"/>
      </symbol>
      <symbol id="sm-47a">
         <name>feraiseexcept</name>
         <value>0x2825</value>
         <object_component_ref idref="oc-2ed"/>
      </symbol>
      <symbol id="sm-47b">
         <name>_Tls_setup__Fenv</name>
         <value>0x200006b4</value>
         <object_component_ref idref="oc-34c"/>
      </symbol>
      <symbol id="sm-47c">
         <name>_Fenv</name>
         <value>0x200006b0</value>
         <object_component_ref idref="oc-34c"/>
      </symbol>
      <symbol id="sm-487">
         <name>__aeabi_f2d</name>
         <value>0x27b9</value>
         <object_component_ref idref="oc-2ff"/>
      </symbol>
      <symbol id="sm-494">
         <name>logf</name>
         <value>0x2a7b</value>
         <object_component_ref idref="oc-293"/>
      </symbol>
      <symbol id="sm-4a8">
         <name>raise</name>
         <value>0x28b9</value>
         <object_component_ref idref="oc-346"/>
      </symbol>
      <symbol id="sm-4c2">
         <name>signal</name>
         <value>0x26c5</value>
         <object_component_ref idref="oc-368"/>
      </symbol>
      <symbol id="sm-4d6">
         <name>_FDnorm</name>
         <value>0x1e69</value>
         <object_component_ref idref="oc-2e1"/>
      </symbol>
      <symbol id="sm-4f0">
         <name>_FDscale</name>
         <value>0x184d</value>
         <object_component_ref idref="oc-318"/>
      </symbol>
      <symbol id="sm-532">
         <name>_FLog</name>
         <value>0x11f5</value>
         <object_component_ref idref="oc-2f7"/>
      </symbol>
      <symbol id="sm-549">
         <name>UARTClockSourceSet</name>
         <value>0x2a6f</value>
         <object_component_ref idref="oc-234"/>
      </symbol>
      <symbol id="sm-56a">
         <name>SysCtlClockGet</name>
         <value>0x19c5</value>
         <object_component_ref idref="oc-273"/>
      </symbol>
      <symbol id="sm-5bd">
         <name>IntIsEnabled</name>
         <value>0x2029</value>
         <object_component_ref idref="oc-1e2"/>
      </symbol>
      <symbol id="sm-5be">
         <name>IntEnable</name>
         <value>0x20ed</value>
         <object_component_ref idref="oc-1f4"/>
      </symbol>
      <symbol id="sm-5bf">
         <name>IntTrigger</name>
         <value>0x2a35</value>
         <object_component_ref idref="oc-1ee"/>
      </symbol>
      <symbol id="sm-5c0">
         <name>IntDisable</name>
         <value>0x208d</value>
         <object_component_ref idref="oc-1e8"/>
      </symbol>
      <symbol id="sm-5e5">
         <name>GPIOPinTypeI2CSCL</name>
         <value>0x29e5</value>
         <object_component_ref idref="oc-199"/>
      </symbol>
      <symbol id="sm-5e6">
         <name>GPIODirModeSet</name>
         <value>0x28e7</value>
         <object_component_ref idref="oc-258"/>
      </symbol>
      <symbol id="sm-5e7">
         <name>GPIOPinWrite</name>
         <value>0x2a63</value>
         <object_component_ref idref="oc-8f"/>
      </symbol>
      <symbol id="sm-5e8">
         <name>GPIOPadConfigSet</name>
         <value>0x190d</value>
         <object_component_ref idref="oc-25e"/>
      </symbol>
      <symbol id="sm-6b5">
         <name>I2CMCommand</name>
         <value>0x1de5</value>
         <object_component_ref idref="oc-fc"/>
      </symbol>
      <symbol id="sm-6b6">
         <name>I2CMInit</name>
         <value>0x27f1</value>
         <object_component_ref idref="oc-19f"/>
      </symbol>
      <symbol id="sm-6b7">
         <name>I2CMIntHandler</name>
         <value>0x16a1</value>
         <object_component_ref idref="oc-a5"/>
      </symbol>
      <symbol id="sm-70a">
         <name>I2CMasterDataPut</name>
         <value>0x2a89</value>
         <object_component_ref idref="oc-217"/>
      </symbol>
      <symbol id="sm-70b">
         <name>I2CMasterInitExpClk</name>
         <value>0x2499</value>
         <object_component_ref idref="oc-265"/>
      </symbol>
      <symbol id="sm-70c">
         <name>I2CMasterSlaveAddrSet</name>
         <value>0x2a5b</value>
         <object_component_ref idref="oc-20f"/>
      </symbol>
      <symbol id="sm-70d">
         <name>I2CMasterDataGet</name>
         <value>0x2a85</value>
         <object_component_ref idref="oc-205"/>
      </symbol>
      <symbol id="sm-70e">
         <name>I2CMasterIntEnableEx</name>
         <value>0x2a53</value>
         <object_component_ref idref="oc-26b"/>
      </symbol>
      <symbol id="sm-70f">
         <name>I2CMasterErr</name>
         <value>0x29a5</value>
         <object_component_ref idref="oc-11b"/>
      </symbol>
      <symbol id="sm-710">
         <name>I2CMasterControl</name>
         <value>0x2a81</value>
         <object_component_ref idref="oc-121"/>
      </symbol>
      <symbol id="sm-711">
         <name>I2CMasterEnable</name>
         <value>0x2a41</value>
         <object_component_ref idref="oc-2d4"/>
      </symbol>
      <symbol id="sm-712">
         <name>I2CMasterIntClear</name>
         <value>0x2a4b</value>
         <object_component_ref idref="oc-115"/>
      </symbol>
      <symbol id="sm-713">
         <name>__TI_static_base__</name>
         <value>0x0</value>
      </symbol>
      <symbol id="sm-714">
         <name>__TI_args_main</name>
         <value>0x1</value>
      </symbol>
      <symbol id="sm-715">
         <name>SHT$$INIT_ARRAY$$Limit</name>
         <value>0x0</value>
      </symbol>
      <symbol id="sm-716">
         <name>SHT$$INIT_ARRAY$$Base</name>
         <value>0x0</value>
      </symbol>
   </symbol_table>
   <title>Link successful</title>
</link_info>
